[0.127s] Invoking command in '/home/strain-drone/Documents/drone_position_hold/ros2_ws/src/build/mocap4r2_marker_viz': AMENT_PREFIX_PATH=/home/strain-drone/Documents/drone_position_hold/ros2_ws/src/install/mocap4r2_msgs:/home/strain-drone/Documents/drone_position_hold/ros2_ws/src/install/mocap4r2_marker_viz_srvs:${AMENT_PREFIX_PATH} CMAKE_PREFIX_PATH=/home/strain-drone/Documents/drone_position_hold/ros2_ws/src/install/mocap4r2_msgs:/home/strain-drone/Documents/drone_position_hold/ros2_ws/src/install/mocap4r2_marker_viz_srvs:/opt/ros/jazzy/opt/gz_math_vendor:/opt/ros/jazzy/opt/gz_utils_vendor:/opt/ros/jazzy/opt/gz_cmake_vendor:/opt/ros/jazzy DEBUGINFOD_URLS=https://debuginfod.ubuntu.com LD_LIBRARY_PATH=/home/strain-drone/Documents/drone_position_hold/ros2_ws/src/install/mocap4r2_msgs/lib:/home/strain-drone/Documents/drone_position_hold/ros2_ws/src/install/mocap4r2_marker_viz_srvs/lib:${LD_LIBRARY_PATH} PYTHONPATH=/home/strain-drone/Documents/drone_position_hold/ros2_ws/src/install/mocap4r2_msgs/lib/python3.12/site-packages:/home/strain-drone/Documents/drone_position_hold/ros2_ws/src/install/mocap4r2_marker_viz_srvs/lib/python3.12/site-packages:${PYTHONPATH} VIRTUAL_ENV_PROMPT=(venv-ardupilot) /usr/bin/cmake /home/strain-drone/Documents/drone_position_hold/ros2_ws/src/mocap4r2/mocap4r2_marker_viz/mocap4r2_marker_viz -DCMAKE_INSTALL_PREFIX=/home/strain-drone/Documents/drone_position_hold/ros2_ws/src/install/mocap4r2_marker_viz
[0.685s] -- The C compiler identification is GNU 13.3.0
[1.125s] -- The CXX compiler identification is GNU 13.3.0
[1.255s] -- Detecting C compiler ABI info
[1.488s] -- Detecting C compiler ABI info - done
[1.515s] -- Check for working C compiler: /usr/lib/ccache/cc - skipped
[1.517s] -- Detecting C compile features
[1.519s] -- Detecting C compile features - done
[1.550s] -- Detecting CXX compiler ABI info
[1.804s] -- Detecting CXX compiler ABI info - done
[1.823s] -- Check for working CXX compiler: /usr/lib/ccache/c++ - skipped
[1.824s] -- Detecting CXX compile features
[1.828s] -- Detecting CXX compile features - done
[1.835s] -- Found ament_cmake: 2.5.4 (/opt/ros/jazzy/share/ament_cmake/cmake)
[2.227s] -- Found Python3: /home/strain-drone/venv-ardupilot/bin/python3 (found version "3.12.3") found components: Interpreter 
[2.517s] -- Found rclcpp: 28.1.9 (/opt/ros/jazzy/share/rclcpp/cmake)
[2.625s] -- Found rosidl_generator_c: 4.6.5 (/opt/ros/jazzy/share/rosidl_generator_c/cmake)
[2.651s] -- Found rosidl_generator_cpp: 4.6.5 (/opt/ros/jazzy/share/rosidl_generator_cpp/cmake)
[2.683s] -- Using all available rosidl_typesupport_c: rosidl_typesupport_fastrtps_c;rosidl_typesupport_introspection_c
[2.721s] -- Using all available rosidl_typesupport_cpp: rosidl_typesupport_fastrtps_cpp;rosidl_typesupport_introspection_cpp
[2.903s] -- Found rmw_implementation_cmake: 7.3.2 (/opt/ros/jazzy/share/rmw_implementation_cmake/cmake)
[2.913s] -- Found rmw_fastrtps_cpp: 8.4.2 (/opt/ros/jazzy/share/rmw_fastrtps_cpp/cmake)
[3.198s] -- Found OpenSSL: /usr/lib/aarch64-linux-gnu/libcrypto.so (found version "3.0.13")  
[3.257s] -- Found FastRTPS: /opt/ros/jazzy/include (Required is at least version "2.13") 
[3.335s] -- Using RMW implementation 'rmw_fastrtps_cpp' as default
[3.511s] -- Found mocap4r2_marker_viz_srvs: 0.0.7 (/home/strain-drone/Documents/drone_position_hold/ros2_ws/src/install/mocap4r2_marker_viz_srvs/share/mocap4r2_marker_viz_srvs/cmake)
[3.587s] -- Found mocap4r2_msgs: 0.0.3 (/home/strain-drone/Documents/drone_position_hold/ros2_ws/src/install/mocap4r2_msgs/share/mocap4r2_msgs/cmake)
[3.660s] -- Found visualization_msgs: 5.3.6 (/opt/ros/jazzy/share/visualization_msgs/cmake)
[3.768s] -- Found ament_lint_auto: 0.17.2 (/opt/ros/jazzy/share/ament_lint_auto/cmake)
[4.067s] -- Added test 'cppcheck' to perform static code analysis on C / C++ code
[4.067s] -- Configured cppcheck include dirs: $<BUILD_INTERFACE:/home/strain-drone/Documents/drone_position_hold/ros2_ws/src/mocap4r2/mocap4r2_marker_viz/mocap4r2_marker_viz/include>
[4.067s] -- Configured cppcheck exclude dirs and/or files: 
[4.070s] -- Added test 'cpplint' to check C / C++ code against the Google style
[4.070s] -- Configured cpplint exclude dirs and/or files: 
[4.071s] -- Added test 'flake8' to check Python code syntax and style conventions
[4.071s] -- Configured 'flake8' exclude dirs and/or files: 
[4.072s] -- Added test 'lint_cmake' to check CMake code style
[4.073s] -- Added test 'pep257' to check Python code against some of the docstring style conventions in PEP 257
[4.076s] -- Added test 'uncrustify' to check C / C++ code style
[4.076s] -- Configured uncrustify additional arguments: 
[4.078s] -- Added test 'xmllint' to check XML markup files
[4.081s] -- Configuring done (3.9s)
[4.146s] -- Generating done (0.0s)
[4.167s] -- Build files have been written to: /home/strain-drone/Documents/drone_position_hold/ros2_ws/src/build/mocap4r2_marker_viz
[4.319s] Invoked command in '/home/strain-drone/Documents/drone_position_hold/ros2_ws/src/build/mocap4r2_marker_viz' returned '0': AMENT_PREFIX_PATH=/home/strain-drone/Documents/drone_position_hold/ros2_ws/src/install/mocap4r2_msgs:/home/strain-drone/Documents/drone_position_hold/ros2_ws/src/install/mocap4r2_marker_viz_srvs:${AMENT_PREFIX_PATH} CMAKE_PREFIX_PATH=/home/strain-drone/Documents/drone_position_hold/ros2_ws/src/install/mocap4r2_msgs:/home/strain-drone/Documents/drone_position_hold/ros2_ws/src/install/mocap4r2_marker_viz_srvs:/opt/ros/jazzy/opt/gz_math_vendor:/opt/ros/jazzy/opt/gz_utils_vendor:/opt/ros/jazzy/opt/gz_cmake_vendor:/opt/ros/jazzy DEBUGINFOD_URLS=https://debuginfod.ubuntu.com LD_LIBRARY_PATH=/home/strain-drone/Documents/drone_position_hold/ros2_ws/src/install/mocap4r2_msgs/lib:/home/strain-drone/Documents/drone_position_hold/ros2_ws/src/install/mocap4r2_marker_viz_srvs/lib:${LD_LIBRARY_PATH} PYTHONPATH=/home/strain-drone/Documents/drone_position_hold/ros2_ws/src/install/mocap4r2_msgs/lib/python3.12/site-packages:/home/strain-drone/Documents/drone_position_hold/ros2_ws/src/install/mocap4r2_marker_viz_srvs/lib/python3.12/site-packages:${PYTHONPATH} VIRTUAL_ENV_PROMPT=(venv-ardupilot) /usr/bin/cmake /home/strain-drone/Documents/drone_position_hold/ros2_ws/src/mocap4r2/mocap4r2_marker_viz/mocap4r2_marker_viz -DCMAKE_INSTALL_PREFIX=/home/strain-drone/Documents/drone_position_hold/ros2_ws/src/install/mocap4r2_marker_viz
[4.322s] Invoking command in '/home/strain-drone/Documents/drone_position_hold/ros2_ws/src/build/mocap4r2_marker_viz': AMENT_PREFIX_PATH=/home/strain-drone/Documents/drone_position_hold/ros2_ws/src/install/mocap4r2_msgs:/home/strain-drone/Documents/drone_position_hold/ros2_ws/src/install/mocap4r2_marker_viz_srvs:${AMENT_PREFIX_PATH} CMAKE_PREFIX_PATH=/home/strain-drone/Documents/drone_position_hold/ros2_ws/src/install/mocap4r2_msgs:/home/strain-drone/Documents/drone_position_hold/ros2_ws/src/install/mocap4r2_marker_viz_srvs:/opt/ros/jazzy/opt/gz_math_vendor:/opt/ros/jazzy/opt/gz_utils_vendor:/opt/ros/jazzy/opt/gz_cmake_vendor:/opt/ros/jazzy DEBUGINFOD_URLS=https://debuginfod.ubuntu.com LD_LIBRARY_PATH=/home/strain-drone/Documents/drone_position_hold/ros2_ws/src/install/mocap4r2_msgs/lib:/home/strain-drone/Documents/drone_position_hold/ros2_ws/src/install/mocap4r2_marker_viz_srvs/lib:${LD_LIBRARY_PATH} PYTHONPATH=/home/strain-drone/Documents/drone_position_hold/ros2_ws/src/install/mocap4r2_msgs/lib/python3.12/site-packages:/home/strain-drone/Documents/drone_position_hold/ros2_ws/src/install/mocap4r2_marker_viz_srvs/lib/python3.12/site-packages:${PYTHONPATH} VIRTUAL_ENV_PROMPT=(venv-ardupilot) /usr/bin/cmake --build /home/strain-drone/Documents/drone_position_hold/ros2_ws/src/build/mocap4r2_marker_viz -- -j4 -l4
[4.469s] [ 25%] [32mBuilding CXX object CMakeFiles/mocap4r2_marker_viz_NODE.dir/src/mocap4r2_marker_viz_node.cpp.o[0m
[4.560s] [ 50%] [32m[1mLinking CXX static library libmocap4r2_marker_viz_NODE.a[0m
[5.853s] [ 50%] Built target mocap4r2_marker_viz_NODE
[6.067s] [ 75%] [32mBuilding CXX object CMakeFiles/mocap4r2_marker_viz.dir/src/mocap4r2_marker_viz_main.cpp.o[0m
[6.227s] [100%] [32m[1mLinking CXX executable mocap4r2_marker_viz[0m
[9.072s] [100%] Built target mocap4r2_marker_viz
[9.145s] Invoked command in '/home/strain-drone/Documents/drone_position_hold/ros2_ws/src/build/mocap4r2_marker_viz' returned '0': AMENT_PREFIX_PATH=/home/strain-drone/Documents/drone_position_hold/ros2_ws/src/install/mocap4r2_msgs:/home/strain-drone/Documents/drone_position_hold/ros2_ws/src/install/mocap4r2_marker_viz_srvs:${AMENT_PREFIX_PATH} CMAKE_PREFIX_PATH=/home/strain-drone/Documents/drone_position_hold/ros2_ws/src/install/mocap4r2_msgs:/home/strain-drone/Documents/drone_position_hold/ros2_ws/src/install/mocap4r2_marker_viz_srvs:/opt/ros/jazzy/opt/gz_math_vendor:/opt/ros/jazzy/opt/gz_utils_vendor:/opt/ros/jazzy/opt/gz_cmake_vendor:/opt/ros/jazzy DEBUGINFOD_URLS=https://debuginfod.ubuntu.com LD_LIBRARY_PATH=/home/strain-drone/Documents/drone_position_hold/ros2_ws/src/install/mocap4r2_msgs/lib:/home/strain-drone/Documents/drone_position_hold/ros2_ws/src/install/mocap4r2_marker_viz_srvs/lib:${LD_LIBRARY_PATH} PYTHONPATH=/home/strain-drone/Documents/drone_position_hold/ros2_ws/src/install/mocap4r2_msgs/lib/python3.12/site-packages:/home/strain-drone/Documents/drone_position_hold/ros2_ws/src/install/mocap4r2_marker_viz_srvs/lib/python3.12/site-packages:${PYTHONPATH} VIRTUAL_ENV_PROMPT=(venv-ardupilot) /usr/bin/cmake --build /home/strain-drone/Documents/drone_position_hold/ros2_ws/src/build/mocap4r2_marker_viz -- -j4 -l4
[9.146s] Invoking command in '/home/strain-drone/Documents/drone_position_hold/ros2_ws/src/build/mocap4r2_marker_viz': AMENT_PREFIX_PATH=/home/strain-drone/Documents/drone_position_hold/ros2_ws/src/install/mocap4r2_msgs:/home/strain-drone/Documents/drone_position_hold/ros2_ws/src/install/mocap4r2_marker_viz_srvs:${AMENT_PREFIX_PATH} CMAKE_PREFIX_PATH=/home/strain-drone/Documents/drone_position_hold/ros2_ws/src/install/mocap4r2_msgs:/home/strain-drone/Documents/drone_position_hold/ros2_ws/src/install/mocap4r2_marker_viz_srvs:/opt/ros/jazzy/opt/gz_math_vendor:/opt/ros/jazzy/opt/gz_utils_vendor:/opt/ros/jazzy/opt/gz_cmake_vendor:/opt/ros/jazzy DEBUGINFOD_URLS=https://debuginfod.ubuntu.com LD_LIBRARY_PATH=/home/strain-drone/Documents/drone_position_hold/ros2_ws/src/install/mocap4r2_msgs/lib:/home/strain-drone/Documents/drone_position_hold/ros2_ws/src/install/mocap4r2_marker_viz_srvs/lib:${LD_LIBRARY_PATH} PYTHONPATH=/home/strain-drone/Documents/drone_position_hold/ros2_ws/src/install/mocap4r2_msgs/lib/python3.12/site-packages:/home/strain-drone/Documents/drone_position_hold/ros2_ws/src/install/mocap4r2_marker_viz_srvs/lib/python3.12/site-packages:${PYTHONPATH} VIRTUAL_ENV_PROMPT=(venv-ardupilot) /usr/bin/cmake --install /home/strain-drone/Documents/drone_position_hold/ros2_ws/src/build/mocap4r2_marker_viz
[9.192s] -- Install configuration: ""
[9.194s] -- Installing: /home/strain-drone/Documents/drone_position_hold/ros2_ws/src/install/mocap4r2_marker_viz/lib/libmocap4r2_marker_viz_NODE.a
[9.269s] -- Installing: /home/strain-drone/Documents/drone_position_hold/ros2_ws/src/install/mocap4r2_marker_viz/lib/mocap4r2_marker_viz/mocap4r2_marker_viz
[9.318s] -- Set non-toolchain portion of runtime path of "/home/strain-drone/Documents/drone_position_hold/ros2_ws/src/install/mocap4r2_marker_viz/lib/mocap4r2_marker_viz/mocap4r2_marker_viz" to ""
[9.318s] -- Installing: /home/strain-drone/Documents/drone_position_hold/ros2_ws/src/install/mocap4r2_marker_viz/share/mocap4r2_marker_viz/launch
[9.318s] -- Installing: /home/strain-drone/Documents/drone_position_hold/ros2_ws/src/install/mocap4r2_marker_viz/share/mocap4r2_marker_viz/launch/mocap4r2_marker_viz.launch.py
[9.318s] -- Installing: /home/strain-drone/Documents/drone_position_hold/ros2_ws/src/install/mocap4r2_marker_viz/share/mocap4r2_marker_viz/rviz
[9.319s] -- Installing: /home/strain-drone/Documents/drone_position_hold/ros2_ws/src/install/mocap4r2_marker_viz/share/mocap4r2_marker_viz/rviz/config.rviz
[9.326s] -- Installing: /home/strain-drone/Documents/drone_position_hold/ros2_ws/src/install/mocap4r2_marker_viz/share/ament_index/resource_index/package_run_dependencies/mocap4r2_marker_viz
[9.326s] -- Installing: /home/strain-drone/Documents/drone_position_hold/ros2_ws/src/install/mocap4r2_marker_viz/share/ament_index/resource_index/parent_prefix_path/mocap4r2_marker_viz
[9.326s] -- Installing: /home/strain-drone/Documents/drone_position_hold/ros2_ws/src/install/mocap4r2_marker_viz/share/mocap4r2_marker_viz/environment/ament_prefix_path.sh
[9.330s] -- Installing: /home/strain-drone/Documents/drone_position_hold/ros2_ws/src/install/mocap4r2_marker_viz/share/mocap4r2_marker_viz/environment/ament_prefix_path.dsv
[9.331s] -- Installing: /home/strain-drone/Documents/drone_position_hold/ros2_ws/src/install/mocap4r2_marker_viz/share/mocap4r2_marker_viz/environment/path.sh
[9.331s] -- Installing: /home/strain-drone/Documents/drone_position_hold/ros2_ws/src/install/mocap4r2_marker_viz/share/mocap4r2_marker_viz/environment/path.dsv
[9.331s] -- Installing: /home/strain-drone/Documents/drone_position_hold/ros2_ws/src/install/mocap4r2_marker_viz/share/mocap4r2_marker_viz/local_setup.bash
[9.332s] -- Installing: /home/strain-drone/Documents/drone_position_hold/ros2_ws/src/install/mocap4r2_marker_viz/share/mocap4r2_marker_viz/local_setup.sh
[9.332s] -- Installing: /home/strain-drone/Documents/drone_position_hold/ros2_ws/src/install/mocap4r2_marker_viz/share/mocap4r2_marker_viz/local_setup.zsh
[9.333s] -- Installing: /home/strain-drone/Documents/drone_position_hold/ros2_ws/src/install/mocap4r2_marker_viz/share/mocap4r2_marker_viz/local_setup.dsv
[9.338s] -- Installing: /home/strain-drone/Documents/drone_position_hold/ros2_ws/src/install/mocap4r2_marker_viz/share/mocap4r2_marker_viz/package.dsv
[9.338s] -- Installing: /home/strain-drone/Documents/drone_position_hold/ros2_ws/src/install/mocap4r2_marker_viz/share/ament_index/resource_index/packages/mocap4r2_marker_viz
[9.341s] -- Installing: /home/strain-drone/Documents/drone_position_hold/ros2_ws/src/install/mocap4r2_marker_viz/share/mocap4r2_marker_viz/cmake/mocap4r2_marker_vizConfig.cmake
[9.343s] -- Installing: /home/strain-drone/Documents/drone_position_hold/ros2_ws/src/install/mocap4r2_marker_viz/share/mocap4r2_marker_viz/cmake/mocap4r2_marker_vizConfig-version.cmake
[9.344s] -- Installing: /home/strain-drone/Documents/drone_position_hold/ros2_ws/src/install/mocap4r2_marker_viz/share/mocap4r2_marker_viz/package.xml
[9.349s] Invoked command in '/home/strain-drone/Documents/drone_position_hold/ros2_ws/src/build/mocap4r2_marker_viz' returned '0': AMENT_PREFIX_PATH=/home/strain-drone/Documents/drone_position_hold/ros2_ws/src/install/mocap4r2_msgs:/home/strain-drone/Documents/drone_position_hold/ros2_ws/src/install/mocap4r2_marker_viz_srvs:${AMENT_PREFIX_PATH} CMAKE_PREFIX_PATH=/home/strain-drone/Documents/drone_position_hold/ros2_ws/src/install/mocap4r2_msgs:/home/strain-drone/Documents/drone_position_hold/ros2_ws/src/install/mocap4r2_marker_viz_srvs:/opt/ros/jazzy/opt/gz_math_vendor:/opt/ros/jazzy/opt/gz_utils_vendor:/opt/ros/jazzy/opt/gz_cmake_vendor:/opt/ros/jazzy DEBUGINFOD_URLS=https://debuginfod.ubuntu.com LD_LIBRARY_PATH=/home/strain-drone/Documents/drone_position_hold/ros2_ws/src/install/mocap4r2_msgs/lib:/home/strain-drone/Documents/drone_position_hold/ros2_ws/src/install/mocap4r2_marker_viz_srvs/lib:${LD_LIBRARY_PATH} PYTHONPATH=/home/strain-drone/Documents/drone_position_hold/ros2_ws/src/install/mocap4r2_msgs/lib/python3.12/site-packages:/home/strain-drone/Documents/drone_position_hold/ros2_ws/src/install/mocap4r2_marker_viz_srvs/lib/python3.12/site-packages:${PYTHONPATH} VIRTUAL_ENV_PROMPT=(venv-ardupilot) /usr/bin/cmake --install /home/strain-drone/Documents/drone_position_hold/ros2_ws/src/build/mocap4r2_marker_viz
