[0.008s] Invoking command in '/home/strain-drone/Documents/drone_position_hold/ros2_ws/build/natnet_ros2': CMAKE_PREFIX_PATH=${CMAKE_PREFIX_PATH}:/opt/ros/jazzy DEBUGINFOD_URLS=https://debuginfod.ubuntu.com PS1=(venv-ardupilot) \[\e]0;\u@\h: \w\a\]${debian_chroot:+($debian_chroot)}\[\033[01;32m\]\u@\h\[\033[00m\]:\[\033[01;34m\]\w\[\033[00m\]\$ VIRTUAL_ENV_PROMPT=(venv-ardupilot) /usr/bin/cmake /home/strain-drone/Documents/drone_position_hold/ros2_ws/src/natnet_ros2 -DCMAKE_INSTALL_PREFIX=/home/strain-drone/Documents/drone_position_hold/ros2_ws/install/natnet_ros2
[0.160s] -- The C compiler identification is GNU 13.3.0
[0.302s] -- The CXX compiler identification is GNU 13.3.0
[0.355s] -- Detecting C compiler ABI info
[0.551s] -- Detecting C compiler ABI info - done
[0.569s] -- Check for working C compiler: /usr/lib/ccache/cc - skipped
[0.570s] -- Detecting C compile features
[0.571s] -- Detecting C compile features - done
[0.595s] -- Detecting CXX compiler ABI info
[0.815s] -- Detecting CXX compiler ABI info - done
[0.838s] -- Check for working CXX compiler: /usr/lib/ccache/c++ - skipped
[0.839s] -- Detecting CXX compile features
[0.839s] -- Detecting CXX compile features - done
[0.843s] -- Found ament_cmake: 2.5.4 (/opt/ros/jazzy/share/ament_cmake/cmake)
[1.162s] -- Found Python3: /home/strain-drone/venv-ardupilot/bin/python3 (found version "3.12.3") found components: Interpreter 
[1.392s] -- Found rclcpp: 28.1.9 (/opt/ros/jazzy/share/rclcpp/cmake)
[1.449s] -- Found rosidl_generator_c: 4.6.5 (/opt/ros/jazzy/share/rosidl_generator_c/cmake)
[1.473s] -- Found rosidl_generator_cpp: 4.6.5 (/opt/ros/jazzy/share/rosidl_generator_cpp/cmake)
[1.500s] -- Using all available rosidl_typesupport_c: rosidl_typesupport_fastrtps_c;rosidl_typesupport_introspection_c
[1.530s] -- Using all available rosidl_typesupport_cpp: rosidl_typesupport_fastrtps_cpp;rosidl_typesupport_introspection_cpp
[1.643s] -- Found rmw_implementation_cmake: 7.3.2 (/opt/ros/jazzy/share/rmw_implementation_cmake/cmake)
[1.647s] -- Found rmw_fastrtps_cpp: 8.4.2 (/opt/ros/jazzy/share/rmw_fastrtps_cpp/cmake)
[1.810s] -- Found OpenSSL: /usr/lib/aarch64-linux-gnu/libcrypto.so (found version "3.0.13")  
[1.848s] -- Found FastRTPS: /opt/ros/jazzy/include (Required is at least version "2.13") 
[1.895s] -- Using RMW implementation 'rmw_fastrtps_cpp' as default
[2.024s] -- Found rclcpp_lifecycle: 28.1.9 (/opt/ros/jazzy/share/rclcpp_lifecycle/cmake)
[2.078s] -- Found tf2: 0.36.16 (/opt/ros/jazzy/share/tf2/cmake)
[2.151s] -- Found tf2_ros: 0.36.16 (/opt/ros/jazzy/share/tf2_ros/cmake)
[2.483s] -- Found sensor_msgs: 5.3.6 (/opt/ros/jazzy/share/sensor_msgs/cmake)
[2.541s] -- Found rosidl_default_generators: 1.6.0 (/opt/ros/jazzy/share/rosidl_default_generators/cmake)
[2.562s] -- Found rosidl_adapter: 4.6.5 (/opt/ros/jazzy/share/rosidl_adapter/cmake)
[2.570s] -- Found ament_cmake_auto: 2.5.4 (/opt/ros/jazzy/share/ament_cmake_auto/cmake)
[2.583s] -- Found rclpy: 7.1.4 (/opt/ros/jazzy/share/rclpy/cmake)
[4.084s] -- Found ament_cmake_ros: 0.12.0 (/opt/ros/jazzy/share/ament_cmake_ros/cmake)
[6.046s] -- Using all available rosidl_typesupport_c: rosidl_typesupport_fastrtps_c;rosidl_typesupport_introspection_c
[6.795s] -- Using all available rosidl_typesupport_cpp: rosidl_typesupport_fastrtps_cpp;rosidl_typesupport_introspection_cpp
[6.801s] -- Found python_cmake_module: 0.11.1 (/opt/ros/jazzy/share/python_cmake_module/cmake)
[7.171s] -- Found PythonExtra: /home/strain-drone/venv-ardupilot/bin/python3  
[8.170s] -- Found Python3: /home/strain-drone/venv-ardupilot/bin/python3 (found version "3.12.3") found components: Interpreter Development NumPy Development.Module Development.Embed 
[8.284s] SDK already installed.
[8.294s] [0mCMake Deprecation Warning at /opt/ros/jazzy/share/rosidl_cmake/cmake/rosidl_target_interfaces.cmake:32 (message):
[8.295s]   Use rosidl_get_typesupport_target() and target_link_libraries() instead of
[8.295s]   rosidl_target_interfaces().  i.e:
[8.297s] 
[8.298s]     rosidl_get_typesupport_target(cpp_typesupport_target "${PROJECT_NAME}" "rosidl_typesupport_cpp")
[8.298s]     target_link_libraries(${PROJECT_NAME}_node "${cpp_typesupport_target}")
[8.298s] 
[8.298s] Call Stack (most recent call first):
[8.298s]   CMakeLists.txt:80 (rosidl_target_interfaces)
[8.298s] 
[8.298s] [0m
[8.301s] -- Found ament_cmake_copyright: 0.17.2 (/opt/ros/jazzy/share/ament_cmake_copyright/cmake)
[8.305s] -- Found ament_cmake_cppcheck: 0.17.2 (/opt/ros/jazzy/share/ament_cmake_cppcheck/cmake)
[8.314s] -- Found ament_cmake_cpplint: 0.17.2 (/opt/ros/jazzy/share/ament_cmake_cpplint/cmake)
[8.317s] -- Found ament_cmake_lint_cmake: 0.17.2 (/opt/ros/jazzy/share/ament_cmake_lint_cmake/cmake)
[8.321s] -- Found ament_cmake_xmllint: 0.17.2 (/opt/ros/jazzy/share/ament_cmake_xmllint/cmake)
[8.324s] -- Found ament_cmake_uncrustify: 0.17.2 (/opt/ros/jazzy/share/ament_cmake_uncrustify/cmake)
[8.333s] [0mIn this package, headers install destination is set to `include` by ament_auto_package. It is recommended to install `include/natnet_ros2` instead and will be the default behavior of ament_auto_package from ROS 2 Kilted Kaiju. On distributions before Kilted, ament_auto_package behaves the same way when you use USE_SCOPED_HEADER_INSTALL_DIR option.[0m
[8.344s] -- Configuring done (8.3s)
[8.475s] -- Generating done (0.1s)
[8.515s] -- Build files have been written to: /home/strain-drone/Documents/drone_position_hold/ros2_ws/build/natnet_ros2
[8.565s] Invoked command in '/home/strain-drone/Documents/drone_position_hold/ros2_ws/build/natnet_ros2' returned '0': CMAKE_PREFIX_PATH=${CMAKE_PREFIX_PATH}:/opt/ros/jazzy DEBUGINFOD_URLS=https://debuginfod.ubuntu.com PS1=(venv-ardupilot) \[\e]0;\u@\h: \w\a\]${debian_chroot:+($debian_chroot)}\[\033[01;32m\]\u@\h\[\033[00m\]:\[\033[01;34m\]\w\[\033[00m\]\$ VIRTUAL_ENV_PROMPT=(venv-ardupilot) /usr/bin/cmake /home/strain-drone/Documents/drone_position_hold/ros2_ws/src/natnet_ros2 -DCMAKE_INSTALL_PREFIX=/home/strain-drone/Documents/drone_position_hold/ros2_ws/install/natnet_ros2
[8.567s] Invoking command in '/home/strain-drone/Documents/drone_position_hold/ros2_ws/build/natnet_ros2': CMAKE_PREFIX_PATH=${CMAKE_PREFIX_PATH}:/opt/ros/jazzy DEBUGINFOD_URLS=https://debuginfod.ubuntu.com PS1=(venv-ardupilot) \[\e]0;\u@\h: \w\a\]${debian_chroot:+($debian_chroot)}\[\033[01;32m\]\u@\h\[\033[00m\]:\[\033[01;34m\]\w\[\033[00m\]\$ VIRTUAL_ENV_PROMPT=(venv-ardupilot) /usr/bin/cmake --build /home/strain-drone/Documents/drone_position_hold/ros2_ws/build/natnet_ros2 -- -j4 -l4
[8.694s] [  2%] [34m[1mGenerating type hashes for ROS interfaces[0m
[9.129s] [  2%] Built target natnet_ros2__rosidl_generator_type_description
[9.203s] [  2%] Built target ament_cmake_python_copy_natnet_ros2_py
[9.254s] [  5%] [34m[1mGenerating C++ code for ROS interfaces[0m
[9.958s] [  5%] Built target natnet_ros2__cpp
[9.982s] [  7%] [34m[1mGenerating C code for ROS interfaces[0m
[10.695s] [ 10%] [32mBuilding C object CMakeFiles/natnet_ros2__rosidl_generator_c.dir/rosidl_generator_c/natnet_ros2/srv/detail/marker_poses__description.c.o[0m
[10.866s] [ 12%] [32mBuilding C object CMakeFiles/natnet_ros2__rosidl_generator_c.dir/rosidl_generator_c/natnet_ros2/srv/detail/marker_poses__functions.c.o[0m
[11.093s] [ 15%] [32mBuilding C object CMakeFiles/natnet_ros2__rosidl_generator_c.dir/rosidl_generator_c/natnet_ros2/srv/detail/marker_poses__type_support.c.o[0m
[11.244s] [ 17%] [32m[1mLinking C shared library libnatnet_ros2__rosidl_generator_c.so[0m
[11.354s] [ 17%] Built target natnet_ros2__rosidl_generator_c
[11.969s] running egg_info
[12.026s] creating natnet_ros2_py.egg-info
[12.028s] writing natnet_ros2_py.egg-info/PKG-INFO
[12.028s] writing dependency_links to natnet_ros2_py.egg-info/dependency_links.txt
[12.030s] writing top-level names to natnet_ros2_py.egg-info/top_level.txt
[12.032s] writing manifest file 'natnet_ros2_py.egg-info/SOURCES.txt'
[12.198s] reading manifest file 'natnet_ros2_py.egg-info/SOURCES.txt'
[12.199s] writing manifest file 'natnet_ros2_py.egg-info/SOURCES.txt'
[12.325s] [ 17%] Built target ament_cmake_python_build_natnet_ros2_py_egg
[12.351s] [ 20%] [34m[1mGenerating C++ type support dispatch for ROS interfaces[0m
[12.884s] [ 23%] [32mBuilding CXX object CMakeFiles/natnet_ros2__rosidl_typesupport_cpp.dir/rosidl_typesupport_cpp/natnet_ros2/srv/marker_poses__type_support.cpp.o[0m
[13.991s] [ 25%] [32m[1mLinking CXX shared library libnatnet_ros2__rosidl_typesupport_cpp.so[0m
[14.223s] [ 25%] Built target natnet_ros2__rosidl_typesupport_cpp
[14.251s] [ 28%] [34m[1mGenerating C type support for eProsima Fast-RTPS[0m
[14.920s] [ 30%] [32mBuilding CXX object CMakeFiles/natnet_ros2__rosidl_typesupport_fastrtps_c.dir/rosidl_typesupport_fastrtps_c/natnet_ros2/srv/detail/marker_poses__type_support_c.cpp.o[0m
[16.371s] [ 33%] [32m[1mLinking CXX shared library libnatnet_ros2__rosidl_typesupport_fastrtps_c.so[0m
[16.515s] [ 33%] Built target natnet_ros2__rosidl_typesupport_fastrtps_c
[16.542s] [ 35%] [34m[1mGenerating C++ type support for eProsima Fast-RTPS[0m
[17.258s] [ 38%] [32mBuilding CXX object CMakeFiles/natnet_ros2__rosidl_typesupport_fastrtps_cpp.dir/rosidl_typesupport_fastrtps_cpp/natnet_ros2/srv/detail/dds_fastrtps/marker_poses__type_support.cpp.o[0m
[19.167s] [ 41%] [32m[1mLinking CXX shared library libnatnet_ros2__rosidl_typesupport_fastrtps_cpp.so[0m
[19.412s] [ 41%] Built target natnet_ros2__rosidl_typesupport_fastrtps_cpp
[19.449s] [ 43%] [34m[1mGenerating C introspection for ROS interfaces[0m
[20.206s] [ 46%] [32mBuilding C object CMakeFiles/natnet_ros2__rosidl_typesupport_introspection_c.dir/rosidl_typesupport_introspection_c/natnet_ros2/srv/detail/marker_poses__type_support.c.o[0m
[20.419s] [ 48%] [32m[1mLinking C shared library libnatnet_ros2__rosidl_typesupport_introspection_c.so[0m
[20.504s] [ 48%] Built target natnet_ros2__rosidl_typesupport_introspection_c
[20.527s] [ 51%] [34m[1mGenerating C type support dispatch for ROS interfaces[0m
[21.112s] [ 53%] [32mBuilding CXX object CMakeFiles/natnet_ros2__rosidl_typesupport_c.dir/rosidl_typesupport_c/natnet_ros2/srv/marker_poses__type_support.cpp.o[0m
[21.303s] [ 56%] [32m[1mLinking CXX shared library libnatnet_ros2__rosidl_typesupport_c.so[0m
[21.416s] [ 56%] Built target natnet_ros2__rosidl_typesupport_c
[21.441s] [ 58%] [34m[1mGenerating C++ introspection for ROS interfaces[0m
[22.032s] [ 61%] [32mBuilding CXX object CMakeFiles/natnet_ros2__rosidl_typesupport_introspection_cpp.dir/rosidl_typesupport_introspection_cpp/natnet_ros2/srv/detail/marker_poses__type_support.cpp.o[0m
[23.116s] [ 64%] [32m[1mLinking CXX shared library libnatnet_ros2__rosidl_typesupport_introspection_cpp.so[0m
[23.322s] [ 64%] Built target natnet_ros2__rosidl_typesupport_introspection_cpp
[23.370s] [ 66%] [32mBuilding CXX object CMakeFiles/natnet_ros2_node.dir/src/natnet_ros2.cpp.o[0m
[42.462s] [01m[K/home/strain-drone/Documents/drone_position_hold/ros2_ws/src/natnet_ros2/src/natnet_ros2.cpp:[m[K In member function ‘[01m[Kvoid NatNetNode::[01;32m[Kget_node_params[m[K()[m[K’:
[42.462s] [01m[K/home/strain-drone/Documents/drone_position_hold/ros2_ws/src/natnet_ros2/src/natnet_ros2.cpp:71:52:[m[K [01;35m[Kwarning: [m[Kconverting to ‘[01m[Kconst rcl_interfaces::msg::ParameterDescriptor[m[K’ {aka ‘[01m[Kconst rcl_interfaces::msg::ParameterDescriptor_<std::allocator<void> >[m[K’} from initializer list would use explicit constructor ‘[01m[Krcl_interfaces::msg::ParameterDescriptor_<ContainerAllocator>::[01;32m[KParameterDescriptor_[m[K(rosidl_runtime_cpp::MessageInitialization) [35m[K[with ContainerAllocator = std::allocator<void>][m[K[m[K’
[42.463s]    71 |         [01;35m[Kdeclare_parameter<std::vector<std::string>>("object_names", {})[m[K;
[42.463s]       |         [01;35m[K~~~~~~~~~~~~~~~~~~~~~~~~~~~~~~~~~~~~~~~~~~~^~~~~~~~~~~~~~~~~~~~[m[K
[42.467s] [01m[K/home/strain-drone/Documents/drone_position_hold/ros2_ws/src/natnet_ros2/src/natnet_ros2.cpp:71:52:[m[K [01;36m[Knote: [m[Kin C++11 and above a default constructor can be explicit
[42.503s] [ 69%] [32mBuilding CXX object CMakeFiles/natnet_ros2_node.dir/src/nn_filter.cpp.o[0m
[43.788s] [ 71%] [32m[1mLinking CXX executable natnet_ros2_node[0m
[45.550s] [ 71%] Built target natnet_ros2_node
[45.599s] [ 71%] Built target natnet_ros2
[45.674s] [ 71%] Built target ament_cmake_python_copy_natnet_ros2
[45.728s] [ 74%] [32mBuilding CXX object CMakeFiles/marker_poses_server.dir/src/marker_poses_server.cpp.o[0m
[56.752s] [ 76%] [32m[1mLinking CXX executable marker_poses_server[0m
[57.436s] [ 76%] Built target marker_poses_server
[57.888s] running egg_info
[57.932s] creating natnet_ros2.egg-info
[57.932s] writing natnet_ros2.egg-info/PKG-INFO
[57.933s] writing dependency_links to natnet_ros2.egg-info/dependency_links.txt
[57.934s] writing top-level names to natnet_ros2.egg-info/top_level.txt
[57.934s] writing manifest file 'natnet_ros2.egg-info/SOURCES.txt'
[58.050s] reading manifest file 'natnet_ros2.egg-info/SOURCES.txt'
[58.052s] writing manifest file 'natnet_ros2.egg-info/SOURCES.txt'
[58.161s] [ 76%] Built target ament_cmake_python_build_natnet_ros2_egg
[58.209s] [ 79%] [34m[1mGenerating Python code for ROS interfaces[0m
[58.946s] [ 79%] Built target natnet_ros2__py
[58.994s] [ 82%] [32mBuilding C object CMakeFiles/natnet_ros2__rosidl_generator_py.dir/rosidl_generator_py/natnet_ros2/srv/_marker_poses_s.c.o[0m
[59.531s] [ 84%] [32m[1mLinking C shared library libnatnet_ros2__rosidl_generator_py.so[0m
[59.641s] [ 84%] Built target natnet_ros2__rosidl_generator_py
[59.684s] [ 87%] [32mBuilding C object CMakeFiles/natnet_ros2_s__rosidl_typesupport_fastrtps_c.dir/rosidl_generator_py/natnet_ros2/_natnet_ros2_s.ep.rosidl_typesupport_fastrtps_c.c.o[0m
[60.066s] [ 89%] [32m[1mLinking C shared module rosidl_generator_py/natnet_ros2/natnet_ros2_s__rosidl_typesupport_fastrtps_c.so[0m
[60.141s] [ 89%] Built target natnet_ros2_s__rosidl_typesupport_fastrtps_c
[60.182s] [ 92%] [32mBuilding C object CMakeFiles/natnet_ros2_s__rosidl_typesupport_c.dir/rosidl_generator_py/natnet_ros2/_natnet_ros2_s.ep.rosidl_typesupport_c.c.o[0m
[60.548s] [ 94%] [32m[1mLinking C shared module rosidl_generator_py/natnet_ros2/natnet_ros2_s__rosidl_typesupport_c.so[0m
[60.619s] [ 94%] Built target natnet_ros2_s__rosidl_typesupport_c
[60.666s] [ 97%] [32mBuilding C object CMakeFiles/natnet_ros2_s__rosidl_typesupport_introspection_c.dir/rosidl_generator_py/natnet_ros2/_natnet_ros2_s.ep.rosidl_typesupport_introspection_c.c.o[0m
[61.019s] [100%] [32m[1mLinking C shared module rosidl_generator_py/natnet_ros2/natnet_ros2_s__rosidl_typesupport_introspection_c.so[0m
[61.085s] [100%] Built target natnet_ros2_s__rosidl_typesupport_introspection_c
[61.110s] Invoked command in '/home/strain-drone/Documents/drone_position_hold/ros2_ws/build/natnet_ros2' returned '0': CMAKE_PREFIX_PATH=${CMAKE_PREFIX_PATH}:/opt/ros/jazzy DEBUGINFOD_URLS=https://debuginfod.ubuntu.com PS1=(venv-ardupilot) \[\e]0;\u@\h: \w\a\]${debian_chroot:+($debian_chroot)}\[\033[01;32m\]\u@\h\[\033[00m\]:\[\033[01;34m\]\w\[\033[00m\]\$ VIRTUAL_ENV_PROMPT=(venv-ardupilot) /usr/bin/cmake --build /home/strain-drone/Documents/drone_position_hold/ros2_ws/build/natnet_ros2 -- -j4 -l4
[61.112s] Invoking command in '/home/strain-drone/Documents/drone_position_hold/ros2_ws/build/natnet_ros2': CMAKE_PREFIX_PATH=${CMAKE_PREFIX_PATH}:/opt/ros/jazzy DEBUGINFOD_URLS=https://debuginfod.ubuntu.com PS1=(venv-ardupilot) \[\e]0;\u@\h: \w\a\]${debian_chroot:+($debian_chroot)}\[\033[01;32m\]\u@\h\[\033[00m\]:\[\033[01;34m\]\w\[\033[00m\]\$ VIRTUAL_ENV_PROMPT=(venv-ardupilot) /usr/bin/cmake --install /home/strain-drone/Documents/drone_position_hold/ros2_ws/build/natnet_ros2
[61.128s] -- Install configuration: ""
[61.128s] -- Installing: /home/strain-drone/Documents/drone_position_hold/ros2_ws/install/natnet_ros2/share/ament_index/resource_index/rosidl_interfaces/natnet_ros2
[61.128s] -- Installing: /home/strain-drone/Documents/drone_position_hold/ros2_ws/install/natnet_ros2/share/natnet_ros2/srv/MarkerPoses.json
[61.129s] -- Installing: /home/strain-drone/Documents/drone_position_hold/ros2_ws/install/natnet_ros2/include/natnet_ros2/natnet_ros2
[61.129s] -- Installing: /home/strain-drone/Documents/drone_position_hold/ros2_ws/install/natnet_ros2/include/natnet_ros2/natnet_ros2/srv
[61.129s] -- Installing: /home/strain-drone/Documents/drone_position_hold/ros2_ws/install/natnet_ros2/include/natnet_ros2/natnet_ros2/srv/detail
[61.129s] -- Installing: /home/strain-drone/Documents/drone_position_hold/ros2_ws/install/natnet_ros2/include/natnet_ros2/natnet_ros2/srv/detail/marker_poses__functions.h
[61.129s] -- Installing: /home/strain-drone/Documents/drone_position_hold/ros2_ws/install/natnet_ros2/include/natnet_ros2/natnet_ros2/srv/detail/marker_poses__type_support.h
[61.129s] -- Installing: /home/strain-drone/Documents/drone_position_hold/ros2_ws/install/natnet_ros2/include/natnet_ros2/natnet_ros2/srv/detail/marker_poses__description.c
[61.130s] -- Installing: /home/strain-drone/Documents/drone_position_hold/ros2_ws/install/natnet_ros2/include/natnet_ros2/natnet_ros2/srv/detail/marker_poses__type_support.c
[61.130s] -- Installing: /home/strain-drone/Documents/drone_position_hold/ros2_ws/install/natnet_ros2/include/natnet_ros2/natnet_ros2/srv/detail/marker_poses__struct.h
[61.130s] -- Installing: /home/strain-drone/Documents/drone_position_hold/ros2_ws/install/natnet_ros2/include/natnet_ros2/natnet_ros2/srv/detail/marker_poses__functions.c
[61.130s] -- Installing: /home/strain-drone/Documents/drone_position_hold/ros2_ws/install/natnet_ros2/include/natnet_ros2/natnet_ros2/srv/marker_poses.h
[61.130s] -- Installing: /home/strain-drone/Documents/drone_position_hold/ros2_ws/install/natnet_ros2/include/natnet_ros2/natnet_ros2/msg
[61.130s] -- Installing: /home/strain-drone/Documents/drone_position_hold/ros2_ws/install/natnet_ros2/include/natnet_ros2/natnet_ros2/msg/rosidl_generator_c__visibility_control.h
[61.131s] -- Installing: /home/strain-drone/Documents/drone_position_hold/ros2_ws/install/natnet_ros2/share/natnet_ros2/environment/library_path.sh
[61.131s] -- Installing: /home/strain-drone/Documents/drone_position_hold/ros2_ws/install/natnet_ros2/share/natnet_ros2/environment/library_path.dsv
[61.131s] -- Installing: /home/strain-drone/Documents/drone_position_hold/ros2_ws/install/natnet_ros2/lib/libnatnet_ros2__rosidl_generator_c.so
[61.132s] -- Set non-toolchain portion of runtime path of "/home/strain-drone/Documents/drone_position_hold/ros2_ws/install/natnet_ros2/lib/libnatnet_ros2__rosidl_generator_c.so" to ""
[61.132s] -- Up-to-date: /home/strain-drone/Documents/drone_position_hold/ros2_ws/install/natnet_ros2/include/natnet_ros2/natnet_ros2
[61.132s] -- Up-to-date: /home/strain-drone/Documents/drone_position_hold/ros2_ws/install/natnet_ros2/include/natnet_ros2/natnet_ros2/srv
[61.132s] -- Up-to-date: /home/strain-drone/Documents/drone_position_hold/ros2_ws/install/natnet_ros2/include/natnet_ros2/natnet_ros2/srv/detail
[61.132s] -- Installing: /home/strain-drone/Documents/drone_position_hold/ros2_ws/install/natnet_ros2/include/natnet_ros2/natnet_ros2/srv/detail/marker_poses__rosidl_typesupport_fastrtps_c.h
[61.133s] -- Up-to-date: /home/strain-drone/Documents/drone_position_hold/ros2_ws/install/natnet_ros2/include/natnet_ros2/natnet_ros2/msg
[61.133s] -- Installing: /home/strain-drone/Documents/drone_position_hold/ros2_ws/install/natnet_ros2/include/natnet_ros2/natnet_ros2/msg/rosidl_typesupport_fastrtps_c__visibility_control.h
[61.133s] -- Installing: /home/strain-drone/Documents/drone_position_hold/ros2_ws/install/natnet_ros2/lib/libnatnet_ros2__rosidl_typesupport_fastrtps_c.so
[61.133s] -- Set non-toolchain portion of runtime path of "/home/strain-drone/Documents/drone_position_hold/ros2_ws/install/natnet_ros2/lib/libnatnet_ros2__rosidl_typesupport_fastrtps_c.so" to ""
[61.134s] -- Up-to-date: /home/strain-drone/Documents/drone_position_hold/ros2_ws/install/natnet_ros2/include/natnet_ros2/natnet_ros2
[61.134s] -- Up-to-date: /home/strain-drone/Documents/drone_position_hold/ros2_ws/install/natnet_ros2/include/natnet_ros2/natnet_ros2/srv
[61.134s] -- Up-to-date: /home/strain-drone/Documents/drone_position_hold/ros2_ws/install/natnet_ros2/include/natnet_ros2/natnet_ros2/srv/detail
[61.134s] -- Installing: /home/strain-drone/Documents/drone_position_hold/ros2_ws/install/natnet_ros2/include/natnet_ros2/natnet_ros2/srv/detail/marker_poses__struct.hpp
[61.134s] -- Installing: /home/strain-drone/Documents/drone_position_hold/ros2_ws/install/natnet_ros2/include/natnet_ros2/natnet_ros2/srv/detail/marker_poses__type_support.hpp
[61.134s] -- Installing: /home/strain-drone/Documents/drone_position_hold/ros2_ws/install/natnet_ros2/include/natnet_ros2/natnet_ros2/srv/detail/marker_poses__builder.hpp
[61.134s] -- Installing: /home/strain-drone/Documents/drone_position_hold/ros2_ws/install/natnet_ros2/include/natnet_ros2/natnet_ros2/srv/detail/marker_poses__traits.hpp
[61.134s] -- Installing: /home/strain-drone/Documents/drone_position_hold/ros2_ws/install/natnet_ros2/include/natnet_ros2/natnet_ros2/srv/marker_poses.hpp
[61.134s] -- Up-to-date: /home/strain-drone/Documents/drone_position_hold/ros2_ws/install/natnet_ros2/include/natnet_ros2/natnet_ros2/msg
[61.135s] -- Installing: /home/strain-drone/Documents/drone_position_hold/ros2_ws/install/natnet_ros2/include/natnet_ros2/natnet_ros2/msg/rosidl_generator_cpp__visibility_control.hpp
[61.135s] -- Up-to-date: /home/strain-drone/Documents/drone_position_hold/ros2_ws/install/natnet_ros2/include/natnet_ros2/natnet_ros2
[61.135s] -- Up-to-date: /home/strain-drone/Documents/drone_position_hold/ros2_ws/install/natnet_ros2/include/natnet_ros2/natnet_ros2/srv
[61.135s] -- Up-to-date: /home/strain-drone/Documents/drone_position_hold/ros2_ws/install/natnet_ros2/include/natnet_ros2/natnet_ros2/srv/detail
[61.135s] -- Installing: /home/strain-drone/Documents/drone_position_hold/ros2_ws/install/natnet_ros2/include/natnet_ros2/natnet_ros2/srv/detail/dds_fastrtps
[61.135s] -- Installing: /home/strain-drone/Documents/drone_position_hold/ros2_ws/install/natnet_ros2/include/natnet_ros2/natnet_ros2/srv/detail/marker_poses__rosidl_typesupport_fastrtps_cpp.hpp
[61.135s] -- Up-to-date: /home/strain-drone/Documents/drone_position_hold/ros2_ws/install/natnet_ros2/include/natnet_ros2/natnet_ros2/msg
[61.135s] -- Installing: /home/strain-drone/Documents/drone_position_hold/ros2_ws/install/natnet_ros2/include/natnet_ros2/natnet_ros2/msg/rosidl_typesupport_fastrtps_cpp__visibility_control.h
[61.136s] -- Installing: /home/strain-drone/Documents/drone_position_hold/ros2_ws/install/natnet_ros2/lib/libnatnet_ros2__rosidl_typesupport_fastrtps_cpp.so
[61.136s] -- Set non-toolchain portion of runtime path of "/home/strain-drone/Documents/drone_position_hold/ros2_ws/install/natnet_ros2/lib/libnatnet_ros2__rosidl_typesupport_fastrtps_cpp.so" to ""
[61.137s] -- Up-to-date: /home/strain-drone/Documents/drone_position_hold/ros2_ws/install/natnet_ros2/include/natnet_ros2/natnet_ros2
[61.137s] -- Up-to-date: /home/strain-drone/Documents/drone_position_hold/ros2_ws/install/natnet_ros2/include/natnet_ros2/natnet_ros2/srv
[61.137s] -- Up-to-date: /home/strain-drone/Documents/drone_position_hold/ros2_ws/install/natnet_ros2/include/natnet_ros2/natnet_ros2/srv/detail
[61.137s] -- Installing: /home/strain-drone/Documents/drone_position_hold/ros2_ws/install/natnet_ros2/include/natnet_ros2/natnet_ros2/srv/detail/marker_poses__rosidl_typesupport_introspection_c.h
[61.137s] -- Installing: /home/strain-drone/Documents/drone_position_hold/ros2_ws/install/natnet_ros2/include/natnet_ros2/natnet_ros2/srv/detail/marker_poses__type_support.c
[61.137s] -- Up-to-date: /home/strain-drone/Documents/drone_position_hold/ros2_ws/install/natnet_ros2/include/natnet_ros2/natnet_ros2/msg
[61.137s] -- Installing: /home/strain-drone/Documents/drone_position_hold/ros2_ws/install/natnet_ros2/include/natnet_ros2/natnet_ros2/msg/rosidl_typesupport_introspection_c__visibility_control.h
[61.137s] -- Installing: /home/strain-drone/Documents/drone_position_hold/ros2_ws/install/natnet_ros2/lib/libnatnet_ros2__rosidl_typesupport_introspection_c.so
[61.138s] -- Set non-toolchain portion of runtime path of "/home/strain-drone/Documents/drone_position_hold/ros2_ws/install/natnet_ros2/lib/libnatnet_ros2__rosidl_typesupport_introspection_c.so" to ""
[61.138s] -- Installing: /home/strain-drone/Documents/drone_position_hold/ros2_ws/install/natnet_ros2/lib/libnatnet_ros2__rosidl_typesupport_c.so
[61.139s] -- Set non-toolchain portion of runtime path of "/home/strain-drone/Documents/drone_position_hold/ros2_ws/install/natnet_ros2/lib/libnatnet_ros2__rosidl_typesupport_c.so" to ""
[61.139s] -- Up-to-date: /home/strain-drone/Documents/drone_position_hold/ros2_ws/install/natnet_ros2/include/natnet_ros2/natnet_ros2
[61.139s] -- Up-to-date: /home/strain-drone/Documents/drone_position_hold/ros2_ws/install/natnet_ros2/include/natnet_ros2/natnet_ros2/srv
[61.139s] -- Up-to-date: /home/strain-drone/Documents/drone_position_hold/ros2_ws/install/natnet_ros2/include/natnet_ros2/natnet_ros2/srv/detail
[61.139s] -- Installing: /home/strain-drone/Documents/drone_position_hold/ros2_ws/install/natnet_ros2/include/natnet_ros2/natnet_ros2/srv/detail/marker_poses__rosidl_typesupport_introspection_cpp.hpp
[61.139s] -- Installing: /home/strain-drone/Documents/drone_position_hold/ros2_ws/install/natnet_ros2/include/natnet_ros2/natnet_ros2/srv/detail/marker_poses__type_support.cpp
[61.140s] -- Installing: /home/strain-drone/Documents/drone_position_hold/ros2_ws/install/natnet_ros2/lib/libnatnet_ros2__rosidl_typesupport_introspection_cpp.so
[61.140s] -- Set non-toolchain portion of runtime path of "/home/strain-drone/Documents/drone_position_hold/ros2_ws/install/natnet_ros2/lib/libnatnet_ros2__rosidl_typesupport_introspection_cpp.so" to ""
[61.141s] -- Installing: /home/strain-drone/Documents/drone_position_hold/ros2_ws/install/natnet_ros2/lib/libnatnet_ros2__rosidl_typesupport_cpp.so
[61.141s] -- Set non-toolchain portion of runtime path of "/home/strain-drone/Documents/drone_position_hold/ros2_ws/install/natnet_ros2/lib/libnatnet_ros2__rosidl_typesupport_cpp.so" to ""
[61.141s] -- Installing: /home/strain-drone/Documents/drone_position_hold/ros2_ws/install/natnet_ros2/share/natnet_ros2/environment/pythonpath.sh
[61.143s] -- Installing: /home/strain-drone/Documents/drone_position_hold/ros2_ws/install/natnet_ros2/share/natnet_ros2/environment/pythonpath.dsv
[61.143s] -- Installing: /home/strain-drone/Documents/drone_position_hold/ros2_ws/install/natnet_ros2/lib/python3.12/site-packages/natnet_ros2-1.0.0-py3.12.egg-info
[61.143s] -- Installing: /home/strain-drone/Documents/drone_position_hold/ros2_ws/install/natnet_ros2/lib/python3.12/site-packages/natnet_ros2-1.0.0-py3.12.egg-info/dependency_links.txt
[61.143s] -- Installing: /home/strain-drone/Documents/drone_position_hold/ros2_ws/install/natnet_ros2/lib/python3.12/site-packages/natnet_ros2-1.0.0-py3.12.egg-info/PKG-INFO
[61.143s] -- Installing: /home/strain-drone/Documents/drone_position_hold/ros2_ws/install/natnet_ros2/lib/python3.12/site-packages/natnet_ros2-1.0.0-py3.12.egg-info/top_level.txt
[61.143s] -- Installing: /home/strain-drone/Documents/drone_position_hold/ros2_ws/install/natnet_ros2/lib/python3.12/site-packages/natnet_ros2-1.0.0-py3.12.egg-info/SOURCES.txt
[61.143s] -- Installing: /home/strain-drone/Documents/drone_position_hold/ros2_ws/install/natnet_ros2/lib/python3.12/site-packages/natnet_ros2
[61.143s] -- Installing: /home/strain-drone/Documents/drone_position_hold/ros2_ws/install/natnet_ros2/lib/python3.12/site-packages/natnet_ros2/_natnet_ros2_s.ep.rosidl_typesupport_introspection_c.c
[61.144s] -- Installing: /home/strain-drone/Documents/drone_position_hold/ros2_ws/install/natnet_ros2/lib/python3.12/site-packages/natnet_ros2/_natnet_ros2_s.ep.rosidl_typesupport_c.c
[61.144s] -- Installing: /home/strain-drone/Documents/drone_position_hold/ros2_ws/install/natnet_ros2/lib/python3.12/site-packages/natnet_ros2/srv
[61.144s] -- Installing: /home/strain-drone/Documents/drone_position_hold/ros2_ws/install/natnet_ros2/lib/python3.12/site-packages/natnet_ros2/srv/_marker_poses.py
[61.144s] -- Installing: /home/strain-drone/Documents/drone_position_hold/ros2_ws/install/natnet_ros2/lib/python3.12/site-packages/natnet_ros2/srv/_marker_poses_s.c
[61.144s] -- Installing: /home/strain-drone/Documents/drone_position_hold/ros2_ws/install/natnet_ros2/lib/python3.12/site-packages/natnet_ros2/srv/__init__.py
[61.144s] -- Installing: /home/strain-drone/Documents/drone_position_hold/ros2_ws/install/natnet_ros2/lib/python3.12/site-packages/natnet_ros2/natnet_ros2_s__rosidl_typesupport_fastrtps_c.so
[61.144s] -- Installing: /home/strain-drone/Documents/drone_position_hold/ros2_ws/install/natnet_ros2/lib/python3.12/site-packages/natnet_ros2/natnet_ros2_s__rosidl_typesupport_c.so
[61.145s] -- Installing: /home/strain-drone/Documents/drone_position_hold/ros2_ws/install/natnet_ros2/lib/python3.12/site-packages/natnet_ros2/__init__.py
[61.145s] -- Installing: /home/strain-drone/Documents/drone_position_hold/ros2_ws/install/natnet_ros2/lib/python3.12/site-packages/natnet_ros2/_natnet_ros2_s.ep.rosidl_typesupport_fastrtps_c.c
[61.145s] -- Installing: /home/strain-drone/Documents/drone_position_hold/ros2_ws/install/natnet_ros2/lib/python3.12/site-packages/natnet_ros2/natnet_ros2_s__rosidl_typesupport_introspection_c.so
[61.240s] Listing '/home/strain-drone/Documents/drone_position_hold/ros2_ws/install/natnet_ros2/lib/python3.12/site-packages/natnet_ros2'...
[61.240s] Compiling '/home/strain-drone/Documents/drone_position_hold/ros2_ws/install/natnet_ros2/lib/python3.12/site-packages/natnet_ros2/__init__.py'...
[61.242s] Listing '/home/strain-drone/Documents/drone_position_hold/ros2_ws/install/natnet_ros2/lib/python3.12/site-packages/natnet_ros2/srv'...
[61.242s] Compiling '/home/strain-drone/Documents/drone_position_hold/ros2_ws/install/natnet_ros2/lib/python3.12/site-packages/natnet_ros2/srv/__init__.py'...
[61.243s] Compiling '/home/strain-drone/Documents/drone_position_hold/ros2_ws/install/natnet_ros2/lib/python3.12/site-packages/natnet_ros2/srv/_marker_poses.py'...
[61.262s] -- Installing: /home/strain-drone/Documents/drone_position_hold/ros2_ws/install/natnet_ros2/lib/python3.12/site-packages/natnet_ros2/natnet_ros2_s__rosidl_typesupport_fastrtps_c.so
[61.262s] -- Set non-toolchain portion of runtime path of "/home/strain-drone/Documents/drone_position_hold/ros2_ws/install/natnet_ros2/lib/python3.12/site-packages/natnet_ros2/natnet_ros2_s__rosidl_typesupport_fastrtps_c.so" to ""
[61.263s] -- Installing: /home/strain-drone/Documents/drone_position_hold/ros2_ws/install/natnet_ros2/lib/python3.12/site-packages/natnet_ros2/natnet_ros2_s__rosidl_typesupport_introspection_c.so
[61.263s] -- Set non-toolchain portion of runtime path of "/home/strain-drone/Documents/drone_position_hold/ros2_ws/install/natnet_ros2/lib/python3.12/site-packages/natnet_ros2/natnet_ros2_s__rosidl_typesupport_introspection_c.so" to ""
[61.264s] -- Installing: /home/strain-drone/Documents/drone_position_hold/ros2_ws/install/natnet_ros2/lib/python3.12/site-packages/natnet_ros2/natnet_ros2_s__rosidl_typesupport_c.so
[61.264s] -- Set non-toolchain portion of runtime path of "/home/strain-drone/Documents/drone_position_hold/ros2_ws/install/natnet_ros2/lib/python3.12/site-packages/natnet_ros2/natnet_ros2_s__rosidl_typesupport_c.so" to ""
[61.264s] -- Installing: /home/strain-drone/Documents/drone_position_hold/ros2_ws/install/natnet_ros2/lib/libnatnet_ros2__rosidl_generator_py.so
[61.265s] -- Set non-toolchain portion of runtime path of "/home/strain-drone/Documents/drone_position_hold/ros2_ws/install/natnet_ros2/lib/libnatnet_ros2__rosidl_generator_py.so" to ""
[61.265s] -- Installing: /home/strain-drone/Documents/drone_position_hold/ros2_ws/install/natnet_ros2/share/natnet_ros2/srv/MarkerPoses.idl
[61.266s] -- Installing: /home/strain-drone/Documents/drone_position_hold/ros2_ws/install/natnet_ros2/share/natnet_ros2/srv/MarkerPoses.srv
[61.266s] -- Up-to-date: /home/strain-drone/Documents/drone_position_hold/ros2_ws/install/natnet_ros2/include/natnet_ros2
[61.266s] -- Installing: /home/strain-drone/Documents/drone_position_hold/ros2_ws/install/natnet_ros2/include/natnet_ros2/nn_filter.hpp
[61.266s] -- Installing: /home/strain-drone/Documents/drone_position_hold/ros2_ws/install/natnet_ros2/include/natnet_ros2/object_data.hpp
[61.266s] -- Installing: /home/strain-drone/Documents/drone_position_hold/ros2_ws/install/natnet_ros2/include/natnet_ros2/natnet_ros2.hpp
[61.267s] -- Installing: /home/strain-drone/Documents/drone_position_hold/ros2_ws/install/natnet_ros2/share/natnet_ros2/launch
[61.267s] -- Installing: /home/strain-drone/Documents/drone_position_hold/ros2_ws/install/natnet_ros2/share/natnet_ros2/launch/natnet_ros2.launch.py
[61.268s] -- Installing: /home/strain-drone/Documents/drone_position_hold/ros2_ws/install/natnet_ros2/share/natnet_ros2/launch/gui_natnet_ros2.launch.py
[61.268s] -- Installing: /home/strain-drone/Documents/drone_position_hold/ros2_ws/install/natnet_ros2/share/natnet_ros2/config
[61.268s] -- Installing: /home/strain-drone/Documents/drone_position_hold/ros2_ws/install/natnet_ros2/share/natnet_ros2/config/initiate.yaml
[61.269s] -- Installing: /home/strain-drone/Documents/drone_position_hold/ros2_ws/install/natnet_ros2/share/natnet_ros2/config/conf_autogen.yaml
[61.269s] -- Installing: /home/strain-drone/Documents/drone_position_hold/ros2_ws/install/natnet_ros2/share/natnet_ros2/ui
[61.270s] -- Installing: /home/strain-drone/Documents/drone_position_hold/ros2_ws/install/natnet_ros2/share/natnet_ros2/ui/helper.ui
[61.273s] -- Installing: /home/strain-drone/Documents/drone_position_hold/ros2_ws/install/natnet_ros2/share/natnet_ros2/ui/ros-logo.png
[61.274s] -- Installing: /home/strain-drone/Documents/drone_position_hold/ros2_ws/install/natnet_ros2/share/natnet_ros2/ui/logo.png
[61.276s] -- Installing: /home/strain-drone/Documents/drone_position_hold/ros2_ws/install/natnet_ros2/lib/natnet_ros2/natnet_ros2_node
[61.283s] -- Set non-toolchain portion of runtime path of "/home/strain-drone/Documents/drone_position_hold/ros2_ws/install/natnet_ros2/lib/natnet_ros2/natnet_ros2_node" to ""
[61.283s] -- Installing: /home/strain-drone/Documents/drone_position_hold/ros2_ws/install/natnet_ros2/bin/natnet_ros2_node
[61.290s] -- Set non-toolchain portion of runtime path of "/home/strain-drone/Documents/drone_position_hold/ros2_ws/install/natnet_ros2/bin/natnet_ros2_node" to ""
[61.290s] -- Installing: /home/strain-drone/Documents/drone_position_hold/ros2_ws/install/natnet_ros2/lib/natnet_ros2/marker_poses_server
[61.293s] -- Set non-toolchain portion of runtime path of "/home/strain-drone/Documents/drone_position_hold/ros2_ws/install/natnet_ros2/lib/natnet_ros2/marker_poses_server" to ""
[61.297s] -- Installing: /home/strain-drone/Documents/drone_position_hold/ros2_ws/install/natnet_ros2/bin/marker_poses_server
[61.297s] -- Set non-toolchain portion of runtime path of "/home/strain-drone/Documents/drone_position_hold/ros2_ws/install/natnet_ros2/bin/marker_poses_server" to ""
[61.297s] -- Installing: /home/strain-drone/Documents/drone_position_hold/ros2_ws/install/natnet_ros2/lib/python3.12/site-packages/natnet_ros2_py-1.0.0-py3.12.egg-info
[61.297s] -- Installing: /home/strain-drone/Documents/drone_position_hold/ros2_ws/install/natnet_ros2/lib/python3.12/site-packages/natnet_ros2_py-1.0.0-py3.12.egg-info/dependency_links.txt
[61.297s] -- Installing: /home/strain-drone/Documents/drone_position_hold/ros2_ws/install/natnet_ros2/lib/python3.12/site-packages/natnet_ros2_py-1.0.0-py3.12.egg-info/PKG-INFO
[61.298s] -- Installing: /home/strain-drone/Documents/drone_position_hold/ros2_ws/install/natnet_ros2/lib/python3.12/site-packages/natnet_ros2_py-1.0.0-py3.12.egg-info/top_level.txt
[61.298s] -- Installing: /home/strain-drone/Documents/drone_position_hold/ros2_ws/install/natnet_ros2/lib/python3.12/site-packages/natnet_ros2_py-1.0.0-py3.12.egg-info/SOURCES.txt
[61.298s] -- Installing: /home/strain-drone/Documents/drone_position_hold/ros2_ws/install/natnet_ros2/lib/python3.12/site-packages/natnet_ros2_py
[61.298s] -- Installing: /home/strain-drone/Documents/drone_position_hold/ros2_ws/install/natnet_ros2/lib/python3.12/site-packages/natnet_ros2_py/node_module.py
[61.298s] -- Installing: /home/strain-drone/Documents/drone_position_hold/ros2_ws/install/natnet_ros2/lib/python3.12/site-packages/natnet_ros2_py/__init__.py
[61.383s] Listing '/home/strain-drone/Documents/drone_position_hold/ros2_ws/install/natnet_ros2/lib/python3.12/site-packages/natnet_ros2_py'...
[61.384s] Compiling '/home/strain-drone/Documents/drone_position_hold/ros2_ws/install/natnet_ros2/lib/python3.12/site-packages/natnet_ros2_py/__init__.py'...
[61.385s] Compiling '/home/strain-drone/Documents/drone_position_hold/ros2_ws/install/natnet_ros2/lib/python3.12/site-packages/natnet_ros2_py/node_module.py'...
[61.418s] -- Installing: /home/strain-drone/Documents/drone_position_hold/ros2_ws/install/natnet_ros2/lib/natnet_ros2/helper_node_r2.py
[61.422s] -- Up-to-date: /home/strain-drone/Documents/drone_position_hold/ros2_ws/install/natnet_ros2/include
[61.423s] -- Up-to-date: /home/strain-drone/Documents/drone_position_hold/ros2_ws/install/natnet_ros2/include/natnet_ros2
[61.423s] -- Up-to-date: /home/strain-drone/Documents/drone_position_hold/ros2_ws/install/natnet_ros2/include/natnet_ros2/nn_filter.hpp
[61.423s] -- Up-to-date: /home/strain-drone/Documents/drone_position_hold/ros2_ws/install/natnet_ros2/include/natnet_ros2/object_data.hpp
[61.423s] -- Up-to-date: /home/strain-drone/Documents/drone_position_hold/ros2_ws/install/natnet_ros2/include/natnet_ros2/natnet_ros2.hpp
[61.423s] -- Installing: /home/strain-drone/Documents/drone_position_hold/ros2_ws/install/natnet_ros2/share/ament_index/resource_index/package_run_dependencies/natnet_ros2
[61.424s] -- Installing: /home/strain-drone/Documents/drone_position_hold/ros2_ws/install/natnet_ros2/share/ament_index/resource_index/parent_prefix_path/natnet_ros2
[61.424s] -- Installing: /home/strain-drone/Documents/drone_position_hold/ros2_ws/install/natnet_ros2/share/natnet_ros2/environment/ament_prefix_path.sh
[61.425s] -- Installing: /home/strain-drone/Documents/drone_position_hold/ros2_ws/install/natnet_ros2/share/natnet_ros2/environment/ament_prefix_path.dsv
[61.425s] -- Installing: /home/strain-drone/Documents/drone_position_hold/ros2_ws/install/natnet_ros2/share/natnet_ros2/environment/path.sh
[61.425s] -- Installing: /home/strain-drone/Documents/drone_position_hold/ros2_ws/install/natnet_ros2/share/natnet_ros2/environment/path.dsv
[61.426s] -- Installing: /home/strain-drone/Documents/drone_position_hold/ros2_ws/install/natnet_ros2/share/natnet_ros2/local_setup.bash
[61.426s] -- Installing: /home/strain-drone/Documents/drone_position_hold/ros2_ws/install/natnet_ros2/share/natnet_ros2/local_setup.sh
[61.426s] -- Installing: /home/strain-drone/Documents/drone_position_hold/ros2_ws/install/natnet_ros2/share/natnet_ros2/local_setup.zsh
[61.427s] -- Installing: /home/strain-drone/Documents/drone_position_hold/ros2_ws/install/natnet_ros2/share/natnet_ros2/local_setup.dsv
[61.427s] -- Installing: /home/strain-drone/Documents/drone_position_hold/ros2_ws/install/natnet_ros2/share/natnet_ros2/package.dsv
[61.427s] -- Installing: /home/strain-drone/Documents/drone_position_hold/ros2_ws/install/natnet_ros2/share/ament_index/resource_index/packages/natnet_ros2
[61.427s] -- Installing: /home/strain-drone/Documents/drone_position_hold/ros2_ws/install/natnet_ros2/share/natnet_ros2/cmake/export_natnet_ros2__rosidl_generator_cExport.cmake
[61.429s] -- Installing: /home/strain-drone/Documents/drone_position_hold/ros2_ws/install/natnet_ros2/share/natnet_ros2/cmake/export_natnet_ros2__rosidl_generator_cExport-noconfig.cmake
[61.429s] -- Installing: /home/strain-drone/Documents/drone_position_hold/ros2_ws/install/natnet_ros2/share/natnet_ros2/cmake/export_natnet_ros2__rosidl_typesupport_fastrtps_cExport.cmake
[61.430s] -- Installing: /home/strain-drone/Documents/drone_position_hold/ros2_ws/install/natnet_ros2/share/natnet_ros2/cmake/export_natnet_ros2__rosidl_typesupport_fastrtps_cExport-noconfig.cmake
[61.431s] -- Installing: /home/strain-drone/Documents/drone_position_hold/ros2_ws/install/natnet_ros2/share/natnet_ros2/cmake/export_natnet_ros2__rosidl_generator_cppExport.cmake
[61.431s] -- Installing: /home/strain-drone/Documents/drone_position_hold/ros2_ws/install/natnet_ros2/share/natnet_ros2/cmake/export_natnet_ros2__rosidl_typesupport_fastrtps_cppExport.cmake
[61.432s] -- Installing: /home/strain-drone/Documents/drone_position_hold/ros2_ws/install/natnet_ros2/share/natnet_ros2/cmake/export_natnet_ros2__rosidl_typesupport_fastrtps_cppExport-noconfig.cmake
[61.433s] -- Installing: /home/strain-drone/Documents/drone_position_hold/ros2_ws/install/natnet_ros2/share/natnet_ros2/cmake/natnet_ros2__rosidl_typesupport_introspection_cExport.cmake
[61.434s] -- Installing: /home/strain-drone/Documents/drone_position_hold/ros2_ws/install/natnet_ros2/share/natnet_ros2/cmake/natnet_ros2__rosidl_typesupport_introspection_cExport-noconfig.cmake
[61.434s] -- Installing: /home/strain-drone/Documents/drone_position_hold/ros2_ws/install/natnet_ros2/share/natnet_ros2/cmake/natnet_ros2__rosidl_typesupport_cExport.cmake
[61.435s] -- Installing: /home/strain-drone/Documents/drone_position_hold/ros2_ws/install/natnet_ros2/share/natnet_ros2/cmake/natnet_ros2__rosidl_typesupport_cExport-noconfig.cmake
[61.436s] -- Installing: /home/strain-drone/Documents/drone_position_hold/ros2_ws/install/natnet_ros2/share/natnet_ros2/cmake/natnet_ros2__rosidl_typesupport_introspection_cppExport.cmake
[61.436s] -- Installing: /home/strain-drone/Documents/drone_position_hold/ros2_ws/install/natnet_ros2/share/natnet_ros2/cmake/natnet_ros2__rosidl_typesupport_introspection_cppExport-noconfig.cmake
[61.437s] -- Installing: /home/strain-drone/Documents/drone_position_hold/ros2_ws/install/natnet_ros2/share/natnet_ros2/cmake/natnet_ros2__rosidl_typesupport_cppExport.cmake
[61.439s] -- Installing: /home/strain-drone/Documents/drone_position_hold/ros2_ws/install/natnet_ros2/share/natnet_ros2/cmake/natnet_ros2__rosidl_typesupport_cppExport-noconfig.cmake
[61.439s] -- Installing: /home/strain-drone/Documents/drone_position_hold/ros2_ws/install/natnet_ros2/share/natnet_ros2/cmake/export_natnet_ros2__rosidl_generator_pyExport.cmake
[61.439s] -- Installing: /home/strain-drone/Documents/drone_position_hold/ros2_ws/install/natnet_ros2/share/natnet_ros2/cmake/export_natnet_ros2__rosidl_generator_pyExport-noconfig.cmake
[61.442s] -- Installing: /home/strain-drone/Documents/drone_position_hold/ros2_ws/install/natnet_ros2/share/natnet_ros2/cmake/rosidl_cmake-extras.cmake
[61.443s] -- Installing: /home/strain-drone/Documents/drone_position_hold/ros2_ws/install/natnet_ros2/share/natnet_ros2/cmake/ament_cmake_export_dependencies-extras.cmake
[61.443s] -- Installing: /home/strain-drone/Documents/drone_position_hold/ros2_ws/install/natnet_ros2/share/natnet_ros2/cmake/ament_cmake_export_include_directories-extras.cmake
[61.443s] -- Installing: /home/strain-drone/Documents/drone_position_hold/ros2_ws/install/natnet_ros2/share/natnet_ros2/cmake/ament_cmake_export_libraries-extras.cmake
[61.443s] -- Installing: /home/strain-drone/Documents/drone_position_hold/ros2_ws/install/natnet_ros2/share/natnet_ros2/cmake/ament_cmake_export_targets-extras.cmake
[61.444s] -- Installing: /home/strain-drone/Documents/drone_position_hold/ros2_ws/install/natnet_ros2/share/natnet_ros2/cmake/rosidl_cmake_export_typesupport_targets-extras.cmake
[61.444s] -- Installing: /home/strain-drone/Documents/drone_position_hold/ros2_ws/install/natnet_ros2/share/natnet_ros2/cmake/rosidl_cmake_export_typesupport_libraries-extras.cmake
[61.445s] -- Installing: /home/strain-drone/Documents/drone_position_hold/ros2_ws/install/natnet_ros2/share/natnet_ros2/cmake/natnet_ros2Config.cmake
[61.445s] -- Installing: /home/strain-drone/Documents/drone_position_hold/ros2_ws/install/natnet_ros2/share/natnet_ros2/cmake/natnet_ros2Config-version.cmake
[61.445s] -- Installing: /home/strain-drone/Documents/drone_position_hold/ros2_ws/install/natnet_ros2/share/natnet_ros2/package.xml
[61.452s] Invoked command in '/home/strain-drone/Documents/drone_position_hold/ros2_ws/build/natnet_ros2' returned '0': CMAKE_PREFIX_PATH=${CMAKE_PREFIX_PATH}:/opt/ros/jazzy DEBUGINFOD_URLS=https://debuginfod.ubuntu.com PS1=(venv-ardupilot) \[\e]0;\u@\h: \w\a\]${debian_chroot:+($debian_chroot)}\[\033[01;32m\]\u@\h\[\033[00m\]:\[\033[01;34m\]\w\[\033[00m\]\$ VIRTUAL_ENV_PROMPT=(venv-ardupilot) /usr/bin/cmake --install /home/strain-drone/Documents/drone_position_hold/ros2_ws/build/natnet_ros2
