[0.372s] Invoking command in '/home/strain-drone/Documents/drone_position_hold/ros2_ws/build/natnet_ros2': CMAKE_PREFIX_PATH=${CMAKE_PREFIX_PATH}:/home/strain-drone/Documents/drone_position_hold/ros2_ws/install/visualizer:/home/strain-drone/Documents/drone_position_hold/ros2_ws/install/position_publisher:/home/strain-drone/Documents/drone_position_hold/ros2_ws/install/mocap4r2cli:/home/strain-drone/Documents/drone_position_hold/ros2_ws/install/mavros_config:/opt/ros/jazzy DEBUGINFOD_URLS=https://debuginfod.ubuntu.com PS1=\[\e]0;\u@\h: \w\a\]${debian_chroot:+($debian_chroot)}\[\033[01;32m\]\u@\h\[\033[00m\]:\[\033[01;34m\]\w\[\033[00m\]\$ /usr/bin/cmake --build /home/strain-drone/Documents/drone_position_hold/ros2_ws/build/natnet_ros2 -- -j4 -l4
[0.550s] [  2%] Built target natnet_ros2__rosidl_generator_type_description
[0.590s] [ 10%] Built target natnet_ros2_node
[0.606s] [ 10%] Built target ament_cmake_python_copy_natnet_ros2_py
[0.635s] [ 10%] Built target ament_cmake_python_copy_natnet_ros2
[0.659s] [ 12%] Built target natnet_ros2__cpp
[0.689s] [ 25%] Built target natnet_ros2__rosidl_generator_c
[0.791s] [ 33%] Built target natnet_ros2__rosidl_typesupport_fastrtps_c
[0.825s] [ 41%] Built target natnet_ros2__rosidl_typesupport_cpp
[0.901s] [ 48%] Built target natnet_ros2__rosidl_typesupport_fastrtps_cpp
[0.924s] [ 56%] Built target natnet_ros2__rosidl_typesupport_introspection_c
[0.990s] [ 64%] Built target natnet_ros2__rosidl_typesupport_introspection_cpp
[1.004s] [ 71%] Built target natnet_ros2__rosidl_typesupport_c
[1.060s] [ 71%] Built target natnet_ros2
[1.171s] [ 74%] Built target natnet_ros2__py
[1.198s] [ 79%] Built target marker_poses_server
[1.242s] running egg_info
[1.276s] running egg_info
[1.277s] [ 84%] Built target natnet_ros2__rosidl_generator_py
[1.283s] writing natnet_ros2.egg-info/PKG-INFO
[1.283s] writing dependency_links to natnet_ros2.egg-info/dependency_links.txt
[1.289s] writing top-level names to natnet_ros2.egg-info/top_level.txt
[1.326s] writing natnet_ros2_py.egg-info/PKG-INFO
[1.328s] writing dependency_links to natnet_ros2_py.egg-info/dependency_links.txt
[1.329s] writing top-level names to natnet_ros2_py.egg-info/top_level.txt
[1.343s] [ 89%] Built target natnet_ros2_s__rosidl_typesupport_fastrtps_c
[1.388s] [ 94%] Built target natnet_ros2_s__rosidl_typesupport_introspection_c
[1.418s] [100%] Built target natnet_ros2_s__rosidl_typesupport_c
[1.454s] reading manifest file 'natnet_ros2_py.egg-info/SOURCES.txt'
[1.457s] writing manifest file 'natnet_ros2_py.egg-info/SOURCES.txt'
[1.483s] reading manifest file 'natnet_ros2.egg-info/SOURCES.txt'
[1.486s] writing manifest file 'natnet_ros2.egg-info/SOURCES.txt'
[1.588s] [100%] Built target ament_cmake_python_build_natnet_ros2_py_egg
[1.632s] [100%] Built target ament_cmake_python_build_natnet_ros2_egg
[1.895s] Invoked command in '/home/strain-drone/Documents/drone_position_hold/ros2_ws/build/natnet_ros2' returned '0': CMAKE_PREFIX_PATH=${CMAKE_PREFIX_PATH}:/home/strain-drone/Documents/drone_position_hold/ros2_ws/install/visualizer:/home/strain-drone/Documents/drone_position_hold/ros2_ws/install/position_publisher:/home/strain-drone/Documents/drone_position_hold/ros2_ws/install/mocap4r2cli:/home/strain-drone/Documents/drone_position_hold/ros2_ws/install/mavros_config:/opt/ros/jazzy DEBUGINFOD_URLS=https://debuginfod.ubuntu.com PS1=\[\e]0;\u@\h: \w\a\]${debian_chroot:+($debian_chroot)}\[\033[01;32m\]\u@\h\[\033[00m\]:\[\033[01;34m\]\w\[\033[00m\]\$ /usr/bin/cmake --build /home/strain-drone/Documents/drone_position_hold/ros2_ws/build/natnet_ros2 -- -j4 -l4
[1.898s] Invoking command in '/home/strain-drone/Documents/drone_position_hold/ros2_ws/build/natnet_ros2': CMAKE_PREFIX_PATH=${CMAKE_PREFIX_PATH}:/home/strain-drone/Documents/drone_position_hold/ros2_ws/install/visualizer:/home/strain-drone/Documents/drone_position_hold/ros2_ws/install/position_publisher:/home/strain-drone/Documents/drone_position_hold/ros2_ws/install/mocap4r2cli:/home/strain-drone/Documents/drone_position_hold/ros2_ws/install/mavros_config:/opt/ros/jazzy DEBUGINFOD_URLS=https://debuginfod.ubuntu.com PS1=\[\e]0;\u@\h: \w\a\]${debian_chroot:+($debian_chroot)}\[\033[01;32m\]\u@\h\[\033[00m\]:\[\033[01;34m\]\w\[\033[00m\]\$ /usr/bin/cmake --install /home/strain-drone/Documents/drone_position_hold/ros2_ws/build/natnet_ros2
[1.922s] -- Install configuration: ""
[1.922s] -- Up-to-date: /home/strain-drone/Documents/drone_position_hold/ros2_ws/install/natnet_ros2/share/ament_index/resource_index/rosidl_interfaces/natnet_ros2
[1.922s] -- Up-to-date: /home/strain-drone/Documents/drone_position_hold/ros2_ws/install/natnet_ros2/share/natnet_ros2/srv/MarkerPoses.json
[1.922s] -- Up-to-date: /home/strain-drone/Documents/drone_position_hold/ros2_ws/install/natnet_ros2/include/natnet_ros2/natnet_ros2
[1.930s] -- Up-to-date: /home/strain-drone/Documents/drone_position_hold/ros2_ws/install/natnet_ros2/include/natnet_ros2/natnet_ros2/srv
[1.931s] -- Up-to-date: /home/strain-drone/Documents/drone_position_hold/ros2_ws/install/natnet_ros2/include/natnet_ros2/natnet_ros2/srv/detail
[1.931s] -- Up-to-date: /home/strain-drone/Documents/drone_position_hold/ros2_ws/install/natnet_ros2/include/natnet_ros2/natnet_ros2/srv/detail/marker_poses__functions.h
[1.931s] -- Up-to-date: /home/strain-drone/Documents/drone_position_hold/ros2_ws/install/natnet_ros2/include/natnet_ros2/natnet_ros2/srv/detail/marker_poses__type_support.h
[1.931s] -- Up-to-date: /home/strain-drone/Documents/drone_position_hold/ros2_ws/install/natnet_ros2/include/natnet_ros2/natnet_ros2/srv/detail/marker_poses__description.c
[1.931s] -- Installing: /home/strain-drone/Documents/drone_position_hold/ros2_ws/install/natnet_ros2/include/natnet_ros2/natnet_ros2/srv/detail/marker_poses__type_support.c
[1.932s] -- Up-to-date: /home/strain-drone/Documents/drone_position_hold/ros2_ws/install/natnet_ros2/include/natnet_ros2/natnet_ros2/srv/detail/marker_poses__struct.h
[1.932s] -- Up-to-date: /home/strain-drone/Documents/drone_position_hold/ros2_ws/install/natnet_ros2/include/natnet_ros2/natnet_ros2/srv/detail/marker_poses__functions.c
[1.932s] -- Up-to-date: /home/strain-drone/Documents/drone_position_hold/ros2_ws/install/natnet_ros2/include/natnet_ros2/natnet_ros2/srv/marker_poses.h
[1.932s] -- Up-to-date: /home/strain-drone/Documents/drone_position_hold/ros2_ws/install/natnet_ros2/include/natnet_ros2/natnet_ros2/msg
[1.932s] -- Up-to-date: /home/strain-drone/Documents/drone_position_hold/ros2_ws/install/natnet_ros2/include/natnet_ros2/natnet_ros2/msg/rosidl_generator_c__visibility_control.h
[1.932s] -- Up-to-date: /home/strain-drone/Documents/drone_position_hold/ros2_ws/install/natnet_ros2/share/natnet_ros2/environment/library_path.sh
[1.932s] -- Up-to-date: /home/strain-drone/Documents/drone_position_hold/ros2_ws/install/natnet_ros2/share/natnet_ros2/environment/library_path.dsv
[1.932s] -- Up-to-date: /home/strain-drone/Documents/drone_position_hold/ros2_ws/install/natnet_ros2/lib/libnatnet_ros2__rosidl_generator_c.so
[1.932s] -- Up-to-date: /home/strain-drone/Documents/drone_position_hold/ros2_ws/install/natnet_ros2/include/natnet_ros2/natnet_ros2
[1.933s] -- Up-to-date: /home/strain-drone/Documents/drone_position_hold/ros2_ws/install/natnet_ros2/include/natnet_ros2/natnet_ros2/srv
[1.933s] -- Up-to-date: /home/strain-drone/Documents/drone_position_hold/ros2_ws/install/natnet_ros2/include/natnet_ros2/natnet_ros2/srv/detail
[1.933s] -- Up-to-date: /home/strain-drone/Documents/drone_position_hold/ros2_ws/install/natnet_ros2/include/natnet_ros2/natnet_ros2/srv/detail/marker_poses__rosidl_typesupport_fastrtps_c.h
[1.933s] -- Up-to-date: /home/strain-drone/Documents/drone_position_hold/ros2_ws/install/natnet_ros2/include/natnet_ros2/natnet_ros2/msg
[1.933s] -- Up-to-date: /home/strain-drone/Documents/drone_position_hold/ros2_ws/install/natnet_ros2/include/natnet_ros2/natnet_ros2/msg/rosidl_typesupport_fastrtps_c__visibility_control.h
[1.933s] -- Up-to-date: /home/strain-drone/Documents/drone_position_hold/ros2_ws/install/natnet_ros2/lib/libnatnet_ros2__rosidl_typesupport_fastrtps_c.so
[1.933s] -- Up-to-date: /home/strain-drone/Documents/drone_position_hold/ros2_ws/install/natnet_ros2/include/natnet_ros2/natnet_ros2
[1.933s] -- Up-to-date: /home/strain-drone/Documents/drone_position_hold/ros2_ws/install/natnet_ros2/include/natnet_ros2/natnet_ros2/srv
[1.947s] -- Up-to-date: /home/strain-drone/Documents/drone_position_hold/ros2_ws/install/natnet_ros2/include/natnet_ros2/natnet_ros2/srv/detail
[1.947s] -- Up-to-date: /home/strain-drone/Documents/drone_position_hold/ros2_ws/install/natnet_ros2/include/natnet_ros2/natnet_ros2/srv/detail/marker_poses__struct.hpp
[1.948s] -- Up-to-date: /home/strain-drone/Documents/drone_position_hold/ros2_ws/install/natnet_ros2/include/natnet_ros2/natnet_ros2/srv/detail/marker_poses__type_support.hpp
[1.949s] -- Up-to-date: /home/strain-drone/Documents/drone_position_hold/ros2_ws/install/natnet_ros2/include/natnet_ros2/natnet_ros2/srv/detail/marker_poses__builder.hpp
[1.949s] -- Up-to-date: /home/strain-drone/Documents/drone_position_hold/ros2_ws/install/natnet_ros2/include/natnet_ros2/natnet_ros2/srv/detail/marker_poses__traits.hpp
[1.953s] -- Up-to-date: /home/strain-drone/Documents/drone_position_hold/ros2_ws/install/natnet_ros2/include/natnet_ros2/natnet_ros2/srv/marker_poses.hpp
[1.954s] -- Up-to-date: /home/strain-drone/Documents/drone_position_hold/ros2_ws/install/natnet_ros2/include/natnet_ros2/natnet_ros2/msg
[1.955s] -- Up-to-date: /home/strain-drone/Documents/drone_position_hold/ros2_ws/install/natnet_ros2/include/natnet_ros2/natnet_ros2/msg/rosidl_generator_cpp__visibility_control.hpp
[1.955s] -- Up-to-date: /home/strain-drone/Documents/drone_position_hold/ros2_ws/install/natnet_ros2/include/natnet_ros2/natnet_ros2
[1.956s] -- Up-to-date: /home/strain-drone/Documents/drone_position_hold/ros2_ws/install/natnet_ros2/include/natnet_ros2/natnet_ros2/srv
[1.957s] -- Up-to-date: /home/strain-drone/Documents/drone_position_hold/ros2_ws/install/natnet_ros2/include/natnet_ros2/natnet_ros2/srv/detail
[1.957s] -- Up-to-date: /home/strain-drone/Documents/drone_position_hold/ros2_ws/install/natnet_ros2/include/natnet_ros2/natnet_ros2/srv/detail/dds_fastrtps
[1.958s] -- Up-to-date: /home/strain-drone/Documents/drone_position_hold/ros2_ws/install/natnet_ros2/include/natnet_ros2/natnet_ros2/srv/detail/marker_poses__rosidl_typesupport_fastrtps_cpp.hpp
[1.959s] -- Up-to-date: /home/strain-drone/Documents/drone_position_hold/ros2_ws/install/natnet_ros2/include/natnet_ros2/natnet_ros2/msg
[1.960s] -- Up-to-date: /home/strain-drone/Documents/drone_position_hold/ros2_ws/install/natnet_ros2/include/natnet_ros2/natnet_ros2/msg/rosidl_typesupport_fastrtps_cpp__visibility_control.h
[1.960s] -- Up-to-date: /home/strain-drone/Documents/drone_position_hold/ros2_ws/install/natnet_ros2/lib/libnatnet_ros2__rosidl_typesupport_fastrtps_cpp.so
[1.961s] -- Up-to-date: /home/strain-drone/Documents/drone_position_hold/ros2_ws/install/natnet_ros2/include/natnet_ros2/natnet_ros2
[1.962s] -- Up-to-date: /home/strain-drone/Documents/drone_position_hold/ros2_ws/install/natnet_ros2/include/natnet_ros2/natnet_ros2/srv
[1.962s] -- Up-to-date: /home/strain-drone/Documents/drone_position_hold/ros2_ws/install/natnet_ros2/include/natnet_ros2/natnet_ros2/srv/detail
[1.963s] -- Up-to-date: /home/strain-drone/Documents/drone_position_hold/ros2_ws/install/natnet_ros2/include/natnet_ros2/natnet_ros2/srv/detail/marker_poses__rosidl_typesupport_introspection_c.h
[1.963s] -- Installing: /home/strain-drone/Documents/drone_position_hold/ros2_ws/install/natnet_ros2/include/natnet_ros2/natnet_ros2/srv/detail/marker_poses__type_support.c
[1.963s] -- Up-to-date: /home/strain-drone/Documents/drone_position_hold/ros2_ws/install/natnet_ros2/include/natnet_ros2/natnet_ros2/msg
[1.963s] -- Up-to-date: /home/strain-drone/Documents/drone_position_hold/ros2_ws/install/natnet_ros2/include/natnet_ros2/natnet_ros2/msg/rosidl_typesupport_introspection_c__visibility_control.h
[1.963s] -- Up-to-date: /home/strain-drone/Documents/drone_position_hold/ros2_ws/install/natnet_ros2/lib/libnatnet_ros2__rosidl_typesupport_introspection_c.so
[1.963s] -- Up-to-date: /home/strain-drone/Documents/drone_position_hold/ros2_ws/install/natnet_ros2/lib/libnatnet_ros2__rosidl_typesupport_c.so
[1.963s] -- Up-to-date: /home/strain-drone/Documents/drone_position_hold/ros2_ws/install/natnet_ros2/include/natnet_ros2/natnet_ros2
[1.963s] -- Up-to-date: /home/strain-drone/Documents/drone_position_hold/ros2_ws/install/natnet_ros2/include/natnet_ros2/natnet_ros2/srv
[1.966s] -- Up-to-date: /home/strain-drone/Documents/drone_position_hold/ros2_ws/install/natnet_ros2/include/natnet_ros2/natnet_ros2/srv/detail
[1.967s] -- Up-to-date: /home/strain-drone/Documents/drone_position_hold/ros2_ws/install/natnet_ros2/include/natnet_ros2/natnet_ros2/srv/detail/marker_poses__rosidl_typesupport_introspection_cpp.hpp
[1.968s] -- Up-to-date: /home/strain-drone/Documents/drone_position_hold/ros2_ws/install/natnet_ros2/include/natnet_ros2/natnet_ros2/srv/detail/marker_poses__type_support.cpp
[1.969s] -- Up-to-date: /home/strain-drone/Documents/drone_position_hold/ros2_ws/install/natnet_ros2/lib/libnatnet_ros2__rosidl_typesupport_introspection_cpp.so
[1.969s] -- Up-to-date: /home/strain-drone/Documents/drone_position_hold/ros2_ws/install/natnet_ros2/lib/libnatnet_ros2__rosidl_typesupport_cpp.so
[1.970s] -- Up-to-date: /home/strain-drone/Documents/drone_position_hold/ros2_ws/install/natnet_ros2/share/natnet_ros2/environment/pythonpath.sh
[1.971s] -- Up-to-date: /home/strain-drone/Documents/drone_position_hold/ros2_ws/install/natnet_ros2/share/natnet_ros2/environment/pythonpath.dsv
[1.972s] -- Up-to-date: /home/strain-drone/Documents/drone_position_hold/ros2_ws/install/natnet_ros2/lib/python3.12/site-packages/natnet_ros2-1.0.0-py3.12.egg-info
[1.973s] -- Installing: /home/strain-drone/Documents/drone_position_hold/ros2_ws/install/natnet_ros2/lib/python3.12/site-packages/natnet_ros2-1.0.0-py3.12.egg-info/dependency_links.txt
[1.973s] -- Installing: /home/strain-drone/Documents/drone_position_hold/ros2_ws/install/natnet_ros2/lib/python3.12/site-packages/natnet_ros2-1.0.0-py3.12.egg-info/PKG-INFO
[1.974s] -- Installing: /home/strain-drone/Documents/drone_position_hold/ros2_ws/install/natnet_ros2/lib/python3.12/site-packages/natnet_ros2-1.0.0-py3.12.egg-info/top_level.txt
[1.975s] -- Installing: /home/strain-drone/Documents/drone_position_hold/ros2_ws/install/natnet_ros2/lib/python3.12/site-packages/natnet_ros2-1.0.0-py3.12.egg-info/SOURCES.txt
[1.975s] -- Up-to-date: /home/strain-drone/Documents/drone_position_hold/ros2_ws/install/natnet_ros2/lib/python3.12/site-packages/natnet_ros2
[1.976s] -- Up-to-date: /home/strain-drone/Documents/drone_position_hold/ros2_ws/install/natnet_ros2/lib/python3.12/site-packages/natnet_ros2/_natnet_ros2_s.ep.rosidl_typesupport_introspection_c.c
[1.977s] -- Up-to-date: /home/strain-drone/Documents/drone_position_hold/ros2_ws/install/natnet_ros2/lib/python3.12/site-packages/natnet_ros2/_natnet_ros2_s.ep.rosidl_typesupport_c.c
[1.978s] -- Up-to-date: /home/strain-drone/Documents/drone_position_hold/ros2_ws/install/natnet_ros2/lib/python3.12/site-packages/natnet_ros2/srv
[1.979s] -- Up-to-date: /home/strain-drone/Documents/drone_position_hold/ros2_ws/install/natnet_ros2/lib/python3.12/site-packages/natnet_ros2/srv/_marker_poses.py
[1.980s] -- Up-to-date: /home/strain-drone/Documents/drone_position_hold/ros2_ws/install/natnet_ros2/lib/python3.12/site-packages/natnet_ros2/srv/_marker_poses_s.c
[1.981s] -- Up-to-date: /home/strain-drone/Documents/drone_position_hold/ros2_ws/install/natnet_ros2/lib/python3.12/site-packages/natnet_ros2/srv/__init__.py
[1.982s] -- Up-to-date: /home/strain-drone/Documents/drone_position_hold/ros2_ws/install/natnet_ros2/lib/python3.12/site-packages/natnet_ros2/natnet_ros2_s__rosidl_typesupport_fastrtps_c.so
[1.983s] -- Up-to-date: /home/strain-drone/Documents/drone_position_hold/ros2_ws/install/natnet_ros2/lib/python3.12/site-packages/natnet_ros2/natnet_ros2_s__rosidl_typesupport_c.so
[1.983s] -- Up-to-date: /home/strain-drone/Documents/drone_position_hold/ros2_ws/install/natnet_ros2/lib/python3.12/site-packages/natnet_ros2/__init__.py
[1.984s] -- Up-to-date: /home/strain-drone/Documents/drone_position_hold/ros2_ws/install/natnet_ros2/lib/python3.12/site-packages/natnet_ros2/_natnet_ros2_s.ep.rosidl_typesupport_fastrtps_c.c
[1.985s] -- Up-to-date: /home/strain-drone/Documents/drone_position_hold/ros2_ws/install/natnet_ros2/lib/python3.12/site-packages/natnet_ros2/natnet_ros2_s__rosidl_typesupport_introspection_c.so
[2.008s] Listing '/home/strain-drone/Documents/drone_position_hold/ros2_ws/install/natnet_ros2/lib/python3.12/site-packages/natnet_ros2'...
[2.009s] Listing '/home/strain-drone/Documents/drone_position_hold/ros2_ws/install/natnet_ros2/lib/python3.12/site-packages/natnet_ros2/srv'...
[2.024s] -- Up-to-date: /home/strain-drone/Documents/drone_position_hold/ros2_ws/install/natnet_ros2/lib/python3.12/site-packages/natnet_ros2/natnet_ros2_s__rosidl_typesupport_fastrtps_c.so
[2.025s] -- Up-to-date: /home/strain-drone/Documents/drone_position_hold/ros2_ws/install/natnet_ros2/lib/python3.12/site-packages/natnet_ros2/natnet_ros2_s__rosidl_typesupport_introspection_c.so
[2.027s] -- Up-to-date: /home/strain-drone/Documents/drone_position_hold/ros2_ws/install/natnet_ros2/lib/python3.12/site-packages/natnet_ros2/natnet_ros2_s__rosidl_typesupport_c.so
[2.027s] -- Up-to-date: /home/strain-drone/Documents/drone_position_hold/ros2_ws/install/natnet_ros2/lib/libnatnet_ros2__rosidl_generator_py.so
[2.027s] -- Up-to-date: /home/strain-drone/Documents/drone_position_hold/ros2_ws/install/natnet_ros2/share/natnet_ros2/srv/MarkerPoses.idl
[2.027s] -- Up-to-date: /home/strain-drone/Documents/drone_position_hold/ros2_ws/install/natnet_ros2/share/natnet_ros2/srv/MarkerPoses.srv
[2.027s] -- Up-to-date: /home/strain-drone/Documents/drone_position_hold/ros2_ws/install/natnet_ros2/include/natnet_ros2
[2.027s] -- Up-to-date: /home/strain-drone/Documents/drone_position_hold/ros2_ws/install/natnet_ros2/include/natnet_ros2/nn_filter.hpp
[2.027s] -- Up-to-date: /home/strain-drone/Documents/drone_position_hold/ros2_ws/install/natnet_ros2/include/natnet_ros2/object_data.hpp
[2.027s] -- Up-to-date: /home/strain-drone/Documents/drone_position_hold/ros2_ws/install/natnet_ros2/include/natnet_ros2/natnet_ros2.hpp
[2.028s] -- Up-to-date: /home/strain-drone/Documents/drone_position_hold/ros2_ws/install/natnet_ros2/share/natnet_ros2/launch
[2.034s] -- Up-to-date: /home/strain-drone/Documents/drone_position_hold/ros2_ws/install/natnet_ros2/share/natnet_ros2/launch/natnet_ros2.launch.py
[2.034s] -- Up-to-date: /home/strain-drone/Documents/drone_position_hold/ros2_ws/install/natnet_ros2/share/natnet_ros2/launch/gui_natnet_ros2.launch.py
[2.034s] -- Up-to-date: /home/strain-drone/Documents/drone_position_hold/ros2_ws/install/natnet_ros2/share/natnet_ros2/config
[2.034s] -- Up-to-date: /home/strain-drone/Documents/drone_position_hold/ros2_ws/install/natnet_ros2/share/natnet_ros2/config/initiate.yaml
[2.034s] -- Up-to-date: /home/strain-drone/Documents/drone_position_hold/ros2_ws/install/natnet_ros2/share/natnet_ros2/config/conf_autogen.yaml
[2.035s] -- Up-to-date: /home/strain-drone/Documents/drone_position_hold/ros2_ws/install/natnet_ros2/share/natnet_ros2/ui
[2.035s] -- Up-to-date: /home/strain-drone/Documents/drone_position_hold/ros2_ws/install/natnet_ros2/share/natnet_ros2/ui/helper.ui
[2.035s] -- Up-to-date: /home/strain-drone/Documents/drone_position_hold/ros2_ws/install/natnet_ros2/share/natnet_ros2/ui/ros-logo.png
[2.035s] -- Up-to-date: /home/strain-drone/Documents/drone_position_hold/ros2_ws/install/natnet_ros2/share/natnet_ros2/ui/logo.png
[2.035s] -- Up-to-date: /home/strain-drone/Documents/drone_position_hold/ros2_ws/install/natnet_ros2/lib/natnet_ros2/natnet_ros2_node
[2.035s] -- Up-to-date: /home/strain-drone/Documents/drone_position_hold/ros2_ws/install/natnet_ros2/bin/natnet_ros2_node
[2.035s] -- Up-to-date: /home/strain-drone/Documents/drone_position_hold/ros2_ws/install/natnet_ros2/lib/natnet_ros2/marker_poses_server
[2.036s] -- Up-to-date: /home/strain-drone/Documents/drone_position_hold/ros2_ws/install/natnet_ros2/bin/marker_poses_server
[2.036s] -- Up-to-date: /home/strain-drone/Documents/drone_position_hold/ros2_ws/install/natnet_ros2/lib/python3.12/site-packages/natnet_ros2_py-1.0.0-py3.12.egg-info
[2.036s] -- Installing: /home/strain-drone/Documents/drone_position_hold/ros2_ws/install/natnet_ros2/lib/python3.12/site-packages/natnet_ros2_py-1.0.0-py3.12.egg-info/dependency_links.txt
[2.036s] -- Installing: /home/strain-drone/Documents/drone_position_hold/ros2_ws/install/natnet_ros2/lib/python3.12/site-packages/natnet_ros2_py-1.0.0-py3.12.egg-info/PKG-INFO
[2.036s] -- Installing: /home/strain-drone/Documents/drone_position_hold/ros2_ws/install/natnet_ros2/lib/python3.12/site-packages/natnet_ros2_py-1.0.0-py3.12.egg-info/top_level.txt
[2.036s] -- Installing: /home/strain-drone/Documents/drone_position_hold/ros2_ws/install/natnet_ros2/lib/python3.12/site-packages/natnet_ros2_py-1.0.0-py3.12.egg-info/SOURCES.txt
[2.036s] -- Up-to-date: /home/strain-drone/Documents/drone_position_hold/ros2_ws/install/natnet_ros2/lib/python3.12/site-packages/natnet_ros2_py
[2.036s] -- Up-to-date: /home/strain-drone/Documents/drone_position_hold/ros2_ws/install/natnet_ros2/lib/python3.12/site-packages/natnet_ros2_py/node_module.py
[2.045s] -- Up-to-date: /home/strain-drone/Documents/drone_position_hold/ros2_ws/install/natnet_ros2/lib/python3.12/site-packages/natnet_ros2_py/__init__.py
[2.102s] Listing '/home/strain-drone/Documents/drone_position_hold/ros2_ws/install/natnet_ros2/lib/python3.12/site-packages/natnet_ros2_py'...
[2.118s] -- Up-to-date: /home/strain-drone/Documents/drone_position_hold/ros2_ws/install/natnet_ros2/lib/natnet_ros2/helper_node_r2.py
[2.118s] -- Up-to-date: /home/strain-drone/Documents/drone_position_hold/ros2_ws/install/natnet_ros2/include
[2.119s] -- Up-to-date: /home/strain-drone/Documents/drone_position_hold/ros2_ws/install/natnet_ros2/include/natnet_ros2
[2.119s] -- Up-to-date: /home/strain-drone/Documents/drone_position_hold/ros2_ws/install/natnet_ros2/include/natnet_ros2/nn_filter.hpp
[2.123s] -- Up-to-date: /home/strain-drone/Documents/drone_position_hold/ros2_ws/install/natnet_ros2/include/natnet_ros2/object_data.hpp
[2.123s] -- Up-to-date: /home/strain-drone/Documents/drone_position_hold/ros2_ws/install/natnet_ros2/include/natnet_ros2/natnet_ros2.hpp
[2.123s] -- Up-to-date: /home/strain-drone/Documents/drone_position_hold/ros2_ws/install/natnet_ros2/share/ament_index/resource_index/package_run_dependencies/natnet_ros2
[2.123s] -- Up-to-date: /home/strain-drone/Documents/drone_position_hold/ros2_ws/install/natnet_ros2/share/ament_index/resource_index/parent_prefix_path/natnet_ros2
[2.123s] -- Up-to-date: /home/strain-drone/Documents/drone_position_hold/ros2_ws/install/natnet_ros2/share/natnet_ros2/environment/ament_prefix_path.sh
[2.123s] -- Up-to-date: /home/strain-drone/Documents/drone_position_hold/ros2_ws/install/natnet_ros2/share/natnet_ros2/environment/ament_prefix_path.dsv
[2.123s] -- Up-to-date: /home/strain-drone/Documents/drone_position_hold/ros2_ws/install/natnet_ros2/share/natnet_ros2/environment/path.sh
[2.123s] -- Up-to-date: /home/strain-drone/Documents/drone_position_hold/ros2_ws/install/natnet_ros2/share/natnet_ros2/environment/path.dsv
[2.124s] -- Up-to-date: /home/strain-drone/Documents/drone_position_hold/ros2_ws/install/natnet_ros2/share/natnet_ros2/local_setup.bash
[2.124s] -- Up-to-date: /home/strain-drone/Documents/drone_position_hold/ros2_ws/install/natnet_ros2/share/natnet_ros2/local_setup.sh
[2.124s] -- Up-to-date: /home/strain-drone/Documents/drone_position_hold/ros2_ws/install/natnet_ros2/share/natnet_ros2/local_setup.zsh
[2.124s] -- Up-to-date: /home/strain-drone/Documents/drone_position_hold/ros2_ws/install/natnet_ros2/share/natnet_ros2/local_setup.dsv
[2.124s] -- Installing: /home/strain-drone/Documents/drone_position_hold/ros2_ws/install/natnet_ros2/share/natnet_ros2/package.dsv
[2.124s] -- Up-to-date: /home/strain-drone/Documents/drone_position_hold/ros2_ws/install/natnet_ros2/share/ament_index/resource_index/packages/natnet_ros2
[2.124s] -- Up-to-date: /home/strain-drone/Documents/drone_position_hold/ros2_ws/install/natnet_ros2/share/natnet_ros2/cmake/export_natnet_ros2__rosidl_generator_cExport.cmake
[2.124s] -- Up-to-date: /home/strain-drone/Documents/drone_position_hold/ros2_ws/install/natnet_ros2/share/natnet_ros2/cmake/export_natnet_ros2__rosidl_generator_cExport-noconfig.cmake
[2.124s] -- Up-to-date: /home/strain-drone/Documents/drone_position_hold/ros2_ws/install/natnet_ros2/share/natnet_ros2/cmake/export_natnet_ros2__rosidl_typesupport_fastrtps_cExport.cmake
[2.124s] -- Up-to-date: /home/strain-drone/Documents/drone_position_hold/ros2_ws/install/natnet_ros2/share/natnet_ros2/cmake/export_natnet_ros2__rosidl_typesupport_fastrtps_cExport-noconfig.cmake
[2.125s] -- Up-to-date: /home/strain-drone/Documents/drone_position_hold/ros2_ws/install/natnet_ros2/share/natnet_ros2/cmake/export_natnet_ros2__rosidl_generator_cppExport.cmake
[2.125s] -- Up-to-date: /home/strain-drone/Documents/drone_position_hold/ros2_ws/install/natnet_ros2/share/natnet_ros2/cmake/export_natnet_ros2__rosidl_typesupport_fastrtps_cppExport.cmake
[2.125s] -- Up-to-date: /home/strain-drone/Documents/drone_position_hold/ros2_ws/install/natnet_ros2/share/natnet_ros2/cmake/export_natnet_ros2__rosidl_typesupport_fastrtps_cppExport-noconfig.cmake
[2.125s] -- Up-to-date: /home/strain-drone/Documents/drone_position_hold/ros2_ws/install/natnet_ros2/share/natnet_ros2/cmake/natnet_ros2__rosidl_typesupport_introspection_cExport.cmake
[2.125s] -- Up-to-date: /home/strain-drone/Documents/drone_position_hold/ros2_ws/install/natnet_ros2/share/natnet_ros2/cmake/natnet_ros2__rosidl_typesupport_introspection_cExport-noconfig.cmake
[2.125s] -- Up-to-date: /home/strain-drone/Documents/drone_position_hold/ros2_ws/install/natnet_ros2/share/natnet_ros2/cmake/natnet_ros2__rosidl_typesupport_cExport.cmake
[2.125s] -- Up-to-date: /home/strain-drone/Documents/drone_position_hold/ros2_ws/install/natnet_ros2/share/natnet_ros2/cmake/natnet_ros2__rosidl_typesupport_cExport-noconfig.cmake
[2.125s] -- Up-to-date: /home/strain-drone/Documents/drone_position_hold/ros2_ws/install/natnet_ros2/share/natnet_ros2/cmake/natnet_ros2__rosidl_typesupport_introspection_cppExport.cmake
[2.125s] -- Up-to-date: /home/strain-drone/Documents/drone_position_hold/ros2_ws/install/natnet_ros2/share/natnet_ros2/cmake/natnet_ros2__rosidl_typesupport_introspection_cppExport-noconfig.cmake
[2.125s] -- Up-to-date: /home/strain-drone/Documents/drone_position_hold/ros2_ws/install/natnet_ros2/share/natnet_ros2/cmake/natnet_ros2__rosidl_typesupport_cppExport.cmake
[2.132s] -- Up-to-date: /home/strain-drone/Documents/drone_position_hold/ros2_ws/install/natnet_ros2/share/natnet_ros2/cmake/natnet_ros2__rosidl_typesupport_cppExport-noconfig.cmake
[2.132s] -- Up-to-date: /home/strain-drone/Documents/drone_position_hold/ros2_ws/install/natnet_ros2/share/natnet_ros2/cmake/export_natnet_ros2__rosidl_generator_pyExport.cmake
[2.132s] -- Up-to-date: /home/strain-drone/Documents/drone_position_hold/ros2_ws/install/natnet_ros2/share/natnet_ros2/cmake/export_natnet_ros2__rosidl_generator_pyExport-noconfig.cmake
[2.132s] -- Up-to-date: /home/strain-drone/Documents/drone_position_hold/ros2_ws/install/natnet_ros2/share/natnet_ros2/cmake/rosidl_cmake-extras.cmake
[2.132s] -- Up-to-date: /home/strain-drone/Documents/drone_position_hold/ros2_ws/install/natnet_ros2/share/natnet_ros2/cmake/ament_cmake_export_dependencies-extras.cmake
[2.133s] -- Up-to-date: /home/strain-drone/Documents/drone_position_hold/ros2_ws/install/natnet_ros2/share/natnet_ros2/cmake/ament_cmake_export_include_directories-extras.cmake
[2.133s] -- Up-to-date: /home/strain-drone/Documents/drone_position_hold/ros2_ws/install/natnet_ros2/share/natnet_ros2/cmake/ament_cmake_export_libraries-extras.cmake
[2.133s] -- Up-to-date: /home/strain-drone/Documents/drone_position_hold/ros2_ws/install/natnet_ros2/share/natnet_ros2/cmake/ament_cmake_export_targets-extras.cmake
[2.133s] -- Up-to-date: /home/strain-drone/Documents/drone_position_hold/ros2_ws/install/natnet_ros2/share/natnet_ros2/cmake/rosidl_cmake_export_typesupport_targets-extras.cmake
[2.133s] -- Up-to-date: /home/strain-drone/Documents/drone_position_hold/ros2_ws/install/natnet_ros2/share/natnet_ros2/cmake/rosidl_cmake_export_typesupport_libraries-extras.cmake
[2.133s] -- Up-to-date: /home/strain-drone/Documents/drone_position_hold/ros2_ws/install/natnet_ros2/share/natnet_ros2/cmake/natnet_ros2Config.cmake
[2.133s] -- Up-to-date: /home/strain-drone/Documents/drone_position_hold/ros2_ws/install/natnet_ros2/share/natnet_ros2/cmake/natnet_ros2Config-version.cmake
[2.133s] -- Up-to-date: /home/strain-drone/Documents/drone_position_hold/ros2_ws/install/natnet_ros2/share/natnet_ros2/package.xml
[2.140s] Invoked command in '/home/strain-drone/Documents/drone_position_hold/ros2_ws/build/natnet_ros2' returned '0': CMAKE_PREFIX_PATH=${CMAKE_PREFIX_PATH}:/home/strain-drone/Documents/drone_position_hold/ros2_ws/install/visualizer:/home/strain-drone/Documents/drone_position_hold/ros2_ws/install/position_publisher:/home/strain-drone/Documents/drone_position_hold/ros2_ws/install/mocap4r2cli:/home/strain-drone/Documents/drone_position_hold/ros2_ws/install/mavros_config:/opt/ros/jazzy DEBUGINFOD_URLS=https://debuginfod.ubuntu.com PS1=\[\e]0;\u@\h: \w\a\]${debian_chroot:+($debian_chroot)}\[\033[01;32m\]\u@\h\[\033[00m\]:\[\033[01;34m\]\w\[\033[00m\]\$ /usr/bin/cmake --install /home/strain-drone/Documents/drone_position_hold/ros2_ws/build/natnet_ros2
