[0.080s] Invoking command in '/home/strain-drone/Documents/drone_position_hold/ros2_ws/src/build/mocap4r2_vicon_driver': AMENT_PREFIX_PATH=/home/strain-drone/Documents/drone_position_hold/ros2_ws/src/install/mocap4r2_control:/home/strain-drone/Documents/drone_position_hold/ros2_ws/src/install/mocap4r2_msgs:/home/strain-drone/Documents/drone_position_hold/ros2_ws/src/install/mocap4r2_control_msgs:${AMENT_PREFIX_PATH} CMAKE_PREFIX_PATH=/home/strain-drone/Documents/drone_position_hold/ros2_ws/src/install/mocap4r2_control:/home/strain-drone/Documents/drone_position_hold/ros2_ws/src/install/mocap4r2_msgs:/home/strain-drone/Documents/drone_position_hold/ros2_ws/src/install/mocap4r2_control_msgs:/opt/ros/jazzy/opt/gz_math_vendor:/opt/ros/jazzy/opt/gz_utils_vendor:/opt/ros/jazzy/opt/gz_cmake_vendor:/opt/ros/jazzy DEBUGINFOD_URLS=https://debuginfod.ubuntu.com LD_LIBRARY_PATH=/home/strain-drone/Documents/drone_position_hold/ros2_ws/src/install/mocap4r2_control/lib:/home/strain-drone/Documents/drone_position_hold/ros2_ws/src/install/mocap4r2_msgs/lib:/home/strain-drone/Documents/drone_position_hold/ros2_ws/src/install/mocap4r2_control_msgs/lib:${LD_LIBRARY_PATH} PYTHONPATH=/home/strain-drone/Documents/drone_position_hold/ros2_ws/src/install/mocap4r2_msgs/lib/python3.12/site-packages:/home/strain-drone/Documents/drone_position_hold/ros2_ws/src/install/mocap4r2_control_msgs/lib/python3.12/site-packages:${PYTHONPATH} VIRTUAL_ENV_PROMPT=(venv-ardupilot) /usr/bin/cmake /home/strain-drone/Documents/drone_position_hold/ros2_ws/src/mocap4ros2_vicon/mocap4r2_vicon_driver -DCMAKE_INSTALL_PREFIX=/home/strain-drone/Documents/drone_position_hold/ros2_ws/src/install/mocap4r2_vicon_driver
[0.642s] -- The C compiler identification is GNU 13.3.0
[1.135s] -- The CXX compiler identification is GNU 13.3.0
[1.315s] -- Detecting C compiler ABI info
[1.772s] -- Detecting C compiler ABI info - done
[1.805s] -- Check for working C compiler: /usr/lib/ccache/cc - skipped
[1.808s] -- Detecting C compile features
[1.812s] -- Detecting C compile features - done
[1.845s] -- Detecting CXX compiler ABI info
[2.112s] -- Detecting CXX compiler ABI info - done
[2.134s] -- Check for working CXX compiler: /usr/lib/ccache/c++ - skipped
[2.135s] -- Detecting CXX compile features
[2.139s] -- Detecting CXX compile features - done
[2.148s] -- Found ament_cmake: 2.5.4 (/opt/ros/jazzy/share/ament_cmake/cmake)
[2.640s] -- Found Python3: /home/strain-drone/venv-ardupilot/bin/python3 (found version "3.12.3") found components: Interpreter 
[3.200s] -- Found rclcpp: 28.1.9 (/opt/ros/jazzy/share/rclcpp/cmake)
[3.313s] -- Found rosidl_generator_c: 4.6.5 (/opt/ros/jazzy/share/rosidl_generator_c/cmake)
[3.343s] -- Found rosidl_generator_cpp: 4.6.5 (/opt/ros/jazzy/share/rosidl_generator_cpp/cmake)
[3.377s] -- Using all available rosidl_typesupport_c: rosidl_typesupport_fastrtps_c;rosidl_typesupport_introspection_c
[3.418s] -- Using all available rosidl_typesupport_cpp: rosidl_typesupport_fastrtps_cpp;rosidl_typesupport_introspection_cpp
[3.578s] -- Found rmw_implementation_cmake: 7.3.2 (/opt/ros/jazzy/share/rmw_implementation_cmake/cmake)
[3.583s] -- Found rmw_fastrtps_cpp: 8.4.2 (/opt/ros/jazzy/share/rmw_fastrtps_cpp/cmake)
[3.845s] -- Found OpenSSL: /usr/lib/aarch64-linux-gnu/libcrypto.so (found version "3.0.13")  
[3.907s] -- Found FastRTPS: /opt/ros/jazzy/include (Required is at least version "2.13") 
[3.967s] -- Using RMW implementation 'rmw_fastrtps_cpp' as default
[4.130s] -- Found rclcpp_lifecycle: 28.1.9 (/opt/ros/jazzy/share/rclcpp_lifecycle/cmake)
[4.188s] -- Found mocap4r2_msgs: 0.0.3 (/home/strain-drone/Documents/drone_position_hold/ros2_ws/src/install/mocap4r2_msgs/share/mocap4r2_msgs/cmake)
[4.298s] -- Found mocap4r2_control: 0.0.7 (/home/strain-drone/Documents/drone_position_hold/ros2_ws/src/install/mocap4r2_control/share/mocap4r2_control/cmake)
[4.646s] -- Found Boost: /usr/lib/aarch64-linux-gnu/cmake/Boost-1.83.0/BoostConfig.cmake (found version "1.83.0") found components: thread date_time chrono 
[4.691s] -- Found ament_cmake_copyright: 0.17.2 (/opt/ros/jazzy/share/ament_cmake_copyright/cmake)
[4.696s] -- Found ament_cmake_cppcheck: 0.17.2 (/opt/ros/jazzy/share/ament_cmake_cppcheck/cmake)
[4.702s] -- Found ament_cmake_cpplint: 0.17.2 (/opt/ros/jazzy/share/ament_cmake_cpplint/cmake)
[4.707s] -- Found ament_cmake_lint_cmake: 0.17.2 (/opt/ros/jazzy/share/ament_cmake_lint_cmake/cmake)
[4.714s] -- Found ament_cmake_xmllint: 0.17.2 (/opt/ros/jazzy/share/ament_cmake_xmllint/cmake)
[4.718s] -- Found ament_cmake_uncrustify: 0.17.2 (/opt/ros/jazzy/share/ament_cmake_uncrustify/cmake)
[4.745s] -- Found ament_cmake_gtest: 2.5.4 (/opt/ros/jazzy/share/ament_cmake_gtest/cmake)
[4.752s] -- Found gtest sources under '/opt/ros/jazzy/src/gtest_vendor': C++ tests using 'Google Test' will be built
[4.765s] -- Found Threads: TRUE  
[5.196s] -- Configuring done (5.0s)
[5.425s] -- Generating done (0.2s)
[5.452s] -- Build files have been written to: /home/strain-drone/Documents/drone_position_hold/ros2_ws/src/build/mocap4r2_vicon_driver
[5.516s] Invoked command in '/home/strain-drone/Documents/drone_position_hold/ros2_ws/src/build/mocap4r2_vicon_driver' returned '0': AMENT_PREFIX_PATH=/home/strain-drone/Documents/drone_position_hold/ros2_ws/src/install/mocap4r2_control:/home/strain-drone/Documents/drone_position_hold/ros2_ws/src/install/mocap4r2_msgs:/home/strain-drone/Documents/drone_position_hold/ros2_ws/src/install/mocap4r2_control_msgs:${AMENT_PREFIX_PATH} CMAKE_PREFIX_PATH=/home/strain-drone/Documents/drone_position_hold/ros2_ws/src/install/mocap4r2_control:/home/strain-drone/Documents/drone_position_hold/ros2_ws/src/install/mocap4r2_msgs:/home/strain-drone/Documents/drone_position_hold/ros2_ws/src/install/mocap4r2_control_msgs:/opt/ros/jazzy/opt/gz_math_vendor:/opt/ros/jazzy/opt/gz_utils_vendor:/opt/ros/jazzy/opt/gz_cmake_vendor:/opt/ros/jazzy DEBUGINFOD_URLS=https://debuginfod.ubuntu.com LD_LIBRARY_PATH=/home/strain-drone/Documents/drone_position_hold/ros2_ws/src/install/mocap4r2_control/lib:/home/strain-drone/Documents/drone_position_hold/ros2_ws/src/install/mocap4r2_msgs/lib:/home/strain-drone/Documents/drone_position_hold/ros2_ws/src/install/mocap4r2_control_msgs/lib:${LD_LIBRARY_PATH} PYTHONPATH=/home/strain-drone/Documents/drone_position_hold/ros2_ws/src/install/mocap4r2_msgs/lib/python3.12/site-packages:/home/strain-drone/Documents/drone_position_hold/ros2_ws/src/install/mocap4r2_control_msgs/lib/python3.12/site-packages:${PYTHONPATH} VIRTUAL_ENV_PROMPT=(venv-ardupilot) /usr/bin/cmake /home/strain-drone/Documents/drone_position_hold/ros2_ws/src/mocap4ros2_vicon/mocap4r2_vicon_driver -DCMAKE_INSTALL_PREFIX=/home/strain-drone/Documents/drone_position_hold/ros2_ws/src/install/mocap4r2_vicon_driver
[5.520s] Invoking command in '/home/strain-drone/Documents/drone_position_hold/ros2_ws/src/build/mocap4r2_vicon_driver': AMENT_PREFIX_PATH=/home/strain-drone/Documents/drone_position_hold/ros2_ws/src/install/mocap4r2_control:/home/strain-drone/Documents/drone_position_hold/ros2_ws/src/install/mocap4r2_msgs:/home/strain-drone/Documents/drone_position_hold/ros2_ws/src/install/mocap4r2_control_msgs:${AMENT_PREFIX_PATH} CMAKE_PREFIX_PATH=/home/strain-drone/Documents/drone_position_hold/ros2_ws/src/install/mocap4r2_control:/home/strain-drone/Documents/drone_position_hold/ros2_ws/src/install/mocap4r2_msgs:/home/strain-drone/Documents/drone_position_hold/ros2_ws/src/install/mocap4r2_control_msgs:/opt/ros/jazzy/opt/gz_math_vendor:/opt/ros/jazzy/opt/gz_utils_vendor:/opt/ros/jazzy/opt/gz_cmake_vendor:/opt/ros/jazzy DEBUGINFOD_URLS=https://debuginfod.ubuntu.com LD_LIBRARY_PATH=/home/strain-drone/Documents/drone_position_hold/ros2_ws/src/install/mocap4r2_control/lib:/home/strain-drone/Documents/drone_position_hold/ros2_ws/src/install/mocap4r2_msgs/lib:/home/strain-drone/Documents/drone_position_hold/ros2_ws/src/install/mocap4r2_control_msgs/lib:${LD_LIBRARY_PATH} PYTHONPATH=/home/strain-drone/Documents/drone_position_hold/ros2_ws/src/install/mocap4r2_msgs/lib/python3.12/site-packages:/home/strain-drone/Documents/drone_position_hold/ros2_ws/src/install/mocap4r2_control_msgs/lib/python3.12/site-packages:${PYTHONPATH} VIRTUAL_ENV_PROMPT=(venv-ardupilot) /usr/bin/cmake --build /home/strain-drone/Documents/drone_position_hold/ros2_ws/src/build/mocap4r2_vicon_driver -- -j4 -l4
[5.775s] [  3%] [32mBuilding CXX object CMakeFiles/vicon_sdk.dir/ThirdParty/DataStream/ViconCGStream/Dummy.cpp.o[0m
[5.800s] [  6%] [32mBuilding CXX object gtest/CMakeFiles/gtest.dir/src/gtest-all.cc.o[0m
[5.801s] [ 10%] [32mBuilding CXX object CMakeFiles/vicon_sdk.dir/ThirdParty/DataStream/ViconCGStreamClient/CGStreamReaderWriter.cpp.o[0m
[5.816s] [ 13%] [32mBuilding CXX object gtest/CMakeFiles/gtest_main.dir/src/gtest_main.cc.o[0m
[5.840s] [ 16%] [32mBuilding CXX object CMakeFiles/vicon_sdk.dir/ThirdParty/DataStream/ViconCGStreamClient/ViconCGStreamBayer.cpp.o[0m
[5.902s] [ 20%] [32mBuilding CXX object CMakeFiles/vicon_sdk.dir/ThirdParty/DataStream/ViconCGStreamClient/ViconCGStreamClient.cpp.o[0m
[5.902s] [ 23%] [32m[1mLinking CXX static library libgtest.a[0m
[5.902s] [ 26%] [32mBuilding CXX object CMakeFiles/vicon_sdk.dir/ThirdParty/DataStream/ViconCGStreamClientSDK/CGClient.cpp.o[0m
[5.906s] [ 30%] [32m[1mLinking CXX static library libgtest_main.a[0m
[5.997s] [ 33%] [32mBuilding CXX object CMakeFiles/vicon_sdk.dir/ThirdParty/DataStream/ViconDataStreamSDKCore/CoreClient.cpp.o[0m
[6.087s] [ 36%] [32mBuilding CXX object CMakeFiles/vicon_sdk.dir/ThirdParty/DataStream/ViconDataStreamSDKCore/CoreClientTimingLog.cpp.o[0m
[6.148s] [ 36%] Built target gtest_main
[6.148s] [ 40%] [32mBuilding CXX object CMakeFiles/vicon_sdk.dir/ThirdParty/DataStream/ViconDataStreamSDKCore/RetimerUtils.cpp.o[0m
[6.166s] [ 43%] [32mBuilding CXX object CMakeFiles/vicon_sdk.dir/ThirdParty/DataStream/ViconDataStreamSDKCore/RetimingClient.cpp.o[0m
[6.182s] [ 46%] [32mBuilding CXX object CMakeFiles/vicon_sdk.dir/ThirdParty/DataStream/ViconDataStreamSDKCore/RetimingCore.cpp.o[0m
[6.194s] [ 50%] [32mBuilding CXX object CMakeFiles/vicon_sdk.dir/ThirdParty/DataStream/ViconDataStreamSDKCore/SegmentPoseReader.cpp.o[0m
[6.260s] [01m[K/home/strain-drone/Documents/drone_position_hold/ros2_ws/src/mocap4ros2_vicon/mocap4r2_vicon_driver/ThirdParty/DataStream/ViconDataStreamSDKCore/RetimingCore.cpp:30:[m[K [01;35m[Kwarning: [m[Kignoring ‘[01m[K#pragma warning [m[K’ [[01;35m[K-Wunknown-pragmas[m[K]
[6.260s]    30 | #pragma warning( push )
[6.260s]       | 
[6.261s] [01m[K/home/strain-drone/Documents/drone_position_hold/ros2_ws/src/mocap4ros2_vicon/mocap4r2_vicon_driver/ThirdParty/DataStream/ViconDataStreamSDKCore/RetimingCore.cpp:31:[m[K [01;35m[Kwarning: [m[Kignoring ‘[01m[K#pragma warning [m[K’ [[01;35m[K-Wunknown-pragmas[m[K]
[6.264s]    31 | #pragma warning( disable : 4265 )
[6.264s]       | 
[6.265s] [01m[K/home/strain-drone/Documents/drone_position_hold/ros2_ws/src/mocap4ros2_vicon/mocap4r2_vicon_driver/ThirdParty/DataStream/ViconDataStreamSDKCore/RetimingCore.cpp:33:[m[K [01;35m[Kwarning: [m[Kignoring ‘[01m[K#pragma warning [m[K’ [[01;35m[K-Wunknown-pragmas[m[K]
[6.265s]    33 | #pragma warning( pop )
[6.265s]       | 
[6.266s] [01m[K/home/strain-drone/Documents/drone_position_hold/ros2_ws/src/mocap4ros2_vicon/mocap4r2_vicon_driver/ThirdParty/DataStream/ViconDataStreamSDKCore/RetimingCore.cpp:[m[K In member function ‘[01m[Kstd::shared_ptr<const ViconDataStreamSDK::Core::VSubjectPose> ViconDataStreamSDK::Core::VRetimingCore::[01;32m[KPredict[m[K(std::shared_ptr<const ViconDataStreamSDK::Core::VSubjectPose>, std::shared_ptr<const ViconDataStreamSDK::Core::VSubjectPose>, double) const[m[K’:
[6.267s] [01m[K/home/strain-drone/Documents/drone_position_hold/ros2_ws/src/mocap4ros2_vicon/mocap4r2_vicon_driver/ThirdParty/DataStream/ViconDataStreamSDKCore/RetimingCore.cpp:194:23:[m[K [01;35m[Kwarning: [m[Kloop variable ‘[01m[KLatency[m[K’ creates a copy from type ‘[01m[Kconst std::pair<const std::__cxx11::basic_string<char>, double>[m[K’ [[01;35m[K-Wrange-loop-construct[m[K]
[6.267s]   194 |       for( const auto [01;35m[KLatency[m[K : p1->Latencies )
[6.267s]       |                       [01;35m[K^~~~~~~[m[K
[6.269s] [01m[K/home/strain-drone/Documents/drone_position_hold/ros2_ws/src/mocap4ros2_vicon/mocap4r2_vicon_driver/ThirdParty/DataStream/ViconDataStreamSDKCore/RetimingCore.cpp:194:23:[m[K [01;36m[Knote: [m[Kuse reference type to prevent copying
[6.272s]   194 |       for( const auto [01;36m[KLatency[m[K : p1->Latencies )
[6.274s]       |                       [01;36m[K^~~~~~~[m[K
[6.274s]       |                       [32m[K&[m[K
[6.274s] [01m[K/home/strain-drone/Documents/drone_position_hold/ros2_ws/src/mocap4ros2_vicon/mocap4r2_vicon_driver/ThirdParty/DataStream/ViconDataStreamSDKCore/RetimingCore.cpp:204:23:[m[K [01;35m[Kwarning: [m[Kloop variable ‘[01m[KSegIt[m[K’ creates a copy from type ‘[01m[Kconst std::pair<const std::__cxx11::basic_string<char>, std::shared_ptr<ViconDataStreamSDK::Core::VSegmentPose> >[m[K’ [[01;35m[K-Wrange-loop-construct[m[K]
[6.274s]   204 |       for( const auto [01;35m[KSegIt[m[K : p1->m_Segments )
[6.275s]       |                       [01;35m[K^~~~~[m[K
[6.275s] [01m[K/home/strain-drone/Documents/drone_position_hold/ros2_ws/src/mocap4ros2_vicon/mocap4r2_vicon_driver/ThirdParty/DataStream/ViconDataStreamSDKCore/RetimingCore.cpp:204:23:[m[K [01;36m[Knote: [m[Kuse reference type to prevent copying
[6.275s]   204 |       for( const auto [01;36m[KSegIt[m[K : p1->m_Segments )
[6.275s]       |                       [01;36m[K^~~~~[m[K
[6.275s]       |                       [32m[K&[m[K
[6.276s] [01m[K/home/strain-drone/Documents/drone_position_hold/ros2_ws/src/mocap4ros2_vicon/mocap4r2_vicon_driver/ThirdParty/DataStream/ViconDataStreamSDKCore/RetimingCore.cpp:207:25:[m[K [01;35m[Kwarning: [m[Kloop variable ‘[01m[KSegIt2[m[K’ creates a copy from type ‘[01m[Kconst std::pair<const std::__cxx11::basic_string<char>, std::shared_ptr<ViconDataStreamSDK::Core::VSegmentPose> >[m[K’ [[01;35m[K-Wrange-loop-construct[m[K]
[6.277s]   207 |         for( const auto [01;35m[KSegIt2[m[K : p2->m_Segments )
[6.277s]       |                         [01;35m[K^~~~~~[m[K
[6.277s] [01m[K/home/strain-drone/Documents/drone_position_hold/ros2_ws/src/mocap4ros2_vicon/mocap4r2_vicon_driver/ThirdParty/DataStream/ViconDataStreamSDKCore/RetimingCore.cpp:207:25:[m[K [01;36m[Knote: [m[Kuse reference type to prevent copying
[6.277s]   207 |         for( const auto [01;36m[KSegIt2[m[K : p2->m_Segments )
[6.277s]       |                         [01;36m[K^~~~~~[m[K
[6.278s]       |                         [32m[K&[m[K
[6.281s] [01m[K/home/strain-drone/Documents/drone_position_hold/ros2_ws/src/mocap4ros2_vicon/mocap4r2_vicon_driver/ThirdParty/DataStream/ViconDataStreamSDKCore/RetimingCore.cpp:[m[K In static member function ‘[01m[Kstatic std::string ViconDataStreamSDK::Core::VSubjectPose::[01;32m[KOutputHeader[m[K(const std::shared_ptr<ViconDataStreamSDK::Core::VSubjectPose>&)[m[K’:
[6.281s] [01m[K/home/strain-drone/Documents/drone_position_hold/ros2_ws/src/mocap4ros2_vicon/mocap4r2_vicon_driver/ThirdParty/DataStream/ViconDataStreamSDKCore/RetimingCore.cpp:394:23:[m[K [01;35m[Kwarning: [m[Kloop variable ‘[01m[KLatency[m[K’ creates a copy from type ‘[01m[Kconst std::pair<const std::__cxx11::basic_string<char>, double>[m[K’ [[01;35m[K-Wrange-loop-construct[m[K]
[6.281s]   394 |       for( const auto [01;35m[KLatency[m[K : i_rPose->Latencies )
[6.281s]       |                       [01;35m[K^~~~~~~[m[K
[6.281s] [01m[K/home/strain-drone/Documents/drone_position_hold/ros2_ws/src/mocap4ros2_vicon/mocap4r2_vicon_driver/ThirdParty/DataStream/ViconDataStreamSDKCore/RetimingCore.cpp:394:23:[m[K [01;36m[Knote: [m[Kuse reference type to prevent copying
[6.282s]   394 |       for( const auto [01;36m[KLatency[m[K : i_rPose->Latencies )
[6.282s]       |                       [01;36m[K^~~~~~~[m[K
[6.282s]       |                       [32m[K&[m[K
[6.284s] [01m[K/home/strain-drone/Documents/drone_position_hold/ros2_ws/src/mocap4ros2_vicon/mocap4r2_vicon_driver/ThirdParty/DataStream/ViconDataStreamSDKCore/RetimingCore.cpp:[m[K In function ‘[01m[Kstd::ostream& ViconDataStreamSDK::Core::[01;32m[Koperator<<[m[K(std::ostream&, const VSubjectPose&)[m[K’:
[6.284s] [01m[K/home/strain-drone/Documents/drone_position_hold/ros2_ws/src/mocap4ros2_vicon/mocap4r2_vicon_driver/ThirdParty/DataStream/ViconDataStreamSDKCore/RetimingCore.cpp:414:23:[m[K [01;35m[Kwarning: [m[Kloop variable ‘[01m[KLatencySample[m[K’ creates a copy from type ‘[01m[Kconst std::pair<const std::__cxx11::basic_string<char>, double>[m[K’ [[01;35m[K-Wrange-loop-construct[m[K]
[6.284s]   414 |       for( const auto [01;35m[KLatencySample[m[K : i_Pose.Latencies )
[6.284s]       |                       [01;35m[K^~~~~~~~~~~~~[m[K
[6.288s] [01m[K/home/strain-drone/Documents/drone_position_hold/ros2_ws/src/mocap4ros2_vicon/mocap4r2_vicon_driver/ThirdParty/DataStream/ViconDataStreamSDKCore/RetimingCore.cpp:414:23:[m[K [01;36m[Knote: [m[Kuse reference type to prevent copying
[6.288s]   414 |       for( const auto [01;36m[KLatencySample[m[K : i_Pose.Latencies )
[6.288s]       |                       [01;36m[K^~~~~~~~~~~~~[m[K
[6.288s]       |                       [32m[K&[m[K
[6.288s] [01m[K/home/strain-drone/Documents/drone_position_hold/ros2_ws/src/mocap4ros2_vicon/mocap4r2_vicon_driver/ThirdParty/DataStream/ViconDataStreamSDKCore/RetimingCore.cpp:423:23:[m[K [01;35m[Kwarning: [m[Kloop variable ‘[01m[KrSegment[m[K’ creates a copy from type ‘[01m[Kconst std::pair<const std::__cxx11::basic_string<char>, std::shared_ptr<ViconDataStreamSDK::Core::VSegmentPose> >[m[K’ [[01;35m[K-Wrange-loop-construct[m[K]
[6.288s]   423 |       for( const auto [01;35m[KrSegment[m[K : i_Pose.m_Segments )
[6.289s]       |                       [01;35m[K^~~~~~~~[m[K
[6.289s] [01m[K/home/strain-drone/Documents/drone_position_hold/ros2_ws/src/mocap4ros2_vicon/mocap4r2_vicon_driver/ThirdParty/DataStream/ViconDataStreamSDKCore/RetimingCore.cpp:423:23:[m[K [01;36m[Knote: [m[Kuse reference type to prevent copying
[6.289s]   423 |       for( const auto [01;36m[KrSegment[m[K : i_Pose.m_Segments )
[6.289s]       |                       [01;36m[K^~~~~~~~[m[K
[6.289s]       |                       [32m[K&[m[K
[6.289s] [ 53%] [32mBuilding CXX object CMakeFiles/vicon_sdk.dir/ThirdParty/DataStream/ViconDataStreamSDKCore/WirelessConfiguration.cpp.o[0m
[6.293s] [ 56%] [32mBuilding CXX object CMakeFiles/vicon_sdk.dir/ThirdParty/DataStream/ViconDataStreamSDKCoreUtils/AxisMapping.cpp.o[0m
[6.298s] [ 60%] [32mBuilding CXX object CMakeFiles/vicon_sdk.dir/ThirdParty/DataStream/ViconDataStreamSDKCoreUtils/ClientUtils.cpp.o[0m
[6.304s] [ 63%] [32mBuilding CXX object CMakeFiles/vicon_sdk.dir/ThirdParty/DataStream/ViconDataStreamSDK_C/CClient.cpp.o[0m
[6.317s] [01m[K/home/strain-drone/Documents/drone_position_hold/ros2_ws/src/mocap4ros2_vicon/mocap4r2_vicon_driver/ThirdParty/DataStream/ViconDataStreamSDK_C/CClient.cpp:[m[K In function ‘[01m[KCEnum[01;32m[K Client_EnableGreyscaleData[m[K(CClient*)[m[K’:
[6.317s] [01m[K/home/strain-drone/Documents/drone_position_hold/ros2_ws/src/mocap4ros2_vicon/mocap4r2_vicon_driver/ThirdParty/DataStream/ViconDataStreamSDK_C/CClient.cpp:688:44:[m[K [01;35m[Kwarning: [m[Kunused parameter ‘[01m[Kclient[m[K’ [[01;35m[K-Wunused-parameter[m[K]
[6.318s]   688 | CEnum Client_EnableGreyscaleData( [01;35m[KCClient* client[m[K )
[6.318s]       |                                   [01;35m[K~~~~~~~~~^~~~~~[m[K
[6.318s] [01m[K/home/strain-drone/Documents/drone_position_hold/ros2_ws/src/mocap4ros2_vicon/mocap4r2_vicon_driver/ThirdParty/DataStream/ViconDataStreamSDK_C/CClient.cpp:[m[K In function ‘[01m[KCEnum[01;32m[K Client_DisableGreyscaleData[m[K(CClient*)[m[K’:
[6.319s] [01m[K/home/strain-drone/Documents/drone_position_hold/ros2_ws/src/mocap4ros2_vicon/mocap4r2_vicon_driver/ThirdParty/DataStream/ViconDataStreamSDK_C/CClient.cpp:713:45:[m[K [01;35m[Kwarning: [m[Kunused parameter ‘[01m[Kclient[m[K’ [[01;35m[K-Wunused-parameter[m[K]
[6.319s]   713 | CEnum Client_DisableGreyscaleData( [01;35m[KCClient* client[m[K )
[6.319s]       |                                    [01;35m[K~~~~~~~~~^~~~~~[m[K
[6.319s] [01m[K/home/strain-drone/Documents/drone_position_hold/ros2_ws/src/mocap4ros2_vicon/mocap4r2_vicon_driver/ThirdParty/DataStream/ViconDataStreamSDK_C/CClient.cpp:[m[K In function ‘[01m[KCBool[01;32m[K Client_IsGreyscaleDataEnabled[m[K(CClient*)[m[K’:
[6.319s] [01m[K/home/strain-drone/Documents/drone_position_hold/ros2_ws/src/mocap4ros2_vicon/mocap4r2_vicon_driver/ThirdParty/DataStream/ViconDataStreamSDK_C/CClient.cpp:738:47:[m[K [01;35m[Kwarning: [m[Kunused parameter ‘[01m[Kclient[m[K’ [[01;35m[K-Wunused-parameter[m[K]
[6.319s]   738 | CBool Client_IsGreyscaleDataEnabled( [01;35m[KCClient* client[m[K )
[6.319s]       |                                      [01;35m[K~~~~~~~~~^~~~~~[m[K
[6.319s] [01m[K/home/strain-drone/Documents/drone_position_hold/ros2_ws/src/mocap4ros2_vicon/mocap4r2_vicon_driver/ThirdParty/DataStream/ViconDataStreamSDK_C/CClient.cpp:[m[K In function ‘[01m[KCBool[01;32m[K Client_IsVideoDataEnabled[m[K(CClient*)[m[K’:
[6.320s] [01m[K/home/strain-drone/Documents/drone_position_hold/ros2_ws/src/mocap4ros2_vicon/mocap4r2_vicon_driver/ThirdParty/DataStream/ViconDataStreamSDK_C/CClient.cpp:743:43:[m[K [01;35m[Kwarning: [m[Kunused parameter ‘[01m[Kclient[m[K’ [[01;35m[K-Wunused-parameter[m[K]
[6.320s]   743 | CBool Client_IsVideoDataEnabled( [01;35m[KCClient* client[m[K )
[6.320s]       |                                  [01;35m[K~~~~~~~~~^~~~~~[m[K
[6.320s] [01m[K/home/strain-drone/Documents/drone_position_hold/ros2_ws/src/mocap4ros2_vicon/mocap4r2_vicon_driver/ThirdParty/DataStream/ViconDataStreamSDK_C/CClient.cpp:[m[K In function ‘[01m[Kvoid[01;32m[K Client_SetBufferSize[m[K(CClient*, unsigned int)[m[K’:
[6.320s] [01m[K/home/strain-drone/Documents/drone_position_hold/ros2_ws/src/mocap4ros2_vicon/mocap4r2_vicon_driver/ThirdParty/DataStream/ViconDataStreamSDK_C/CClient.cpp:758:58:[m[K [01;35m[Kwarning: [m[Kunused parameter ‘[01m[KbufferSize[m[K’ [[01;35m[K-Wunused-parameter[m[K]
[6.324s]   758 | void Client_SetBufferSize( CClient* client, [01;35m[Kunsigned int bufferSize[m[K )
[6.324s]       |                                             [01;35m[K~~~~~~~~~~~~~^~~~~~~~~~[m[K
[6.335s] [ 66%] [32mBuilding CXX object CMakeFiles/vicon_sdk.dir/ThirdParty/DataStream/ViconDataStreamSDK_C/CRetimingClient.cpp.o[0m
[6.355s] [ 70%] [32mBuilding CXX object CMakeFiles/vicon_sdk.dir/ThirdParty/DataStream/ViconDataStreamSDK_CPP/DataStreamClient.cpp.o[0m
[6.378s] [ 73%] [32mBuilding CXX object CMakeFiles/vicon_sdk.dir/ThirdParty/DataStream/ViconDataStreamSDK_CPP/DataStreamRetimingClient.cpp.o[0m
[6.378s] [ 76%] [32mBuilding CXX object CMakeFiles/vicon_sdk.dir/ThirdParty/StreamCommon/CGStreamAsyncReaderWriter.cpp.o[0m
[6.395s] [ 76%] Built target gtest
[6.443s] [ 80%] [32m[1mLinking CXX shared library libvicon_sdk.so[0m
[7.835s] [ 80%] Built target vicon_sdk
[7.895s] [ 83%] [32mBuilding CXX object CMakeFiles/mocap4r2_vicon_driver.dir/src/mocap4r2_vicon_driver/mocap4r2_vicon_driver.cpp.o[0m
[7.956s] [ 86%] [32m[1mLinking CXX static library libmocap4r2_vicon_driver.a[0m
[8.230s] [ 86%] Built target mocap4r2_vicon_driver
[8.289s] [ 93%] [32mBuilding CXX object CMakeFiles/mocap4r2_vicon_driver_main.dir/src/mocap4r2_vicon_driver_main.cpp.o[0m
[8.289s] [ 93%] [32mBuilding CXX object CMakeFiles/test_mocap4r2_vicon_driver.dir/test/test_mocap4r2_vicon_driver.cpp.o[0m
[8.335s] [100%] [32m[1mLinking CXX executable test_mocap4r2_vicon_driver[0m
[8.335s] [100%] [32m[1mLinking CXX executable mocap4r2_vicon_driver_main[0m
[10.737s] [100%] Built target test_mocap4r2_vicon_driver
[13.397s] [100%] Built target mocap4r2_vicon_driver_main
[13.426s] Invoked command in '/home/strain-drone/Documents/drone_position_hold/ros2_ws/src/build/mocap4r2_vicon_driver' returned '0': AMENT_PREFIX_PATH=/home/strain-drone/Documents/drone_position_hold/ros2_ws/src/install/mocap4r2_control:/home/strain-drone/Documents/drone_position_hold/ros2_ws/src/install/mocap4r2_msgs:/home/strain-drone/Documents/drone_position_hold/ros2_ws/src/install/mocap4r2_control_msgs:${AMENT_PREFIX_PATH} CMAKE_PREFIX_PATH=/home/strain-drone/Documents/drone_position_hold/ros2_ws/src/install/mocap4r2_control:/home/strain-drone/Documents/drone_position_hold/ros2_ws/src/install/mocap4r2_msgs:/home/strain-drone/Documents/drone_position_hold/ros2_ws/src/install/mocap4r2_control_msgs:/opt/ros/jazzy/opt/gz_math_vendor:/opt/ros/jazzy/opt/gz_utils_vendor:/opt/ros/jazzy/opt/gz_cmake_vendor:/opt/ros/jazzy DEBUGINFOD_URLS=https://debuginfod.ubuntu.com LD_LIBRARY_PATH=/home/strain-drone/Documents/drone_position_hold/ros2_ws/src/install/mocap4r2_control/lib:/home/strain-drone/Documents/drone_position_hold/ros2_ws/src/install/mocap4r2_msgs/lib:/home/strain-drone/Documents/drone_position_hold/ros2_ws/src/install/mocap4r2_control_msgs/lib:${LD_LIBRARY_PATH} PYTHONPATH=/home/strain-drone/Documents/drone_position_hold/ros2_ws/src/install/mocap4r2_msgs/lib/python3.12/site-packages:/home/strain-drone/Documents/drone_position_hold/ros2_ws/src/install/mocap4r2_control_msgs/lib/python3.12/site-packages:${PYTHONPATH} VIRTUAL_ENV_PROMPT=(venv-ardupilot) /usr/bin/cmake --build /home/strain-drone/Documents/drone_position_hold/ros2_ws/src/build/mocap4r2_vicon_driver -- -j4 -l4
[13.429s] Invoking command in '/home/strain-drone/Documents/drone_position_hold/ros2_ws/src/build/mocap4r2_vicon_driver': AMENT_PREFIX_PATH=/home/strain-drone/Documents/drone_position_hold/ros2_ws/src/install/mocap4r2_control:/home/strain-drone/Documents/drone_position_hold/ros2_ws/src/install/mocap4r2_msgs:/home/strain-drone/Documents/drone_position_hold/ros2_ws/src/install/mocap4r2_control_msgs:${AMENT_PREFIX_PATH} CMAKE_PREFIX_PATH=/home/strain-drone/Documents/drone_position_hold/ros2_ws/src/install/mocap4r2_control:/home/strain-drone/Documents/drone_position_hold/ros2_ws/src/install/mocap4r2_msgs:/home/strain-drone/Documents/drone_position_hold/ros2_ws/src/install/mocap4r2_control_msgs:/opt/ros/jazzy/opt/gz_math_vendor:/opt/ros/jazzy/opt/gz_utils_vendor:/opt/ros/jazzy/opt/gz_cmake_vendor:/opt/ros/jazzy DEBUGINFOD_URLS=https://debuginfod.ubuntu.com LD_LIBRARY_PATH=/home/strain-drone/Documents/drone_position_hold/ros2_ws/src/install/mocap4r2_control/lib:/home/strain-drone/Documents/drone_position_hold/ros2_ws/src/install/mocap4r2_msgs/lib:/home/strain-drone/Documents/drone_position_hold/ros2_ws/src/install/mocap4r2_control_msgs/lib:${LD_LIBRARY_PATH} PYTHONPATH=/home/strain-drone/Documents/drone_position_hold/ros2_ws/src/install/mocap4r2_msgs/lib/python3.12/site-packages:/home/strain-drone/Documents/drone_position_hold/ros2_ws/src/install/mocap4r2_control_msgs/lib/python3.12/site-packages:${PYTHONPATH} VIRTUAL_ENV_PROMPT=(venv-ardupilot) /usr/bin/cmake --install /home/strain-drone/Documents/drone_position_hold/ros2_ws/src/build/mocap4r2_vicon_driver
[13.447s] -- Install configuration: ""
[13.448s] -- Installing: /home/strain-drone/Documents/drone_position_hold/ros2_ws/src/install/mocap4r2_vicon_driver/include/
[13.448s] -- Installing: /home/strain-drone/Documents/drone_position_hold/ros2_ws/src/install/mocap4r2_vicon_driver/include//mocap4r2_vicon_driver
[13.448s] -- Installing: /home/strain-drone/Documents/drone_position_hold/ros2_ws/src/install/mocap4r2_vicon_driver/include//mocap4r2_vicon_driver/mocap4r2_vicon_driver.hpp
[13.448s] -- Installing: /home/strain-drone/Documents/drone_position_hold/ros2_ws/src/install/mocap4r2_vicon_driver/share/mocap4r2_vicon_driver/launch
[13.448s] -- Installing: /home/strain-drone/Documents/drone_position_hold/ros2_ws/src/install/mocap4r2_vicon_driver/share/mocap4r2_vicon_driver/launch/__pycache__
[13.448s] -- Installing: /home/strain-drone/Documents/drone_position_hold/ros2_ws/src/install/mocap4r2_vicon_driver/share/mocap4r2_vicon_driver/launch/__pycache__/mocap4r2_vicon_driver_launch.cpython-312.pyc
[13.448s] -- Installing: /home/strain-drone/Documents/drone_position_hold/ros2_ws/src/install/mocap4r2_vicon_driver/share/mocap4r2_vicon_driver/launch/mocap4r2_vicon_driver_launch.py
[13.449s] -- Installing: /home/strain-drone/Documents/drone_position_hold/ros2_ws/src/install/mocap4r2_vicon_driver/share/mocap4r2_vicon_driver/config
[13.449s] -- Installing: /home/strain-drone/Documents/drone_position_hold/ros2_ws/src/install/mocap4r2_vicon_driver/share/mocap4r2_vicon_driver/config/mocap4r2_vicon_driver_params.yaml
[13.449s] -- Installing: /home/strain-drone/Documents/drone_position_hold/ros2_ws/src/install/mocap4r2_vicon_driver/lib/mocap4r2_vicon_driver/mocap4r2_vicon_driver_main
[13.455s] -- Set non-toolchain portion of runtime path of "/home/strain-drone/Documents/drone_position_hold/ros2_ws/src/install/mocap4r2_vicon_driver/lib/mocap4r2_vicon_driver/mocap4r2_vicon_driver_main" to ""
[13.455s] -- Installing: /home/strain-drone/Documents/drone_position_hold/ros2_ws/src/install/mocap4r2_vicon_driver/lib/libmocap4r2_vicon_driver.a
[13.462s] -- Installing: /home/strain-drone/Documents/drone_position_hold/ros2_ws/src/install/mocap4r2_vicon_driver/lib/libvicon_sdk.so
[13.476s] -- Installing: /home/strain-drone/Documents/drone_position_hold/ros2_ws/src/install/mocap4r2_vicon_driver/share/mocap4r2_vicon_driver/environment/library_path.sh
[13.476s] -- Installing: /home/strain-drone/Documents/drone_position_hold/ros2_ws/src/install/mocap4r2_vicon_driver/share/mocap4r2_vicon_driver/environment/library_path.dsv
[13.476s] -- Installing: /home/strain-drone/Documents/drone_position_hold/ros2_ws/src/install/mocap4r2_vicon_driver/share/ament_index/resource_index/package_run_dependencies/mocap4r2_vicon_driver
[13.476s] -- Installing: /home/strain-drone/Documents/drone_position_hold/ros2_ws/src/install/mocap4r2_vicon_driver/share/ament_index/resource_index/parent_prefix_path/mocap4r2_vicon_driver
[13.477s] -- Installing: /home/strain-drone/Documents/drone_position_hold/ros2_ws/src/install/mocap4r2_vicon_driver/share/mocap4r2_vicon_driver/environment/ament_prefix_path.sh
[13.477s] -- Installing: /home/strain-drone/Documents/drone_position_hold/ros2_ws/src/install/mocap4r2_vicon_driver/share/mocap4r2_vicon_driver/environment/ament_prefix_path.dsv
[13.477s] -- Installing: /home/strain-drone/Documents/drone_position_hold/ros2_ws/src/install/mocap4r2_vicon_driver/share/mocap4r2_vicon_driver/environment/path.sh
[13.477s] -- Installing: /home/strain-drone/Documents/drone_position_hold/ros2_ws/src/install/mocap4r2_vicon_driver/share/mocap4r2_vicon_driver/environment/path.dsv
[13.477s] -- Installing: /home/strain-drone/Documents/drone_position_hold/ros2_ws/src/install/mocap4r2_vicon_driver/share/mocap4r2_vicon_driver/local_setup.bash
[13.478s] -- Installing: /home/strain-drone/Documents/drone_position_hold/ros2_ws/src/install/mocap4r2_vicon_driver/share/mocap4r2_vicon_driver/local_setup.sh
[13.478s] -- Installing: /home/strain-drone/Documents/drone_position_hold/ros2_ws/src/install/mocap4r2_vicon_driver/share/mocap4r2_vicon_driver/local_setup.zsh
[13.478s] -- Installing: /home/strain-drone/Documents/drone_position_hold/ros2_ws/src/install/mocap4r2_vicon_driver/share/mocap4r2_vicon_driver/local_setup.dsv
[13.478s] -- Installing: /home/strain-drone/Documents/drone_position_hold/ros2_ws/src/install/mocap4r2_vicon_driver/share/mocap4r2_vicon_driver/package.dsv
[13.479s] -- Installing: /home/strain-drone/Documents/drone_position_hold/ros2_ws/src/install/mocap4r2_vicon_driver/share/ament_index/resource_index/packages/mocap4r2_vicon_driver
[13.479s] -- Installing: /home/strain-drone/Documents/drone_position_hold/ros2_ws/src/install/mocap4r2_vicon_driver/share/mocap4r2_vicon_driver/cmake/ament_cmake_export_include_directories-extras.cmake
[13.479s] -- Installing: /home/strain-drone/Documents/drone_position_hold/ros2_ws/src/install/mocap4r2_vicon_driver/share/mocap4r2_vicon_driver/cmake/ament_cmake_export_libraries-extras.cmake
[13.479s] -- Installing: /home/strain-drone/Documents/drone_position_hold/ros2_ws/src/install/mocap4r2_vicon_driver/share/mocap4r2_vicon_driver/cmake/ament_cmake_export_dependencies-extras.cmake
[13.479s] -- Installing: /home/strain-drone/Documents/drone_position_hold/ros2_ws/src/install/mocap4r2_vicon_driver/share/mocap4r2_vicon_driver/cmake/mocap4r2_vicon_driverConfig.cmake
[13.480s] -- Installing: /home/strain-drone/Documents/drone_position_hold/ros2_ws/src/install/mocap4r2_vicon_driver/share/mocap4r2_vicon_driver/cmake/mocap4r2_vicon_driverConfig-version.cmake
[13.480s] -- Installing: /home/strain-drone/Documents/drone_position_hold/ros2_ws/src/install/mocap4r2_vicon_driver/share/mocap4r2_vicon_driver/package.xml
[13.484s] Invoked command in '/home/strain-drone/Documents/drone_position_hold/ros2_ws/src/build/mocap4r2_vicon_driver' returned '0': AMENT_PREFIX_PATH=/home/strain-drone/Documents/drone_position_hold/ros2_ws/src/install/mocap4r2_control:/home/strain-drone/Documents/drone_position_hold/ros2_ws/src/install/mocap4r2_msgs:/home/strain-drone/Documents/drone_position_hold/ros2_ws/src/install/mocap4r2_control_msgs:${AMENT_PREFIX_PATH} CMAKE_PREFIX_PATH=/home/strain-drone/Documents/drone_position_hold/ros2_ws/src/install/mocap4r2_control:/home/strain-drone/Documents/drone_position_hold/ros2_ws/src/install/mocap4r2_msgs:/home/strain-drone/Documents/drone_position_hold/ros2_ws/src/install/mocap4r2_control_msgs:/opt/ros/jazzy/opt/gz_math_vendor:/opt/ros/jazzy/opt/gz_utils_vendor:/opt/ros/jazzy/opt/gz_cmake_vendor:/opt/ros/jazzy DEBUGINFOD_URLS=https://debuginfod.ubuntu.com LD_LIBRARY_PATH=/home/strain-drone/Documents/drone_position_hold/ros2_ws/src/install/mocap4r2_control/lib:/home/strain-drone/Documents/drone_position_hold/ros2_ws/src/install/mocap4r2_msgs/lib:/home/strain-drone/Documents/drone_position_hold/ros2_ws/src/install/mocap4r2_control_msgs/lib:${LD_LIBRARY_PATH} PYTHONPATH=/home/strain-drone/Documents/drone_position_hold/ros2_ws/src/install/mocap4r2_msgs/lib/python3.12/site-packages:/home/strain-drone/Documents/drone_position_hold/ros2_ws/src/install/mocap4r2_control_msgs/lib/python3.12/site-packages:${PYTHONPATH} VIRTUAL_ENV_PROMPT=(venv-ardupilot) /usr/bin/cmake --install /home/strain-drone/Documents/drone_position_hold/ros2_ws/src/build/mocap4r2_vicon_driver
