[0.027s] Invoking command in '/home/strain-drone/Documents/drone_position_hold/ros2_ws/src/build/rqt_mocap4r2_control': AMENT_PREFIX_PATH=/home/strain-drone/Documents/drone_position_hold/ros2_ws/src/install/mocap4r2_control:/home/strain-drone/Documents/drone_position_hold/ros2_ws/src/install/mocap4r2_control_msgs:${AMENT_PREFIX_PATH} CMAKE_PREFIX_PATH=/home/strain-drone/Documents/drone_position_hold/ros2_ws/src/install/mocap4r2_control:/home/strain-drone/Documents/drone_position_hold/ros2_ws/src/install/mocap4r2_control_msgs:/opt/ros/jazzy/opt/gz_math_vendor:/opt/ros/jazzy/opt/gz_utils_vendor:/opt/ros/jazzy/opt/gz_cmake_vendor:/opt/ros/jazzy DEBUGINFOD_URLS=https://debuginfod.ubuntu.com LD_LIBRARY_PATH=/home/strain-drone/Documents/drone_position_hold/ros2_ws/src/install/mocap4r2_control/lib:/home/strain-drone/Documents/drone_position_hold/ros2_ws/src/install/mocap4r2_control_msgs/lib:${LD_LIBRARY_PATH} PYTHONPATH=/home/strain-drone/Documents/drone_position_hold/ros2_ws/src/install/mocap4r2_control_msgs/lib/python3.12/site-packages:${PYTHONPATH} VIRTUAL_ENV_PROMPT=(venv-ardupilot) /usr/bin/cmake /home/strain-drone/Documents/drone_position_hold/ros2_ws/src/mocap4r2/mocap4r2_control/rqt_mocap4r2_control -DCMAKE_INSTALL_PREFIX=/home/strain-drone/Documents/drone_position_hold/ros2_ws/src/install/rqt_mocap4r2_control
[0.233s] -- The C compiler identification is GNU 13.3.0
[0.481s] -- The CXX compiler identification is GNU 13.3.0
[0.630s] -- Detecting C compiler ABI info
[1.119s] -- Detecting C compiler ABI info - done
[1.148s] -- Check for working C compiler: /usr/lib/ccache/cc - skipped
[1.148s] -- Detecting C compile features
[1.151s] -- Detecting C compile features - done
[1.184s] -- Detecting CXX compiler ABI info
[1.430s] -- Detecting CXX compiler ABI info - done
[1.455s] -- Check for working CXX compiler: /usr/lib/ccache/c++ - skipped
[1.455s] -- Detecting CXX compile features
[1.458s] -- Detecting CXX compile features - done
[1.462s] -- Found ament_cmake: 2.5.4 (/opt/ros/jazzy/share/ament_cmake/cmake)
[1.908s] -- Found Python3: /home/strain-drone/venv-ardupilot/bin/python3 (found version "3.12.3") found components: Interpreter 
[2.223s] -- Found rclcpp: 28.1.9 (/opt/ros/jazzy/share/rclcpp/cmake)
[2.294s] -- Found rosidl_generator_c: 4.6.5 (/opt/ros/jazzy/share/rosidl_generator_c/cmake)
[2.322s] -- Found rosidl_generator_cpp: 4.6.5 (/opt/ros/jazzy/share/rosidl_generator_cpp/cmake)
[2.352s] -- Using all available rosidl_typesupport_c: rosidl_typesupport_fastrtps_c;rosidl_typesupport_introspection_c
[2.384s] -- Using all available rosidl_typesupport_cpp: rosidl_typesupport_fastrtps_cpp;rosidl_typesupport_introspection_cpp
[2.547s] -- Found rmw_implementation_cmake: 7.3.2 (/opt/ros/jazzy/share/rmw_implementation_cmake/cmake)
[2.554s] -- Found rmw_fastrtps_cpp: 8.4.2 (/opt/ros/jazzy/share/rmw_fastrtps_cpp/cmake)
[2.822s] -- Found OpenSSL: /usr/lib/aarch64-linux-gnu/libcrypto.so (found version "3.0.13")  
[2.874s] -- Found FastRTPS: /opt/ros/jazzy/include (Required is at least version "2.13") 
[2.955s] -- Using RMW implementation 'rmw_fastrtps_cpp' as default
[3.170s] -- Found qt_gui_cpp: 2.7.5 (/opt/ros/jazzy/share/qt_gui_cpp/cmake)
[3.220s] -- Found rqt_gui_cpp: 1.6.0 (/opt/ros/jazzy/share/rqt_gui_cpp/cmake)
[3.233s] -- Found mocap4r2_control: 0.0.7 (/home/strain-drone/Documents/drone_position_hold/ros2_ws/src/install/mocap4r2_control/share/mocap4r2_control/cmake)
[3.517s] -- Found sensor_msgs: 5.3.6 (/opt/ros/jazzy/share/sensor_msgs/cmake)
[4.051s] -- Configuring done (4.0s)
[4.106s] -- Generating done (0.0s)
[4.118s] -- Build files have been written to: /home/strain-drone/Documents/drone_position_hold/ros2_ws/src/build/rqt_mocap4r2_control
[4.188s] Invoked command in '/home/strain-drone/Documents/drone_position_hold/ros2_ws/src/build/rqt_mocap4r2_control' returned '0': AMENT_PREFIX_PATH=/home/strain-drone/Documents/drone_position_hold/ros2_ws/src/install/mocap4r2_control:/home/strain-drone/Documents/drone_position_hold/ros2_ws/src/install/mocap4r2_control_msgs:${AMENT_PREFIX_PATH} CMAKE_PREFIX_PATH=/home/strain-drone/Documents/drone_position_hold/ros2_ws/src/install/mocap4r2_control:/home/strain-drone/Documents/drone_position_hold/ros2_ws/src/install/mocap4r2_control_msgs:/opt/ros/jazzy/opt/gz_math_vendor:/opt/ros/jazzy/opt/gz_utils_vendor:/opt/ros/jazzy/opt/gz_cmake_vendor:/opt/ros/jazzy DEBUGINFOD_URLS=https://debuginfod.ubuntu.com LD_LIBRARY_PATH=/home/strain-drone/Documents/drone_position_hold/ros2_ws/src/install/mocap4r2_control/lib:/home/strain-drone/Documents/drone_position_hold/ros2_ws/src/install/mocap4r2_control_msgs/lib:${LD_LIBRARY_PATH} PYTHONPATH=/home/strain-drone/Documents/drone_position_hold/ros2_ws/src/install/mocap4r2_control_msgs/lib/python3.12/site-packages:${PYTHONPATH} VIRTUAL_ENV_PROMPT=(venv-ardupilot) /usr/bin/cmake /home/strain-drone/Documents/drone_position_hold/ros2_ws/src/mocap4r2/mocap4r2_control/rqt_mocap4r2_control -DCMAKE_INSTALL_PREFIX=/home/strain-drone/Documents/drone_position_hold/ros2_ws/src/install/rqt_mocap4r2_control
[4.189s] Invoking command in '/home/strain-drone/Documents/drone_position_hold/ros2_ws/src/build/rqt_mocap4r2_control': AMENT_PREFIX_PATH=/home/strain-drone/Documents/drone_position_hold/ros2_ws/src/install/mocap4r2_control:/home/strain-drone/Documents/drone_position_hold/ros2_ws/src/install/mocap4r2_control_msgs:${AMENT_PREFIX_PATH} CMAKE_PREFIX_PATH=/home/strain-drone/Documents/drone_position_hold/ros2_ws/src/install/mocap4r2_control:/home/strain-drone/Documents/drone_position_hold/ros2_ws/src/install/mocap4r2_control_msgs:/opt/ros/jazzy/opt/gz_math_vendor:/opt/ros/jazzy/opt/gz_utils_vendor:/opt/ros/jazzy/opt/gz_cmake_vendor:/opt/ros/jazzy DEBUGINFOD_URLS=https://debuginfod.ubuntu.com LD_LIBRARY_PATH=/home/strain-drone/Documents/drone_position_hold/ros2_ws/src/install/mocap4r2_control/lib:/home/strain-drone/Documents/drone_position_hold/ros2_ws/src/install/mocap4r2_control_msgs/lib:${LD_LIBRARY_PATH} PYTHONPATH=/home/strain-drone/Documents/drone_position_hold/ros2_ws/src/install/mocap4r2_control_msgs/lib/python3.12/site-packages:${PYTHONPATH} VIRTUAL_ENV_PROMPT=(venv-ardupilot) /usr/bin/cmake --build /home/strain-drone/Documents/drone_position_hold/ros2_ws/src/build/rqt_mocap4r2_control -- -j4 -l4
[4.318s] [ 25%] [34m[1mGenerating include/rqt_mocap4r2_control/moc_SystemController.cpp[0m
[4.319s] [ 25%] [34m[1mGenerating ui_mocap4r2_control.h[0m
[4.326s] /home/strain-drone/Documents/drone_position_hold/ros2_ws/src/mocap4r2/mocap4r2_control/rqt_mocap4r2_control/include/rqt_mocap4r2_control/SystemController.hpp:0: Note: No relevant classes found. No output generated.
[4.327s] [ 37%] [34m[1mGenerating include/rqt_mocap4r2_control/moc_mocap4r2_control.cpp[0m
[4.377s] [ 50%] [32mBuilding CXX object CMakeFiles/rqt_mocap4r2_control.dir/src/rqt_mocap4r2_control/mocap4r2_control.cpp.o[0m
[4.381s] [ 75%] [32mBuilding CXX object CMakeFiles/rqt_mocap4r2_control.dir/include/rqt_mocap4r2_control/moc_SystemController.cpp.o[0m
[4.381s] [ 75%] [32mBuilding CXX object CMakeFiles/rqt_mocap4r2_control.dir/include/rqt_mocap4r2_control/moc_mocap4r2_control.cpp.o[0m
[4.385s] [ 87%] [32mBuilding CXX object CMakeFiles/rqt_mocap4r2_control.dir/src/rqt_mocap4r2_control/SystemController.cpp.o[0m
[4.470s] [100%] [32m[1mLinking CXX shared library librqt_mocap4r2_control.so[0m
[11.810s] [100%] Built target rqt_mocap4r2_control
[11.832s] Invoked command in '/home/strain-drone/Documents/drone_position_hold/ros2_ws/src/build/rqt_mocap4r2_control' returned '0': AMENT_PREFIX_PATH=/home/strain-drone/Documents/drone_position_hold/ros2_ws/src/install/mocap4r2_control:/home/strain-drone/Documents/drone_position_hold/ros2_ws/src/install/mocap4r2_control_msgs:${AMENT_PREFIX_PATH} CMAKE_PREFIX_PATH=/home/strain-drone/Documents/drone_position_hold/ros2_ws/src/install/mocap4r2_control:/home/strain-drone/Documents/drone_position_hold/ros2_ws/src/install/mocap4r2_control_msgs:/opt/ros/jazzy/opt/gz_math_vendor:/opt/ros/jazzy/opt/gz_utils_vendor:/opt/ros/jazzy/opt/gz_cmake_vendor:/opt/ros/jazzy DEBUGINFOD_URLS=https://debuginfod.ubuntu.com LD_LIBRARY_PATH=/home/strain-drone/Documents/drone_position_hold/ros2_ws/src/install/mocap4r2_control/lib:/home/strain-drone/Documents/drone_position_hold/ros2_ws/src/install/mocap4r2_control_msgs/lib:${LD_LIBRARY_PATH} PYTHONPATH=/home/strain-drone/Documents/drone_position_hold/ros2_ws/src/install/mocap4r2_control_msgs/lib/python3.12/site-packages:${PYTHONPATH} VIRTUAL_ENV_PROMPT=(venv-ardupilot) /usr/bin/cmake --build /home/strain-drone/Documents/drone_position_hold/ros2_ws/src/build/rqt_mocap4r2_control -- -j4 -l4
[11.834s] Invoking command in '/home/strain-drone/Documents/drone_position_hold/ros2_ws/src/build/rqt_mocap4r2_control': AMENT_PREFIX_PATH=/home/strain-drone/Documents/drone_position_hold/ros2_ws/src/install/mocap4r2_control:/home/strain-drone/Documents/drone_position_hold/ros2_ws/src/install/mocap4r2_control_msgs:${AMENT_PREFIX_PATH} CMAKE_PREFIX_PATH=/home/strain-drone/Documents/drone_position_hold/ros2_ws/src/install/mocap4r2_control:/home/strain-drone/Documents/drone_position_hold/ros2_ws/src/install/mocap4r2_control_msgs:/opt/ros/jazzy/opt/gz_math_vendor:/opt/ros/jazzy/opt/gz_utils_vendor:/opt/ros/jazzy/opt/gz_cmake_vendor:/opt/ros/jazzy DEBUGINFOD_URLS=https://debuginfod.ubuntu.com LD_LIBRARY_PATH=/home/strain-drone/Documents/drone_position_hold/ros2_ws/src/install/mocap4r2_control/lib:/home/strain-drone/Documents/drone_position_hold/ros2_ws/src/install/mocap4r2_control_msgs/lib:${LD_LIBRARY_PATH} PYTHONPATH=/home/strain-drone/Documents/drone_position_hold/ros2_ws/src/install/mocap4r2_control_msgs/lib/python3.12/site-packages:${PYTHONPATH} VIRTUAL_ENV_PROMPT=(venv-ardupilot) /usr/bin/cmake --install /home/strain-drone/Documents/drone_position_hold/ros2_ws/src/build/rqt_mocap4r2_control
[11.848s] -- Install configuration: ""
[11.848s] -- Installing: /home/strain-drone/Documents/drone_position_hold/ros2_ws/src/install/rqt_mocap4r2_control/lib/rqt_mocap4r2_control/librqt_mocap4r2_control.so
[11.863s] -- Set non-toolchain portion of runtime path of "/home/strain-drone/Documents/drone_position_hold/ros2_ws/src/install/rqt_mocap4r2_control/lib/rqt_mocap4r2_control/librqt_mocap4r2_control.so" to ""
[11.864s] -- Installing: /home/strain-drone/Documents/drone_position_hold/ros2_ws/src/install/rqt_mocap4r2_control/lib/rqt_mocap4r2_control/rqt_mocap4r2_control
[11.864s] -- Installing: /home/strain-drone/Documents/drone_position_hold/ros2_ws/src/install/rqt_mocap4r2_control/include
[11.864s] -- Installing: /home/strain-drone/Documents/drone_position_hold/ros2_ws/src/install/rqt_mocap4r2_control/include/rqt_mocap4r2_control
[11.864s] -- Installing: /home/strain-drone/Documents/drone_position_hold/ros2_ws/src/install/rqt_mocap4r2_control/include/rqt_mocap4r2_control/utils.hpp
[11.864s] -- Installing: /home/strain-drone/Documents/drone_position_hold/ros2_ws/src/install/rqt_mocap4r2_control/include/rqt_mocap4r2_control/mocap4r2_control.hpp
[11.864s] -- Installing: /home/strain-drone/Documents/drone_position_hold/ros2_ws/src/install/rqt_mocap4r2_control/include/rqt_mocap4r2_control/SystemController.hpp
[11.864s] -- Installing: /home/strain-drone/Documents/drone_position_hold/ros2_ws/src/install/rqt_mocap4r2_control/share/rqt_mocap4r2_control/plugin.xml
[11.865s] -- Up-to-date: /home/strain-drone/Documents/drone_position_hold/ros2_ws/src/install/rqt_mocap4r2_control/share/rqt_mocap4r2_control/plugin.xml
[11.865s] -- Installing: /home/strain-drone/Documents/drone_position_hold/ros2_ws/src/install/rqt_mocap4r2_control/share/rqt_mocap4r2_control/environment/library_path.sh
[11.865s] -- Installing: /home/strain-drone/Documents/drone_position_hold/ros2_ws/src/install/rqt_mocap4r2_control/share/rqt_mocap4r2_control/environment/library_path.dsv
[11.865s] -- Installing: /home/strain-drone/Documents/drone_position_hold/ros2_ws/src/install/rqt_mocap4r2_control/share/ament_index/resource_index/package_run_dependencies/rqt_mocap4r2_control
[11.865s] -- Installing: /home/strain-drone/Documents/drone_position_hold/ros2_ws/src/install/rqt_mocap4r2_control/share/ament_index/resource_index/parent_prefix_path/rqt_mocap4r2_control
[11.866s] -- Installing: /home/strain-drone/Documents/drone_position_hold/ros2_ws/src/install/rqt_mocap4r2_control/share/rqt_mocap4r2_control/environment/ament_prefix_path.sh
[11.866s] -- Installing: /home/strain-drone/Documents/drone_position_hold/ros2_ws/src/install/rqt_mocap4r2_control/share/rqt_mocap4r2_control/environment/ament_prefix_path.dsv
[11.866s] -- Installing: /home/strain-drone/Documents/drone_position_hold/ros2_ws/src/install/rqt_mocap4r2_control/share/rqt_mocap4r2_control/environment/path.sh
[11.866s] -- Installing: /home/strain-drone/Documents/drone_position_hold/ros2_ws/src/install/rqt_mocap4r2_control/share/rqt_mocap4r2_control/environment/path.dsv
[11.866s] -- Installing: /home/strain-drone/Documents/drone_position_hold/ros2_ws/src/install/rqt_mocap4r2_control/share/rqt_mocap4r2_control/local_setup.bash
[11.866s] -- Installing: /home/strain-drone/Documents/drone_position_hold/ros2_ws/src/install/rqt_mocap4r2_control/share/rqt_mocap4r2_control/local_setup.sh
[11.867s] -- Installing: /home/strain-drone/Documents/drone_position_hold/ros2_ws/src/install/rqt_mocap4r2_control/share/rqt_mocap4r2_control/local_setup.zsh
[11.867s] -- Installing: /home/strain-drone/Documents/drone_position_hold/ros2_ws/src/install/rqt_mocap4r2_control/share/rqt_mocap4r2_control/local_setup.dsv
[11.867s] -- Installing: /home/strain-drone/Documents/drone_position_hold/ros2_ws/src/install/rqt_mocap4r2_control/share/rqt_mocap4r2_control/package.dsv
[11.867s] -- Installing: /home/strain-drone/Documents/drone_position_hold/ros2_ws/src/install/rqt_mocap4r2_control/share/ament_index/resource_index/packages/rqt_mocap4r2_control
[11.868s] -- Installing: /home/strain-drone/Documents/drone_position_hold/ros2_ws/src/install/rqt_mocap4r2_control/share/ament_index/resource_index/rqt_gui__pluginlib__plugin/rqt_mocap4r2_control
[11.868s] -- Installing: /home/strain-drone/Documents/drone_position_hold/ros2_ws/src/install/rqt_mocap4r2_control/share/rqt_mocap4r2_control/cmake/ament_cmake_export_include_directories-extras.cmake
[11.868s] -- Installing: /home/strain-drone/Documents/drone_position_hold/ros2_ws/src/install/rqt_mocap4r2_control/share/rqt_mocap4r2_control/cmake/ament_cmake_export_libraries-extras.cmake
[11.868s] -- Installing: /home/strain-drone/Documents/drone_position_hold/ros2_ws/src/install/rqt_mocap4r2_control/share/rqt_mocap4r2_control/cmake/rqt_mocap4r2_controlConfig.cmake
[11.868s] -- Installing: /home/strain-drone/Documents/drone_position_hold/ros2_ws/src/install/rqt_mocap4r2_control/share/rqt_mocap4r2_control/cmake/rqt_mocap4r2_controlConfig-version.cmake
[11.868s] -- Installing: /home/strain-drone/Documents/drone_position_hold/ros2_ws/src/install/rqt_mocap4r2_control/share/rqt_mocap4r2_control/package.xml
[11.872s] Invoked command in '/home/strain-drone/Documents/drone_position_hold/ros2_ws/src/build/rqt_mocap4r2_control' returned '0': AMENT_PREFIX_PATH=/home/strain-drone/Documents/drone_position_hold/ros2_ws/src/install/mocap4r2_control:/home/strain-drone/Documents/drone_position_hold/ros2_ws/src/install/mocap4r2_control_msgs:${AMENT_PREFIX_PATH} CMAKE_PREFIX_PATH=/home/strain-drone/Documents/drone_position_hold/ros2_ws/src/install/mocap4r2_control:/home/strain-drone/Documents/drone_position_hold/ros2_ws/src/install/mocap4r2_control_msgs:/opt/ros/jazzy/opt/gz_math_vendor:/opt/ros/jazzy/opt/gz_utils_vendor:/opt/ros/jazzy/opt/gz_cmake_vendor:/opt/ros/jazzy DEBUGINFOD_URLS=https://debuginfod.ubuntu.com LD_LIBRARY_PATH=/home/strain-drone/Documents/drone_position_hold/ros2_ws/src/install/mocap4r2_control/lib:/home/strain-drone/Documents/drone_position_hold/ros2_ws/src/install/mocap4r2_control_msgs/lib:${LD_LIBRARY_PATH} PYTHONPATH=/home/strain-drone/Documents/drone_position_hold/ros2_ws/src/install/mocap4r2_control_msgs/lib/python3.12/site-packages:${PYTHONPATH} VIRTUAL_ENV_PROMPT=(venv-ardupilot) /usr/bin/cmake --install /home/strain-drone/Documents/drone_position_hold/ros2_ws/src/build/rqt_mocap4r2_control
