[0.409s] Invoking command in '/home/strain-drone/Documents/drone_position_hold/ros2_ws/build/natnet_ros2': CMAKE_PREFIX_PATH=${CMAKE_PREFIX_PATH}:/home/strain-drone/Documents/drone_position_hold/ros2_ws/install/visualizer:/home/strain-drone/Documents/drone_position_hold/ros2_ws/install/position_publisher:/home/strain-drone/Documents/drone_position_hold/ros2_ws/install/mocap4r2cli:/home/strain-drone/Documents/drone_position_hold/ros2_ws/install/mavros_config:/opt/ros/jazzy DEBUGINFOD_URLS=https://debuginfod.ubuntu.com PS1=(venv-ardupilot) \[\e]0;\u@\h: \w\a\]${debian_chroot:+($debian_chroot)}\[\033[01;32m\]\u@\h\[\033[00m\]:\[\033[01;34m\]\w\[\033[00m\]\$ VIRTUAL_ENV_PROMPT=(venv-ardupilot) /usr/bin/cmake --build /home/strain-drone/Documents/drone_position_hold/ros2_ws/build/natnet_ros2 -- -j4 -l4
[0.915s] [  2%] Built target natnet_ros2__rosidl_generator_type_description
[0.915s] [  2%] Built target ament_cmake_python_copy_natnet_ros2
[0.915s] [ 10%] Built target natnet_ros2_node
[0.916s] [ 10%] Built target ament_cmake_python_copy_natnet_ros2_py
[0.916s] [ 12%] Built target natnet_ros2__cpp
[0.916s] [ 25%] Built target natnet_ros2__rosidl_generator_c
[0.917s] [ 33%] Built target natnet_ros2__rosidl_typesupport_cpp
[0.917s] [ 41%] Built target natnet_ros2__rosidl_typesupport_fastrtps_c
[0.917s] [ 48%] Built target natnet_ros2__rosidl_typesupport_introspection_c
[0.917s] [ 56%] Built target natnet_ros2__rosidl_typesupport_fastrtps_cpp
[0.940s] [ 64%] Built target natnet_ros2__rosidl_typesupport_c
[0.945s] [ 71%] Built target natnet_ros2__rosidl_typesupport_introspection_cpp
[0.995s] [ 71%] Built target natnet_ros2
[1.097s] [ 74%] Built target natnet_ros2__py
[1.117s] running egg_info
[1.120s] [ 79%] Built target marker_poses_server
[1.164s] [ 84%] Built target natnet_ros2__rosidl_generator_py
[1.210s] writing natnet_ros2_py.egg-info/PKG-INFO
[1.210s] writing dependency_links to natnet_ros2_py.egg-info/dependency_links.txt
[1.212s] writing top-level names to natnet_ros2_py.egg-info/top_level.txt
[1.281s] [ 94%] Built target natnet_ros2_s__rosidl_typesupport_fastrtps_c
[1.286s] [ 94%] Built target natnet_ros2_s__rosidl_typesupport_introspection_c
[1.324s] running egg_info
[1.339s] reading manifest file 'natnet_ros2_py.egg-info/SOURCES.txt'
[1.341s] writing manifest file 'natnet_ros2_py.egg-info/SOURCES.txt'
[1.407s] [100%] Built target natnet_ros2_s__rosidl_typesupport_c
[1.427s] writing natnet_ros2.egg-info/PKG-INFO
[1.428s] writing dependency_links to natnet_ros2.egg-info/dependency_links.txt
[1.432s] writing top-level names to natnet_ros2.egg-info/top_level.txt
[1.474s] [100%] Built target ament_cmake_python_build_natnet_ros2_py_egg
[1.553s] reading manifest file 'natnet_ros2.egg-info/SOURCES.txt'
[1.553s] writing manifest file 'natnet_ros2.egg-info/SOURCES.txt'
[1.683s] [100%] Built target ament_cmake_python_build_natnet_ros2_egg
[1.713s] Invoked command in '/home/strain-drone/Documents/drone_position_hold/ros2_ws/build/natnet_ros2' returned '0': CMAKE_PREFIX_PATH=${CMAKE_PREFIX_PATH}:/home/strain-drone/Documents/drone_position_hold/ros2_ws/install/visualizer:/home/strain-drone/Documents/drone_position_hold/ros2_ws/install/position_publisher:/home/strain-drone/Documents/drone_position_hold/ros2_ws/install/mocap4r2cli:/home/strain-drone/Documents/drone_position_hold/ros2_ws/install/mavros_config:/opt/ros/jazzy DEBUGINFOD_URLS=https://debuginfod.ubuntu.com PS1=(venv-ardupilot) \[\e]0;\u@\h: \w\a\]${debian_chroot:+($debian_chroot)}\[\033[01;32m\]\u@\h\[\033[00m\]:\[\033[01;34m\]\w\[\033[00m\]\$ VIRTUAL_ENV_PROMPT=(venv-ardupilot) /usr/bin/cmake --build /home/strain-drone/Documents/drone_position_hold/ros2_ws/build/natnet_ros2 -- -j4 -l4
[1.714s] Invoking command in '/home/strain-drone/Documents/drone_position_hold/ros2_ws/build/natnet_ros2': CMAKE_PREFIX_PATH=${CMAKE_PREFIX_PATH}:/home/strain-drone/Documents/drone_position_hold/ros2_ws/install/visualizer:/home/strain-drone/Documents/drone_position_hold/ros2_ws/install/position_publisher:/home/strain-drone/Documents/drone_position_hold/ros2_ws/install/mocap4r2cli:/home/strain-drone/Documents/drone_position_hold/ros2_ws/install/mavros_config:/opt/ros/jazzy DEBUGINFOD_URLS=https://debuginfod.ubuntu.com PS1=(venv-ardupilot) \[\e]0;\u@\h: \w\a\]${debian_chroot:+($debian_chroot)}\[\033[01;32m\]\u@\h\[\033[00m\]:\[\033[01;34m\]\w\[\033[00m\]\$ VIRTUAL_ENV_PROMPT=(venv-ardupilot) /usr/bin/cmake --install /home/strain-drone/Documents/drone_position_hold/ros2_ws/build/natnet_ros2
[1.737s] -- Install configuration: ""
[1.739s] -- Up-to-date: /home/strain-drone/Documents/drone_position_hold/ros2_ws/install/natnet_ros2/share/ament_index/resource_index/rosidl_interfaces/natnet_ros2
[1.739s] -- Up-to-date: /home/strain-drone/Documents/drone_position_hold/ros2_ws/install/natnet_ros2/share/natnet_ros2/srv/MarkerPoses.json
[1.739s] -- Up-to-date: /home/strain-drone/Documents/drone_position_hold/ros2_ws/install/natnet_ros2/include/natnet_ros2/natnet_ros2
[1.739s] -- Up-to-date: /home/strain-drone/Documents/drone_position_hold/ros2_ws/install/natnet_ros2/include/natnet_ros2/natnet_ros2/srv
[1.739s] -- Up-to-date: /home/strain-drone/Documents/drone_position_hold/ros2_ws/install/natnet_ros2/include/natnet_ros2/natnet_ros2/srv/detail
[1.739s] -- Up-to-date: /home/strain-drone/Documents/drone_position_hold/ros2_ws/install/natnet_ros2/include/natnet_ros2/natnet_ros2/srv/detail/marker_poses__functions.h
[1.739s] -- Up-to-date: /home/strain-drone/Documents/drone_position_hold/ros2_ws/install/natnet_ros2/include/natnet_ros2/natnet_ros2/srv/detail/marker_poses__type_support.h
[1.739s] -- Up-to-date: /home/strain-drone/Documents/drone_position_hold/ros2_ws/install/natnet_ros2/include/natnet_ros2/natnet_ros2/srv/detail/marker_poses__description.c
[1.739s] -- Installing: /home/strain-drone/Documents/drone_position_hold/ros2_ws/install/natnet_ros2/include/natnet_ros2/natnet_ros2/srv/detail/marker_poses__type_support.c
[1.740s] -- Up-to-date: /home/strain-drone/Documents/drone_position_hold/ros2_ws/install/natnet_ros2/include/natnet_ros2/natnet_ros2/srv/detail/marker_poses__struct.h
[1.740s] -- Up-to-date: /home/strain-drone/Documents/drone_position_hold/ros2_ws/install/natnet_ros2/include/natnet_ros2/natnet_ros2/srv/detail/marker_poses__functions.c
[1.740s] -- Up-to-date: /home/strain-drone/Documents/drone_position_hold/ros2_ws/install/natnet_ros2/include/natnet_ros2/natnet_ros2/srv/marker_poses.h
[1.740s] -- Up-to-date: /home/strain-drone/Documents/drone_position_hold/ros2_ws/install/natnet_ros2/include/natnet_ros2/natnet_ros2/msg
[1.740s] -- Up-to-date: /home/strain-drone/Documents/drone_position_hold/ros2_ws/install/natnet_ros2/include/natnet_ros2/natnet_ros2/msg/rosidl_generator_c__visibility_control.h
[1.740s] -- Up-to-date: /home/strain-drone/Documents/drone_position_hold/ros2_ws/install/natnet_ros2/share/natnet_ros2/environment/library_path.sh
[1.744s] -- Up-to-date: /home/strain-drone/Documents/drone_position_hold/ros2_ws/install/natnet_ros2/share/natnet_ros2/environment/library_path.dsv
[1.744s] -- Up-to-date: /home/strain-drone/Documents/drone_position_hold/ros2_ws/install/natnet_ros2/lib/libnatnet_ros2__rosidl_generator_c.so
[1.744s] -- Up-to-date: /home/strain-drone/Documents/drone_position_hold/ros2_ws/install/natnet_ros2/include/natnet_ros2/natnet_ros2
[1.744s] -- Up-to-date: /home/strain-drone/Documents/drone_position_hold/ros2_ws/install/natnet_ros2/include/natnet_ros2/natnet_ros2/srv
[1.744s] -- Up-to-date: /home/strain-drone/Documents/drone_position_hold/ros2_ws/install/natnet_ros2/include/natnet_ros2/natnet_ros2/srv/detail
[1.744s] -- Up-to-date: /home/strain-drone/Documents/drone_position_hold/ros2_ws/install/natnet_ros2/include/natnet_ros2/natnet_ros2/srv/detail/marker_poses__rosidl_typesupport_fastrtps_c.h
[1.744s] -- Up-to-date: /home/strain-drone/Documents/drone_position_hold/ros2_ws/install/natnet_ros2/include/natnet_ros2/natnet_ros2/msg
[1.744s] -- Up-to-date: /home/strain-drone/Documents/drone_position_hold/ros2_ws/install/natnet_ros2/include/natnet_ros2/natnet_ros2/msg/rosidl_typesupport_fastrtps_c__visibility_control.h
[1.745s] -- Up-to-date: /home/strain-drone/Documents/drone_position_hold/ros2_ws/install/natnet_ros2/lib/libnatnet_ros2__rosidl_typesupport_fastrtps_c.so
[1.745s] -- Up-to-date: /home/strain-drone/Documents/drone_position_hold/ros2_ws/install/natnet_ros2/include/natnet_ros2/natnet_ros2
[1.745s] -- Up-to-date: /home/strain-drone/Documents/drone_position_hold/ros2_ws/install/natnet_ros2/include/natnet_ros2/natnet_ros2/srv
[1.745s] -- Up-to-date: /home/strain-drone/Documents/drone_position_hold/ros2_ws/install/natnet_ros2/include/natnet_ros2/natnet_ros2/srv/detail
[1.745s] -- Up-to-date: /home/strain-drone/Documents/drone_position_hold/ros2_ws/install/natnet_ros2/include/natnet_ros2/natnet_ros2/srv/detail/marker_poses__struct.hpp
[1.745s] -- Up-to-date: /home/strain-drone/Documents/drone_position_hold/ros2_ws/install/natnet_ros2/include/natnet_ros2/natnet_ros2/srv/detail/marker_poses__type_support.hpp
[1.745s] -- Up-to-date: /home/strain-drone/Documents/drone_position_hold/ros2_ws/install/natnet_ros2/include/natnet_ros2/natnet_ros2/srv/detail/marker_poses__builder.hpp
[1.745s] -- Up-to-date: /home/strain-drone/Documents/drone_position_hold/ros2_ws/install/natnet_ros2/include/natnet_ros2/natnet_ros2/srv/detail/marker_poses__traits.hpp
[1.745s] -- Up-to-date: /home/strain-drone/Documents/drone_position_hold/ros2_ws/install/natnet_ros2/include/natnet_ros2/natnet_ros2/srv/marker_poses.hpp
[1.745s] -- Up-to-date: /home/strain-drone/Documents/drone_position_hold/ros2_ws/install/natnet_ros2/include/natnet_ros2/natnet_ros2/msg
[1.745s] -- Up-to-date: /home/strain-drone/Documents/drone_position_hold/ros2_ws/install/natnet_ros2/include/natnet_ros2/natnet_ros2/msg/rosidl_generator_cpp__visibility_control.hpp
[1.745s] -- Up-to-date: /home/strain-drone/Documents/drone_position_hold/ros2_ws/install/natnet_ros2/include/natnet_ros2/natnet_ros2
[1.746s] -- Up-to-date: /home/strain-drone/Documents/drone_position_hold/ros2_ws/install/natnet_ros2/include/natnet_ros2/natnet_ros2/srv
[1.746s] -- Up-to-date: /home/strain-drone/Documents/drone_position_hold/ros2_ws/install/natnet_ros2/include/natnet_ros2/natnet_ros2/srv/detail
[1.746s] -- Up-to-date: /home/strain-drone/Documents/drone_position_hold/ros2_ws/install/natnet_ros2/include/natnet_ros2/natnet_ros2/srv/detail/dds_fastrtps
[1.746s] -- Up-to-date: /home/strain-drone/Documents/drone_position_hold/ros2_ws/install/natnet_ros2/include/natnet_ros2/natnet_ros2/srv/detail/marker_poses__rosidl_typesupport_fastrtps_cpp.hpp
[1.746s] -- Up-to-date: /home/strain-drone/Documents/drone_position_hold/ros2_ws/install/natnet_ros2/include/natnet_ros2/natnet_ros2/msg
[1.746s] -- Up-to-date: /home/strain-drone/Documents/drone_position_hold/ros2_ws/install/natnet_ros2/include/natnet_ros2/natnet_ros2/msg/rosidl_typesupport_fastrtps_cpp__visibility_control.h
[1.746s] -- Up-to-date: /home/strain-drone/Documents/drone_position_hold/ros2_ws/install/natnet_ros2/lib/libnatnet_ros2__rosidl_typesupport_fastrtps_cpp.so
[1.746s] -- Up-to-date: /home/strain-drone/Documents/drone_position_hold/ros2_ws/install/natnet_ros2/include/natnet_ros2/natnet_ros2
[1.746s] -- Up-to-date: /home/strain-drone/Documents/drone_position_hold/ros2_ws/install/natnet_ros2/include/natnet_ros2/natnet_ros2/srv
[1.746s] -- Up-to-date: /home/strain-drone/Documents/drone_position_hold/ros2_ws/install/natnet_ros2/include/natnet_ros2/natnet_ros2/srv/detail
[1.746s] -- Up-to-date: /home/strain-drone/Documents/drone_position_hold/ros2_ws/install/natnet_ros2/include/natnet_ros2/natnet_ros2/srv/detail/marker_poses__rosidl_typesupport_introspection_c.h
[1.747s] -- Installing: /home/strain-drone/Documents/drone_position_hold/ros2_ws/install/natnet_ros2/include/natnet_ros2/natnet_ros2/srv/detail/marker_poses__type_support.c
[1.747s] -- Up-to-date: /home/strain-drone/Documents/drone_position_hold/ros2_ws/install/natnet_ros2/include/natnet_ros2/natnet_ros2/msg
[1.750s] -- Up-to-date: /home/strain-drone/Documents/drone_position_hold/ros2_ws/install/natnet_ros2/include/natnet_ros2/natnet_ros2/msg/rosidl_typesupport_introspection_c__visibility_control.h
[1.750s] -- Up-to-date: /home/strain-drone/Documents/drone_position_hold/ros2_ws/install/natnet_ros2/lib/libnatnet_ros2__rosidl_typesupport_introspection_c.so
[1.750s] -- Up-to-date: /home/strain-drone/Documents/drone_position_hold/ros2_ws/install/natnet_ros2/lib/libnatnet_ros2__rosidl_typesupport_c.so
[1.750s] -- Up-to-date: /home/strain-drone/Documents/drone_position_hold/ros2_ws/install/natnet_ros2/include/natnet_ros2/natnet_ros2
[1.750s] -- Up-to-date: /home/strain-drone/Documents/drone_position_hold/ros2_ws/install/natnet_ros2/include/natnet_ros2/natnet_ros2/srv
[1.750s] -- Up-to-date: /home/strain-drone/Documents/drone_position_hold/ros2_ws/install/natnet_ros2/include/natnet_ros2/natnet_ros2/srv/detail
[1.750s] -- Up-to-date: /home/strain-drone/Documents/drone_position_hold/ros2_ws/install/natnet_ros2/include/natnet_ros2/natnet_ros2/srv/detail/marker_poses__rosidl_typesupport_introspection_cpp.hpp
[1.750s] -- Up-to-date: /home/strain-drone/Documents/drone_position_hold/ros2_ws/install/natnet_ros2/include/natnet_ros2/natnet_ros2/srv/detail/marker_poses__type_support.cpp
[1.750s] -- Up-to-date: /home/strain-drone/Documents/drone_position_hold/ros2_ws/install/natnet_ros2/lib/libnatnet_ros2__rosidl_typesupport_introspection_cpp.so
[1.751s] -- Up-to-date: /home/strain-drone/Documents/drone_position_hold/ros2_ws/install/natnet_ros2/lib/libnatnet_ros2__rosidl_typesupport_cpp.so
[1.752s] -- Up-to-date: /home/strain-drone/Documents/drone_position_hold/ros2_ws/install/natnet_ros2/share/natnet_ros2/environment/pythonpath.sh
[1.752s] -- Up-to-date: /home/strain-drone/Documents/drone_position_hold/ros2_ws/install/natnet_ros2/share/natnet_ros2/environment/pythonpath.dsv
[1.752s] -- Up-to-date: /home/strain-drone/Documents/drone_position_hold/ros2_ws/install/natnet_ros2/lib/python3.12/site-packages/natnet_ros2-1.0.0-py3.12.egg-info
[1.754s] -- Installing: /home/strain-drone/Documents/drone_position_hold/ros2_ws/install/natnet_ros2/lib/python3.12/site-packages/natnet_ros2-1.0.0-py3.12.egg-info/dependency_links.txt
[1.754s] -- Installing: /home/strain-drone/Documents/drone_position_hold/ros2_ws/install/natnet_ros2/lib/python3.12/site-packages/natnet_ros2-1.0.0-py3.12.egg-info/PKG-INFO
[1.754s] -- Installing: /home/strain-drone/Documents/drone_position_hold/ros2_ws/install/natnet_ros2/lib/python3.12/site-packages/natnet_ros2-1.0.0-py3.12.egg-info/top_level.txt
[1.754s] -- Installing: /home/strain-drone/Documents/drone_position_hold/ros2_ws/install/natnet_ros2/lib/python3.12/site-packages/natnet_ros2-1.0.0-py3.12.egg-info/SOURCES.txt
[1.754s] -- Up-to-date: /home/strain-drone/Documents/drone_position_hold/ros2_ws/install/natnet_ros2/lib/python3.12/site-packages/natnet_ros2
[1.754s] -- Up-to-date: /home/strain-drone/Documents/drone_position_hold/ros2_ws/install/natnet_ros2/lib/python3.12/site-packages/natnet_ros2/_natnet_ros2_s.ep.rosidl_typesupport_introspection_c.c
[1.754s] -- Up-to-date: /home/strain-drone/Documents/drone_position_hold/ros2_ws/install/natnet_ros2/lib/python3.12/site-packages/natnet_ros2/_natnet_ros2_s.ep.rosidl_typesupport_c.c
[1.756s] -- Up-to-date: /home/strain-drone/Documents/drone_position_hold/ros2_ws/install/natnet_ros2/lib/python3.12/site-packages/natnet_ros2/srv
[1.757s] -- Up-to-date: /home/strain-drone/Documents/drone_position_hold/ros2_ws/install/natnet_ros2/lib/python3.12/site-packages/natnet_ros2/srv/_marker_poses.py
[1.757s] -- Up-to-date: /home/strain-drone/Documents/drone_position_hold/ros2_ws/install/natnet_ros2/lib/python3.12/site-packages/natnet_ros2/srv/_marker_poses_s.c
[1.757s] -- Up-to-date: /home/strain-drone/Documents/drone_position_hold/ros2_ws/install/natnet_ros2/lib/python3.12/site-packages/natnet_ros2/srv/__init__.py
[1.757s] -- Up-to-date: /home/strain-drone/Documents/drone_position_hold/ros2_ws/install/natnet_ros2/lib/python3.12/site-packages/natnet_ros2/natnet_ros2_s__rosidl_typesupport_fastrtps_c.so
[1.757s] -- Up-to-date: /home/strain-drone/Documents/drone_position_hold/ros2_ws/install/natnet_ros2/lib/python3.12/site-packages/natnet_ros2/natnet_ros2_s__rosidl_typesupport_c.so
[1.757s] -- Up-to-date: /home/strain-drone/Documents/drone_position_hold/ros2_ws/install/natnet_ros2/lib/python3.12/site-packages/natnet_ros2/__init__.py
[1.757s] -- Up-to-date: /home/strain-drone/Documents/drone_position_hold/ros2_ws/install/natnet_ros2/lib/python3.12/site-packages/natnet_ros2/_natnet_ros2_s.ep.rosidl_typesupport_fastrtps_c.c
[1.757s] -- Up-to-date: /home/strain-drone/Documents/drone_position_hold/ros2_ws/install/natnet_ros2/lib/python3.12/site-packages/natnet_ros2/natnet_ros2_s__rosidl_typesupport_introspection_c.so
[1.833s] Listing '/home/strain-drone/Documents/drone_position_hold/ros2_ws/install/natnet_ros2/lib/python3.12/site-packages/natnet_ros2'...
[1.834s] Listing '/home/strain-drone/Documents/drone_position_hold/ros2_ws/install/natnet_ros2/lib/python3.12/site-packages/natnet_ros2/srv'...
[1.855s] -- Up-to-date: /home/strain-drone/Documents/drone_position_hold/ros2_ws/install/natnet_ros2/lib/python3.12/site-packages/natnet_ros2/natnet_ros2_s__rosidl_typesupport_fastrtps_c.so
[1.856s] -- Up-to-date: /home/strain-drone/Documents/drone_position_hold/ros2_ws/install/natnet_ros2/lib/python3.12/site-packages/natnet_ros2/natnet_ros2_s__rosidl_typesupport_introspection_c.so
[1.857s] -- Up-to-date: /home/strain-drone/Documents/drone_position_hold/ros2_ws/install/natnet_ros2/lib/python3.12/site-packages/natnet_ros2/natnet_ros2_s__rosidl_typesupport_c.so
[1.859s] -- Up-to-date: /home/strain-drone/Documents/drone_position_hold/ros2_ws/install/natnet_ros2/lib/libnatnet_ros2__rosidl_generator_py.so
[1.859s] -- Up-to-date: /home/strain-drone/Documents/drone_position_hold/ros2_ws/install/natnet_ros2/share/natnet_ros2/srv/MarkerPoses.idl
[1.859s] -- Up-to-date: /home/strain-drone/Documents/drone_position_hold/ros2_ws/install/natnet_ros2/share/natnet_ros2/srv/MarkerPoses.srv
[1.859s] -- Up-to-date: /home/strain-drone/Documents/drone_position_hold/ros2_ws/install/natnet_ros2/include/natnet_ros2
[1.860s] -- Up-to-date: /home/strain-drone/Documents/drone_position_hold/ros2_ws/install/natnet_ros2/include/natnet_ros2/nn_filter.hpp
[1.861s] -- Up-to-date: /home/strain-drone/Documents/drone_position_hold/ros2_ws/install/natnet_ros2/include/natnet_ros2/object_data.hpp
[1.861s] -- Up-to-date: /home/strain-drone/Documents/drone_position_hold/ros2_ws/install/natnet_ros2/include/natnet_ros2/natnet_ros2.hpp
[1.861s] -- Up-to-date: /home/strain-drone/Documents/drone_position_hold/ros2_ws/install/natnet_ros2/share/natnet_ros2/launch
[1.861s] -- Up-to-date: /home/strain-drone/Documents/drone_position_hold/ros2_ws/install/natnet_ros2/share/natnet_ros2/launch/natnet_ros2.launch.py
[1.861s] -- Up-to-date: /home/strain-drone/Documents/drone_position_hold/ros2_ws/install/natnet_ros2/share/natnet_ros2/launch/gui_natnet_ros2.launch.py
[1.861s] -- Up-to-date: /home/strain-drone/Documents/drone_position_hold/ros2_ws/install/natnet_ros2/share/natnet_ros2/config
[1.862s] -- Up-to-date: /home/strain-drone/Documents/drone_position_hold/ros2_ws/install/natnet_ros2/share/natnet_ros2/config/initiate.yaml
[1.863s] -- Up-to-date: /home/strain-drone/Documents/drone_position_hold/ros2_ws/install/natnet_ros2/share/natnet_ros2/config/conf_autogen.yaml
[1.863s] -- Up-to-date: /home/strain-drone/Documents/drone_position_hold/ros2_ws/install/natnet_ros2/share/natnet_ros2/ui
[1.863s] -- Up-to-date: /home/strain-drone/Documents/drone_position_hold/ros2_ws/install/natnet_ros2/share/natnet_ros2/ui/helper.ui
[1.863s] -- Up-to-date: /home/strain-drone/Documents/drone_position_hold/ros2_ws/install/natnet_ros2/share/natnet_ros2/ui/ros-logo.png
[1.863s] -- Up-to-date: /home/strain-drone/Documents/drone_position_hold/ros2_ws/install/natnet_ros2/share/natnet_ros2/ui/logo.png
[1.863s] -- Up-to-date: /home/strain-drone/Documents/drone_position_hold/ros2_ws/install/natnet_ros2/lib/natnet_ros2/natnet_ros2_node
[1.865s] -- Up-to-date: /home/strain-drone/Documents/drone_position_hold/ros2_ws/install/natnet_ros2/bin/natnet_ros2_node
[1.865s] -- Up-to-date: /home/strain-drone/Documents/drone_position_hold/ros2_ws/install/natnet_ros2/lib/natnet_ros2/marker_poses_server
[1.866s] -- Up-to-date: /home/strain-drone/Documents/drone_position_hold/ros2_ws/install/natnet_ros2/bin/marker_poses_server
[1.867s] -- Up-to-date: /home/strain-drone/Documents/drone_position_hold/ros2_ws/install/natnet_ros2/lib/python3.12/site-packages/natnet_ros2_py-1.0.0-py3.12.egg-info
[1.868s] -- Installing: /home/strain-drone/Documents/drone_position_hold/ros2_ws/install/natnet_ros2/lib/python3.12/site-packages/natnet_ros2_py-1.0.0-py3.12.egg-info/dependency_links.txt
[1.869s] -- Installing: /home/strain-drone/Documents/drone_position_hold/ros2_ws/install/natnet_ros2/lib/python3.12/site-packages/natnet_ros2_py-1.0.0-py3.12.egg-info/PKG-INFO
[1.870s] -- Installing: /home/strain-drone/Documents/drone_position_hold/ros2_ws/install/natnet_ros2/lib/python3.12/site-packages/natnet_ros2_py-1.0.0-py3.12.egg-info/top_level.txt
[1.870s] -- Installing: /home/strain-drone/Documents/drone_position_hold/ros2_ws/install/natnet_ros2/lib/python3.12/site-packages/natnet_ros2_py-1.0.0-py3.12.egg-info/SOURCES.txt
[1.871s] -- Up-to-date: /home/strain-drone/Documents/drone_position_hold/ros2_ws/install/natnet_ros2/lib/python3.12/site-packages/natnet_ros2_py
[1.872s] -- Up-to-date: /home/strain-drone/Documents/drone_position_hold/ros2_ws/install/natnet_ros2/lib/python3.12/site-packages/natnet_ros2_py/node_module.py
[1.873s] -- Up-to-date: /home/strain-drone/Documents/drone_position_hold/ros2_ws/install/natnet_ros2/lib/python3.12/site-packages/natnet_ros2_py/__init__.py
[1.943s] Listing '/home/strain-drone/Documents/drone_position_hold/ros2_ws/install/natnet_ros2/lib/python3.12/site-packages/natnet_ros2_py'...
[1.961s] -- Up-to-date: /home/strain-drone/Documents/drone_position_hold/ros2_ws/install/natnet_ros2/lib/natnet_ros2/helper_node_r2.py
[1.961s] -- Up-to-date: /home/strain-drone/Documents/drone_position_hold/ros2_ws/install/natnet_ros2/include
[1.961s] -- Up-to-date: /home/strain-drone/Documents/drone_position_hold/ros2_ws/install/natnet_ros2/include/natnet_ros2
[1.961s] -- Up-to-date: /home/strain-drone/Documents/drone_position_hold/ros2_ws/install/natnet_ros2/include/natnet_ros2/nn_filter.hpp
[1.961s] -- Up-to-date: /home/strain-drone/Documents/drone_position_hold/ros2_ws/install/natnet_ros2/include/natnet_ros2/object_data.hpp
[1.961s] -- Up-to-date: /home/strain-drone/Documents/drone_position_hold/ros2_ws/install/natnet_ros2/include/natnet_ros2/natnet_ros2.hpp
[1.961s] -- Up-to-date: /home/strain-drone/Documents/drone_position_hold/ros2_ws/install/natnet_ros2/share/ament_index/resource_index/package_run_dependencies/natnet_ros2
[1.961s] -- Up-to-date: /home/strain-drone/Documents/drone_position_hold/ros2_ws/install/natnet_ros2/share/ament_index/resource_index/parent_prefix_path/natnet_ros2
[1.962s] -- Up-to-date: /home/strain-drone/Documents/drone_position_hold/ros2_ws/install/natnet_ros2/share/natnet_ros2/environment/ament_prefix_path.sh
[1.962s] -- Up-to-date: /home/strain-drone/Documents/drone_position_hold/ros2_ws/install/natnet_ros2/share/natnet_ros2/environment/ament_prefix_path.dsv
[1.962s] -- Up-to-date: /home/strain-drone/Documents/drone_position_hold/ros2_ws/install/natnet_ros2/share/natnet_ros2/environment/path.sh
[1.962s] -- Up-to-date: /home/strain-drone/Documents/drone_position_hold/ros2_ws/install/natnet_ros2/share/natnet_ros2/environment/path.dsv
[1.962s] -- Up-to-date: /home/strain-drone/Documents/drone_position_hold/ros2_ws/install/natnet_ros2/share/natnet_ros2/local_setup.bash
[1.962s] -- Up-to-date: /home/strain-drone/Documents/drone_position_hold/ros2_ws/install/natnet_ros2/share/natnet_ros2/local_setup.sh
[1.962s] -- Up-to-date: /home/strain-drone/Documents/drone_position_hold/ros2_ws/install/natnet_ros2/share/natnet_ros2/local_setup.zsh
[1.962s] -- Up-to-date: /home/strain-drone/Documents/drone_position_hold/ros2_ws/install/natnet_ros2/share/natnet_ros2/local_setup.dsv
[1.962s] -- Installing: /home/strain-drone/Documents/drone_position_hold/ros2_ws/install/natnet_ros2/share/natnet_ros2/package.dsv
[1.962s] -- Up-to-date: /home/strain-drone/Documents/drone_position_hold/ros2_ws/install/natnet_ros2/share/ament_index/resource_index/packages/natnet_ros2
[1.962s] -- Up-to-date: /home/strain-drone/Documents/drone_position_hold/ros2_ws/install/natnet_ros2/share/natnet_ros2/cmake/export_natnet_ros2__rosidl_generator_cExport.cmake
[1.962s] -- Up-to-date: /home/strain-drone/Documents/drone_position_hold/ros2_ws/install/natnet_ros2/share/natnet_ros2/cmake/export_natnet_ros2__rosidl_generator_cExport-noconfig.cmake
[1.962s] -- Up-to-date: /home/strain-drone/Documents/drone_position_hold/ros2_ws/install/natnet_ros2/share/natnet_ros2/cmake/export_natnet_ros2__rosidl_typesupport_fastrtps_cExport.cmake
[1.963s] -- Up-to-date: /home/strain-drone/Documents/drone_position_hold/ros2_ws/install/natnet_ros2/share/natnet_ros2/cmake/export_natnet_ros2__rosidl_typesupport_fastrtps_cExport-noconfig.cmake
[1.964s] -- Up-to-date: /home/strain-drone/Documents/drone_position_hold/ros2_ws/install/natnet_ros2/share/natnet_ros2/cmake/export_natnet_ros2__rosidl_generator_cppExport.cmake
[1.964s] -- Up-to-date: /home/strain-drone/Documents/drone_position_hold/ros2_ws/install/natnet_ros2/share/natnet_ros2/cmake/export_natnet_ros2__rosidl_typesupport_fastrtps_cppExport.cmake
[1.964s] -- Up-to-date: /home/strain-drone/Documents/drone_position_hold/ros2_ws/install/natnet_ros2/share/natnet_ros2/cmake/export_natnet_ros2__rosidl_typesupport_fastrtps_cppExport-noconfig.cmake
[1.964s] -- Up-to-date: /home/strain-drone/Documents/drone_position_hold/ros2_ws/install/natnet_ros2/share/natnet_ros2/cmake/natnet_ros2__rosidl_typesupport_introspection_cExport.cmake
[1.964s] -- Up-to-date: /home/strain-drone/Documents/drone_position_hold/ros2_ws/install/natnet_ros2/share/natnet_ros2/cmake/natnet_ros2__rosidl_typesupport_introspection_cExport-noconfig.cmake
[1.964s] -- Up-to-date: /home/strain-drone/Documents/drone_position_hold/ros2_ws/install/natnet_ros2/share/natnet_ros2/cmake/natnet_ros2__rosidl_typesupport_cExport.cmake
[1.965s] -- Up-to-date: /home/strain-drone/Documents/drone_position_hold/ros2_ws/install/natnet_ros2/share/natnet_ros2/cmake/natnet_ros2__rosidl_typesupport_cExport-noconfig.cmake
[1.965s] -- Up-to-date: /home/strain-drone/Documents/drone_position_hold/ros2_ws/install/natnet_ros2/share/natnet_ros2/cmake/natnet_ros2__rosidl_typesupport_introspection_cppExport.cmake
[1.966s] -- Up-to-date: /home/strain-drone/Documents/drone_position_hold/ros2_ws/install/natnet_ros2/share/natnet_ros2/cmake/natnet_ros2__rosidl_typesupport_introspection_cppExport-noconfig.cmake
[1.966s] -- Up-to-date: /home/strain-drone/Documents/drone_position_hold/ros2_ws/install/natnet_ros2/share/natnet_ros2/cmake/natnet_ros2__rosidl_typesupport_cppExport.cmake
[1.966s] -- Up-to-date: /home/strain-drone/Documents/drone_position_hold/ros2_ws/install/natnet_ros2/share/natnet_ros2/cmake/natnet_ros2__rosidl_typesupport_cppExport-noconfig.cmake
[1.967s] -- Up-to-date: /home/strain-drone/Documents/drone_position_hold/ros2_ws/install/natnet_ros2/share/natnet_ros2/cmake/export_natnet_ros2__rosidl_generator_pyExport.cmake
[1.967s] -- Up-to-date: /home/strain-drone/Documents/drone_position_hold/ros2_ws/install/natnet_ros2/share/natnet_ros2/cmake/export_natnet_ros2__rosidl_generator_pyExport-noconfig.cmake
[1.968s] -- Up-to-date: /home/strain-drone/Documents/drone_position_hold/ros2_ws/install/natnet_ros2/share/natnet_ros2/cmake/rosidl_cmake-extras.cmake
[1.968s] -- Up-to-date: /home/strain-drone/Documents/drone_position_hold/ros2_ws/install/natnet_ros2/share/natnet_ros2/cmake/ament_cmake_export_dependencies-extras.cmake
[1.969s] -- Up-to-date: /home/strain-drone/Documents/drone_position_hold/ros2_ws/install/natnet_ros2/share/natnet_ros2/cmake/ament_cmake_export_include_directories-extras.cmake
[1.969s] -- Up-to-date: /home/strain-drone/Documents/drone_position_hold/ros2_ws/install/natnet_ros2/share/natnet_ros2/cmake/ament_cmake_export_libraries-extras.cmake
[1.969s] -- Up-to-date: /home/strain-drone/Documents/drone_position_hold/ros2_ws/install/natnet_ros2/share/natnet_ros2/cmake/ament_cmake_export_targets-extras.cmake
[1.970s] -- Up-to-date: /home/strain-drone/Documents/drone_position_hold/ros2_ws/install/natnet_ros2/share/natnet_ros2/cmake/rosidl_cmake_export_typesupport_targets-extras.cmake
[1.970s] -- Up-to-date: /home/strain-drone/Documents/drone_position_hold/ros2_ws/install/natnet_ros2/share/natnet_ros2/cmake/rosidl_cmake_export_typesupport_libraries-extras.cmake
[1.971s] -- Up-to-date: /home/strain-drone/Documents/drone_position_hold/ros2_ws/install/natnet_ros2/share/natnet_ros2/cmake/natnet_ros2Config.cmake
[1.971s] -- Up-to-date: /home/strain-drone/Documents/drone_position_hold/ros2_ws/install/natnet_ros2/share/natnet_ros2/cmake/natnet_ros2Config-version.cmake
[1.971s] -- Up-to-date: /home/strain-drone/Documents/drone_position_hold/ros2_ws/install/natnet_ros2/share/natnet_ros2/package.xml
[2.018s] Invoked command in '/home/strain-drone/Documents/drone_position_hold/ros2_ws/build/natnet_ros2' returned '0': CMAKE_PREFIX_PATH=${CMAKE_PREFIX_PATH}:/home/strain-drone/Documents/drone_position_hold/ros2_ws/install/visualizer:/home/strain-drone/Documents/drone_position_hold/ros2_ws/install/position_publisher:/home/strain-drone/Documents/drone_position_hold/ros2_ws/install/mocap4r2cli:/home/strain-drone/Documents/drone_position_hold/ros2_ws/install/mavros_config:/opt/ros/jazzy DEBUGINFOD_URLS=https://debuginfod.ubuntu.com PS1=(venv-ardupilot) \[\e]0;\u@\h: \w\a\]${debian_chroot:+($debian_chroot)}\[\033[01;32m\]\u@\h\[\033[00m\]:\[\033[01;34m\]\w\[\033[00m\]\$ VIRTUAL_ENV_PROMPT=(venv-ardupilot) /usr/bin/cmake --install /home/strain-drone/Documents/drone_position_hold/ros2_ws/build/natnet_ros2
