[1.781s] Invoking command in '/home/strain-drone/Documents/drone_position_hold/ros2_ws/src/position_publisher': DEBUGINFOD_URLS=https://debuginfod.ubuntu.com PS1=(venv-ardupilot) \[\e]0;\u@\h: \w\a\]${debian_chroot:+($debian_chroot)}\[\033[01;32m\]\u@\h\[\033[00m\]:\[\033[01;34m\]\w\[\033[00m\]\$ PYTHONPATH=/home/strain-drone/Documents/drone_position_hold/ros2_ws/build/position_publisher/prefix_override:/usr/lib/python3/dist-packages/colcon_core/task/python/colcon_distutils_commands:/home/strain-drone/Documents/drone_position_hold/ros2_ws/install/position_publisher/lib/python3.12/site-packages:${PYTHONPATH} VIRTUAL_ENV_PROMPT=(venv-ardupilot) /usr/bin/python3 -W ignore:setup.py install is deprecated -W ignore:easy_install command is deprecated setup.py egg_info --egg-base ../../build/position_publisher build --build-base /home/strain-drone/Documents/drone_position_hold/ros2_ws/build/position_publisher/build install --record /home/strain-drone/Documents/drone_position_hold/ros2_ws/build/position_publisher/install.log --single-version-externally-managed install_data
[2.280s] running egg_info
[2.281s] creating ../../build/position_publisher/position_publisher.egg-info
[2.314s] writing ../../build/position_publisher/position_publisher.egg-info/PKG-INFO
[2.314s] writing dependency_links to ../../build/position_publisher/position_publisher.egg-info/dependency_links.txt
[2.315s] writing entry points to ../../build/position_publisher/position_publisher.egg-info/entry_points.txt
[2.315s] writing requirements to ../../build/position_publisher/position_publisher.egg-info/requires.txt
[2.316s] writing top-level names to ../../build/position_publisher/position_publisher.egg-info/top_level.txt
[2.316s] writing manifest file '../../build/position_publisher/position_publisher.egg-info/SOURCES.txt'
[2.388s] reading manifest file '../../build/position_publisher/position_publisher.egg-info/SOURCES.txt'
[2.389s] writing manifest file '../../build/position_publisher/position_publisher.egg-info/SOURCES.txt'
[2.390s] running build
[2.390s] running build_py
[2.391s] creating /home/strain-drone/Documents/drone_position_hold/ros2_ws/build/position_publisher/build
[2.391s] creating /home/strain-drone/Documents/drone_position_hold/ros2_ws/build/position_publisher/build/lib
[2.391s] creating /home/strain-drone/Documents/drone_position_hold/ros2_ws/build/position_publisher/build/lib/position_publisher
[2.392s] copying position_publisher/drone_commander.py -> /home/strain-drone/Documents/drone_position_hold/ros2_ws/build/position_publisher/build/lib/position_publisher
[2.393s] copying position_publisher/__init__.py -> /home/strain-drone/Documents/drone_position_hold/ros2_ws/build/position_publisher/build/lib/position_publisher
[2.393s] copying position_publisher/position_publisher.py -> /home/strain-drone/Documents/drone_position_hold/ros2_ws/build/position_publisher/build/lib/position_publisher
[2.395s] running install
[2.406s] running install_lib
[2.442s] creating /home/strain-drone/Documents/drone_position_hold/ros2_ws/install/position_publisher/lib/python3.12/site-packages/position_publisher
[2.443s] copying /home/strain-drone/Documents/drone_position_hold/ros2_ws/build/position_publisher/build/lib/position_publisher/drone_commander.py -> /home/strain-drone/Documents/drone_position_hold/ros2_ws/install/position_publisher/lib/python3.12/site-packages/position_publisher
[2.443s] copying /home/strain-drone/Documents/drone_position_hold/ros2_ws/build/position_publisher/build/lib/position_publisher/__init__.py -> /home/strain-drone/Documents/drone_position_hold/ros2_ws/install/position_publisher/lib/python3.12/site-packages/position_publisher
[2.445s] copying /home/strain-drone/Documents/drone_position_hold/ros2_ws/build/position_publisher/build/lib/position_publisher/position_publisher.py -> /home/strain-drone/Documents/drone_position_hold/ros2_ws/install/position_publisher/lib/python3.12/site-packages/position_publisher
[2.445s] byte-compiling /home/strain-drone/Documents/drone_position_hold/ros2_ws/install/position_publisher/lib/python3.12/site-packages/position_publisher/drone_commander.py to drone_commander.cpython-312.pyc
[2.449s] byte-compiling /home/strain-drone/Documents/drone_position_hold/ros2_ws/install/position_publisher/lib/python3.12/site-packages/position_publisher/__init__.py to __init__.cpython-312.pyc
[2.449s] byte-compiling /home/strain-drone/Documents/drone_position_hold/ros2_ws/install/position_publisher/lib/python3.12/site-packages/position_publisher/position_publisher.py to position_publisher.cpython-312.pyc
[2.457s] running install_data
[2.457s] creating /home/strain-drone/Documents/drone_position_hold/ros2_ws/install/position_publisher/share/ament_index
[2.457s] creating /home/strain-drone/Documents/drone_position_hold/ros2_ws/install/position_publisher/share/ament_index/resource_index
[2.458s] creating /home/strain-drone/Documents/drone_position_hold/ros2_ws/install/position_publisher/share/ament_index/resource_index/packages
[2.458s] copying resource/position_publisher -> /home/strain-drone/Documents/drone_position_hold/ros2_ws/install/position_publisher/share/ament_index/resource_index/packages
[2.459s] copying package.xml -> /home/strain-drone/Documents/drone_position_hold/ros2_ws/install/position_publisher/share/position_publisher
[2.459s] running install_egg_info
[2.500s] Copying ../../build/position_publisher/position_publisher.egg-info to /home/strain-drone/Documents/drone_position_hold/ros2_ws/install/position_publisher/lib/python3.12/site-packages/position_publisher-0.0.0-py3.12.egg-info
[2.502s] running install_scripts
[2.797s] Installing drone_commander script to /home/strain-drone/Documents/drone_position_hold/ros2_ws/install/position_publisher/lib/position_publisher
[2.797s] Installing position_publisher script to /home/strain-drone/Documents/drone_position_hold/ros2_ws/install/position_publisher/lib/position_publisher
[2.799s] writing list of installed files to '/home/strain-drone/Documents/drone_position_hold/ros2_ws/build/position_publisher/install.log'
[2.929s] Invoked command in '/home/strain-drone/Documents/drone_position_hold/ros2_ws/src/position_publisher' returned '0': DEBUGINFOD_URLS=https://debuginfod.ubuntu.com PS1=(venv-ardupilot) \[\e]0;\u@\h: \w\a\]${debian_chroot:+($debian_chroot)}\[\033[01;32m\]\u@\h\[\033[00m\]:\[\033[01;34m\]\w\[\033[00m\]\$ PYTHONPATH=/home/strain-drone/Documents/drone_position_hold/ros2_ws/build/position_publisher/prefix_override:/usr/lib/python3/dist-packages/colcon_core/task/python/colcon_distutils_commands:/home/strain-drone/Documents/drone_position_hold/ros2_ws/install/position_publisher/lib/python3.12/site-packages:${PYTHONPATH} VIRTUAL_ENV_PROMPT=(venv-ardupilot) /usr/bin/python3 -W ignore:setup.py install is deprecated -W ignore:easy_install command is deprecated setup.py egg_info --egg-base ../../build/position_publisher build --build-base /home/strain-drone/Documents/drone_position_hold/ros2_ws/build/position_publisher/build install --record /home/strain-drone/Documents/drone_position_hold/ros2_ws/build/position_publisher/install.log --single-version-externally-managed install_data
