[2.407s] Invoking command in '/home/strain-drone/Documents/drone_position_hold/ros2_ws/src/position_publisher': DEBUGINFOD_URLS=https://debuginfod.ubuntu.com PS1=\[\e]0;\u@\h: \w\a\]${debian_chroot:+($debian_chroot)}\[\033[01;32m\]\u@\h\[\033[00m\]:\[\033[01;34m\]\w\[\033[00m\]\$ PYTHONPATH=/home/strain-drone/Documents/drone_position_hold/ros2_ws/build/position_publisher/prefix_override:/usr/lib/python3/dist-packages/colcon_core/task/python/colcon_distutils_commands:/home/strain-drone/Documents/drone_position_hold/ros2_ws/install/position_publisher/lib/python3.12/site-packages:${PYTHONPATH} /usr/bin/python3 -W ignore:setup.py install is deprecated -W ignore:easy_install command is deprecated setup.py egg_info --egg-base ../../build/position_publisher build --build-base /home/strain-drone/Documents/drone_position_hold/ros2_ws/build/position_publisher/build install --record /home/strain-drone/Documents/drone_position_hold/ros2_ws/build/position_publisher/install.log --single-version-externally-managed install_data
[3.051s] running egg_info
[3.083s] writing ../../build/position_publisher/position_publisher.egg-info/PKG-INFO
[3.085s] writing dependency_links to ../../build/position_publisher/position_publisher.egg-info/dependency_links.txt
[3.086s] writing entry points to ../../build/position_publisher/position_publisher.egg-info/entry_points.txt
[3.086s] writing requirements to ../../build/position_publisher/position_publisher.egg-info/requires.txt
[3.086s] writing top-level names to ../../build/position_publisher/position_publisher.egg-info/top_level.txt
[3.147s] reading manifest file '../../build/position_publisher/position_publisher.egg-info/SOURCES.txt'
[3.148s] writing manifest file '../../build/position_publisher/position_publisher.egg-info/SOURCES.txt'
[3.150s] running build
[3.151s] running build_py
[3.151s] copying position_publisher/position_publisher.py -> /home/strain-drone/Documents/drone_position_hold/ros2_ws/build/position_publisher/build/lib/position_publisher
[3.152s] running install
[3.161s] running install_lib
[3.191s] copying /home/strain-drone/Documents/drone_position_hold/ros2_ws/build/position_publisher/build/lib/position_publisher/position_publisher.py -> /home/strain-drone/Documents/drone_position_hold/ros2_ws/install/position_publisher/lib/python3.12/site-packages/position_publisher
[3.192s] byte-compiling /home/strain-drone/Documents/drone_position_hold/ros2_ws/install/position_publisher/lib/python3.12/site-packages/position_publisher/position_publisher.py to position_publisher.cpython-312.pyc
[3.199s] running install_data
[3.199s] running install_egg_info
[3.229s] removing '/home/strain-drone/Documents/drone_position_hold/ros2_ws/install/position_publisher/lib/python3.12/site-packages/position_publisher-0.0.0-py3.12.egg-info' (and everything under it)
[3.234s] Copying ../../build/position_publisher/position_publisher.egg-info to /home/strain-drone/Documents/drone_position_hold/ros2_ws/install/position_publisher/lib/python3.12/site-packages/position_publisher-0.0.0-py3.12.egg-info
[3.236s] running install_scripts
[3.456s] Installing drone_commander script to /home/strain-drone/Documents/drone_position_hold/ros2_ws/install/position_publisher/lib/position_publisher
[3.457s] Installing position_publisher script to /home/strain-drone/Documents/drone_position_hold/ros2_ws/install/position_publisher/lib/position_publisher
[3.458s] writing list of installed files to '/home/strain-drone/Documents/drone_position_hold/ros2_ws/build/position_publisher/install.log'
[3.579s] Invoked command in '/home/strain-drone/Documents/drone_position_hold/ros2_ws/src/position_publisher' returned '0': DEBUGINFOD_URLS=https://debuginfod.ubuntu.com PS1=\[\e]0;\u@\h: \w\a\]${debian_chroot:+($debian_chroot)}\[\033[01;32m\]\u@\h\[\033[00m\]:\[\033[01;34m\]\w\[\033[00m\]\$ PYTHONPATH=/home/strain-drone/Documents/drone_position_hold/ros2_ws/build/position_publisher/prefix_override:/usr/lib/python3/dist-packages/colcon_core/task/python/colcon_distutils_commands:/home/strain-drone/Documents/drone_position_hold/ros2_ws/install/position_publisher/lib/python3.12/site-packages:${PYTHONPATH} /usr/bin/python3 -W ignore:setup.py install is deprecated -W ignore:easy_install command is deprecated setup.py egg_info --egg-base ../../build/position_publisher build --build-base /home/strain-drone/Documents/drone_position_hold/ros2_ws/build/position_publisher/build install --record /home/strain-drone/Documents/drone_position_hold/ros2_ws/build/position_publisher/install.log --single-version-externally-managed install_data
