[2.867s] Invoking command in '/home/strain-drone/Documents/drone_position_hold/ros2_ws/src/mavros_config': DEBUGINFOD_URLS=https://debuginfod.ubuntu.com PS1=(venv-ardupilot) \[\e]0;\u@\h: \w\a\]${debian_chroot:+($debian_chroot)}\[\033[01;32m\]\u@\h\[\033[00m\]:\[\033[01;34m\]\w\[\033[00m\]\$ PYTHONPATH=/home/strain-drone/Documents/drone_position_hold/ros2_ws/build/mavros_config/prefix_override:/usr/lib/python3/dist-packages/colcon_core/task/python/colcon_distutils_commands:/home/strain-drone/Documents/drone_position_hold/ros2_ws/install/mavros_config/lib/python3.12/site-packages:${PYTHONPATH} VIRTUAL_ENV_PROMPT=(venv-ardupilot) /usr/bin/python3 -W ignore:setup.py install is deprecated -W ignore:easy_install command is deprecated setup.py egg_info --egg-base ../../build/mavros_config build --build-base /home/strain-drone/Documents/drone_position_hold/ros2_ws/build/mavros_config/build install --record /home/strain-drone/Documents/drone_position_hold/ros2_ws/build/mavros_config/install.log --single-version-externally-managed install_data
[3.345s] running egg_info
[3.345s] creating ../../build/mavros_config/mavros_config.egg-info
[3.376s] writing ../../build/mavros_config/mavros_config.egg-info/PKG-INFO
[3.376s] writing dependency_links to ../../build/mavros_config/mavros_config.egg-info/dependency_links.txt
[3.377s] writing requirements to ../../build/mavros_config/mavros_config.egg-info/requires.txt
[3.377s] writing top-level names to ../../build/mavros_config/mavros_config.egg-info/top_level.txt
[3.377s] writing manifest file '../../build/mavros_config/mavros_config.egg-info/SOURCES.txt'
[3.442s] reading manifest file '../../build/mavros_config/mavros_config.egg-info/SOURCES.txt'
[3.442s] writing manifest file '../../build/mavros_config/mavros_config.egg-info/SOURCES.txt'
[3.442s] running build
[3.442s] running build_py
[3.445s] creating /home/strain-drone/Documents/drone_position_hold/ros2_ws/build/mavros_config/build
[3.445s] creating /home/strain-drone/Documents/drone_position_hold/ros2_ws/build/mavros_config/build/lib
[3.445s] creating /home/strain-drone/Documents/drone_position_hold/ros2_ws/build/mavros_config/build/lib/mavros_config
[3.445s] copying mavros_config/__init__.py -> /home/strain-drone/Documents/drone_position_hold/ros2_ws/build/mavros_config/build/lib/mavros_config
[3.445s] running install
[3.455s] running install_lib
[3.488s] creating /home/strain-drone/Documents/drone_position_hold/ros2_ws/install/mavros_config/lib/python3.12/site-packages/mavros_config
[3.488s] copying /home/strain-drone/Documents/drone_position_hold/ros2_ws/build/mavros_config/build/lib/mavros_config/__init__.py -> /home/strain-drone/Documents/drone_position_hold/ros2_ws/install/mavros_config/lib/python3.12/site-packages/mavros_config
[3.489s] byte-compiling /home/strain-drone/Documents/drone_position_hold/ros2_ws/install/mavros_config/lib/python3.12/site-packages/mavros_config/__init__.py to __init__.cpython-312.pyc
[3.490s] running install_data
[3.490s] creating /home/strain-drone/Documents/drone_position_hold/ros2_ws/install/mavros_config/share/ament_index
[3.490s] creating /home/strain-drone/Documents/drone_position_hold/ros2_ws/install/mavros_config/share/ament_index/resource_index
[3.491s] creating /home/strain-drone/Documents/drone_position_hold/ros2_ws/install/mavros_config/share/ament_index/resource_index/packages
[3.491s] copying resource/mavros_config -> /home/strain-drone/Documents/drone_position_hold/ros2_ws/install/mavros_config/share/ament_index/resource_index/packages
[3.492s] copying package.xml -> /home/strain-drone/Documents/drone_position_hold/ros2_ws/install/mavros_config/share/mavros_config
[3.492s] creating /home/strain-drone/Documents/drone_position_hold/ros2_ws/install/mavros_config/share/mavros_config/launch
[3.492s] copying launch/mavros.launch.py -> /home/strain-drone/Documents/drone_position_hold/ros2_ws/install/mavros_config/share/mavros_config/launch
[3.493s] running install_egg_info
[3.535s] Copying ../../build/mavros_config/mavros_config.egg-info to /home/strain-drone/Documents/drone_position_hold/ros2_ws/install/mavros_config/lib/python3.12/site-packages/mavros_config-0.0.0-py3.12.egg-info
[3.537s] running install_scripts
[3.836s] writing list of installed files to '/home/strain-drone/Documents/drone_position_hold/ros2_ws/build/mavros_config/install.log'
[3.963s] Invoked command in '/home/strain-drone/Documents/drone_position_hold/ros2_ws/src/mavros_config' returned '0': DEBUGINFOD_URLS=https://debuginfod.ubuntu.com PS1=(venv-ardupilot) \[\e]0;\u@\h: \w\a\]${debian_chroot:+($debian_chroot)}\[\033[01;32m\]\u@\h\[\033[00m\]:\[\033[01;34m\]\w\[\033[00m\]\$ PYTHONPATH=/home/strain-drone/Documents/drone_position_hold/ros2_ws/build/mavros_config/prefix_override:/usr/lib/python3/dist-packages/colcon_core/task/python/colcon_distutils_commands:/home/strain-drone/Documents/drone_position_hold/ros2_ws/install/mavros_config/lib/python3.12/site-packages:${PYTHONPATH} VIRTUAL_ENV_PROMPT=(venv-ardupilot) /usr/bin/python3 -W ignore:setup.py install is deprecated -W ignore:easy_install command is deprecated setup.py egg_info --egg-base ../../build/mavros_config build --build-base /home/strain-drone/Documents/drone_position_hold/ros2_ws/build/mavros_config/build install --record /home/strain-drone/Documents/drone_position_hold/ros2_ws/build/mavros_config/install.log --single-version-externally-managed install_data
