[0.081s] Invoking command in '/home/strain-drone/Documents/drone_position_hold/ros2_ws/src/build/mocap4r2_dummy_driver': AMENT_PREFIX_PATH=/home/strain-drone/Documents/drone_position_hold/ros2_ws/src/install/mocap4r2_control:/home/strain-drone/Documents/drone_position_hold/ros2_ws/src/install/mocap4r2_msgs:/home/strain-drone/Documents/drone_position_hold/ros2_ws/src/install/mocap4r2_control_msgs:${AMENT_PREFIX_PATH} CMAKE_PREFIX_PATH=/home/strain-drone/Documents/drone_position_hold/ros2_ws/src/install/mocap4r2_control:/home/strain-drone/Documents/drone_position_hold/ros2_ws/src/install/mocap4r2_msgs:/home/strain-drone/Documents/drone_position_hold/ros2_ws/src/install/mocap4r2_control_msgs:/opt/ros/jazzy/opt/gz_math_vendor:/opt/ros/jazzy/opt/gz_utils_vendor:/opt/ros/jazzy/opt/gz_cmake_vendor:/opt/ros/jazzy DEBUGINFOD_URLS=https://debuginfod.ubuntu.com LD_LIBRARY_PATH=/home/strain-drone/Documents/drone_position_hold/ros2_ws/src/install/mocap4r2_control/lib:/home/strain-drone/Documents/drone_position_hold/ros2_ws/src/install/mocap4r2_msgs/lib:/home/strain-drone/Documents/drone_position_hold/ros2_ws/src/install/mocap4r2_control_msgs/lib:${LD_LIBRARY_PATH} PYTHONPATH=/home/strain-drone/Documents/drone_position_hold/ros2_ws/src/install/mocap4r2_msgs/lib/python3.12/site-packages:/home/strain-drone/Documents/drone_position_hold/ros2_ws/src/install/mocap4r2_control_msgs/lib/python3.12/site-packages:${PYTHONPATH} VIRTUAL_ENV_PROMPT=(venv-ardupilot) /usr/bin/cmake /home/strain-drone/Documents/drone_position_hold/ros2_ws/src/mocap4r2/mocap4r2_dummy_driver -DCMAKE_INSTALL_PREFIX=/home/strain-drone/Documents/drone_position_hold/ros2_ws/src/install/mocap4r2_dummy_driver
[0.555s] -- The C compiler identification is GNU 13.3.0
[0.974s] -- The CXX compiler identification is GNU 13.3.0
[1.044s] -- Detecting C compiler ABI info
[1.403s] -- Detecting C compiler ABI info - done
[1.437s] -- Check for working C compiler: /usr/lib/ccache/cc - skipped
[1.443s] -- Detecting C compile features
[1.443s] -- Detecting C compile features - done
[1.498s] -- Detecting CXX compiler ABI info
[1.940s] -- Detecting CXX compiler ABI info - done
[1.995s] -- Check for working CXX compiler: /usr/lib/ccache/c++ - skipped
[1.995s] -- Detecting CXX compile features
[1.998s] -- Detecting CXX compile features - done
[2.014s] -- Found ament_cmake: 2.5.4 (/opt/ros/jazzy/share/ament_cmake/cmake)
[3.229s] -- Found Python3: /home/strain-drone/venv-ardupilot/bin/python3 (found version "3.12.3") found components: Interpreter 
[3.735s] -- Found rclcpp: 28.1.9 (/opt/ros/jazzy/share/rclcpp/cmake)
[3.846s] -- Found rosidl_generator_c: 4.6.5 (/opt/ros/jazzy/share/rosidl_generator_c/cmake)
[3.881s] -- Found rosidl_generator_cpp: 4.6.5 (/opt/ros/jazzy/share/rosidl_generator_cpp/cmake)
[3.916s] -- Using all available rosidl_typesupport_c: rosidl_typesupport_fastrtps_c;rosidl_typesupport_introspection_c
[3.953s] -- Using all available rosidl_typesupport_cpp: rosidl_typesupport_fastrtps_cpp;rosidl_typesupport_introspection_cpp
[4.145s] -- Found rmw_implementation_cmake: 7.3.2 (/opt/ros/jazzy/share/rmw_implementation_cmake/cmake)
[4.154s] -- Found rmw_fastrtps_cpp: 8.4.2 (/opt/ros/jazzy/share/rmw_fastrtps_cpp/cmake)
[4.418s] -- Found OpenSSL: /usr/lib/aarch64-linux-gnu/libcrypto.so (found version "3.0.13")  
[4.467s] -- Found FastRTPS: /opt/ros/jazzy/include (Required is at least version "2.13") 
[4.590s] -- Using RMW implementation 'rmw_fastrtps_cpp' as default
[4.941s] -- Found rclcpp_lifecycle: 28.1.9 (/opt/ros/jazzy/share/rclcpp_lifecycle/cmake)
[5.030s] -- Found mocap4r2_msgs: 0.0.3 (/home/strain-drone/Documents/drone_position_hold/ros2_ws/src/install/mocap4r2_msgs/share/mocap4r2_msgs/cmake)
[5.193s] -- Found mocap4r2_control: 0.0.7 (/home/strain-drone/Documents/drone_position_hold/ros2_ws/src/install/mocap4r2_control/share/mocap4r2_control/cmake)
[5.269s] -- Found ament_lint_auto: 0.17.2 (/opt/ros/jazzy/share/ament_lint_auto/cmake)
[5.631s] -- Added test 'copyright' to check source files copyright and LICENSE
[5.635s] -- Added test 'cppcheck' to perform static code analysis on C / C++ code
[5.636s] -- Configured cppcheck include dirs: /home/strain-drone/Documents/drone_position_hold/ros2_ws/src/mocap4r2/mocap4r2_dummy_driver/include
[5.637s] -- Configured cppcheck exclude dirs and/or files: 
[5.640s] -- Added test 'cpplint' to check C / C++ code against the Google style
[5.641s] -- Configured cpplint exclude dirs and/or files: 
[5.643s] -- Added test 'flake8' to check Python code syntax and style conventions
[5.644s] -- Configured 'flake8' exclude dirs and/or files: 
[5.648s] -- Added test 'lint_cmake' to check CMake code style
[5.652s] -- Added test 'pep257' to check Python code against some of the docstring style conventions in PEP 257
[5.653s] -- Added test 'uncrustify' to check C / C++ code style
[5.654s] -- Configured uncrustify additional arguments: 
[5.656s] -- Added test 'xmllint' to check XML markup files
[5.665s] -- Configuring done (5.5s)
[5.775s] -- Generating done (0.1s)
[5.786s] -- Build files have been written to: /home/strain-drone/Documents/drone_position_hold/ros2_ws/src/build/mocap4r2_dummy_driver
[5.827s] Invoked command in '/home/strain-drone/Documents/drone_position_hold/ros2_ws/src/build/mocap4r2_dummy_driver' returned '0': AMENT_PREFIX_PATH=/home/strain-drone/Documents/drone_position_hold/ros2_ws/src/install/mocap4r2_control:/home/strain-drone/Documents/drone_position_hold/ros2_ws/src/install/mocap4r2_msgs:/home/strain-drone/Documents/drone_position_hold/ros2_ws/src/install/mocap4r2_control_msgs:${AMENT_PREFIX_PATH} CMAKE_PREFIX_PATH=/home/strain-drone/Documents/drone_position_hold/ros2_ws/src/install/mocap4r2_control:/home/strain-drone/Documents/drone_position_hold/ros2_ws/src/install/mocap4r2_msgs:/home/strain-drone/Documents/drone_position_hold/ros2_ws/src/install/mocap4r2_control_msgs:/opt/ros/jazzy/opt/gz_math_vendor:/opt/ros/jazzy/opt/gz_utils_vendor:/opt/ros/jazzy/opt/gz_cmake_vendor:/opt/ros/jazzy DEBUGINFOD_URLS=https://debuginfod.ubuntu.com LD_LIBRARY_PATH=/home/strain-drone/Documents/drone_position_hold/ros2_ws/src/install/mocap4r2_control/lib:/home/strain-drone/Documents/drone_position_hold/ros2_ws/src/install/mocap4r2_msgs/lib:/home/strain-drone/Documents/drone_position_hold/ros2_ws/src/install/mocap4r2_control_msgs/lib:${LD_LIBRARY_PATH} PYTHONPATH=/home/strain-drone/Documents/drone_position_hold/ros2_ws/src/install/mocap4r2_msgs/lib/python3.12/site-packages:/home/strain-drone/Documents/drone_position_hold/ros2_ws/src/install/mocap4r2_control_msgs/lib/python3.12/site-packages:${PYTHONPATH} VIRTUAL_ENV_PROMPT=(venv-ardupilot) /usr/bin/cmake /home/strain-drone/Documents/drone_position_hold/ros2_ws/src/mocap4r2/mocap4r2_dummy_driver -DCMAKE_INSTALL_PREFIX=/home/strain-drone/Documents/drone_position_hold/ros2_ws/src/install/mocap4r2_dummy_driver
[5.833s] Invoking command in '/home/strain-drone/Documents/drone_position_hold/ros2_ws/src/build/mocap4r2_dummy_driver': AMENT_PREFIX_PATH=/home/strain-drone/Documents/drone_position_hold/ros2_ws/src/install/mocap4r2_control:/home/strain-drone/Documents/drone_position_hold/ros2_ws/src/install/mocap4r2_msgs:/home/strain-drone/Documents/drone_position_hold/ros2_ws/src/install/mocap4r2_control_msgs:${AMENT_PREFIX_PATH} CMAKE_PREFIX_PATH=/home/strain-drone/Documents/drone_position_hold/ros2_ws/src/install/mocap4r2_control:/home/strain-drone/Documents/drone_position_hold/ros2_ws/src/install/mocap4r2_msgs:/home/strain-drone/Documents/drone_position_hold/ros2_ws/src/install/mocap4r2_control_msgs:/opt/ros/jazzy/opt/gz_math_vendor:/opt/ros/jazzy/opt/gz_utils_vendor:/opt/ros/jazzy/opt/gz_cmake_vendor:/opt/ros/jazzy DEBUGINFOD_URLS=https://debuginfod.ubuntu.com LD_LIBRARY_PATH=/home/strain-drone/Documents/drone_position_hold/ros2_ws/src/install/mocap4r2_control/lib:/home/strain-drone/Documents/drone_position_hold/ros2_ws/src/install/mocap4r2_msgs/lib:/home/strain-drone/Documents/drone_position_hold/ros2_ws/src/install/mocap4r2_control_msgs/lib:${LD_LIBRARY_PATH} PYTHONPATH=/home/strain-drone/Documents/drone_position_hold/ros2_ws/src/install/mocap4r2_msgs/lib/python3.12/site-packages:/home/strain-drone/Documents/drone_position_hold/ros2_ws/src/install/mocap4r2_control_msgs/lib/python3.12/site-packages:${PYTHONPATH} VIRTUAL_ENV_PROMPT=(venv-ardupilot) /usr/bin/cmake --build /home/strain-drone/Documents/drone_position_hold/ros2_ws/src/build/mocap4r2_dummy_driver -- -j4 -l4
[6.004s] [ 25%] [32mBuilding CXX object CMakeFiles/mocap4r2_dummy_driver.dir/src/mocap4r2_dummy_driver/mocap4r2_dummy_driver.cpp.o[0m
[6.055s] [ 50%] [32m[1mLinking CXX static library libmocap4r2_dummy_driver.a[0m
[6.425s] [ 50%] Built target mocap4r2_dummy_driver
[6.478s] [ 75%] [32mBuilding CXX object CMakeFiles/mocap4r2_dummy_driver_main.dir/src/mocap4r2_dummy_driver_main.cpp.o[0m
[6.514s] [100%] [32m[1mLinking CXX executable mocap4r2_dummy_driver_main[0m
[8.236s] [100%] Built target mocap4r2_dummy_driver_main
[8.316s] Invoked command in '/home/strain-drone/Documents/drone_position_hold/ros2_ws/src/build/mocap4r2_dummy_driver' returned '0': AMENT_PREFIX_PATH=/home/strain-drone/Documents/drone_position_hold/ros2_ws/src/install/mocap4r2_control:/home/strain-drone/Documents/drone_position_hold/ros2_ws/src/install/mocap4r2_msgs:/home/strain-drone/Documents/drone_position_hold/ros2_ws/src/install/mocap4r2_control_msgs:${AMENT_PREFIX_PATH} CMAKE_PREFIX_PATH=/home/strain-drone/Documents/drone_position_hold/ros2_ws/src/install/mocap4r2_control:/home/strain-drone/Documents/drone_position_hold/ros2_ws/src/install/mocap4r2_msgs:/home/strain-drone/Documents/drone_position_hold/ros2_ws/src/install/mocap4r2_control_msgs:/opt/ros/jazzy/opt/gz_math_vendor:/opt/ros/jazzy/opt/gz_utils_vendor:/opt/ros/jazzy/opt/gz_cmake_vendor:/opt/ros/jazzy DEBUGINFOD_URLS=https://debuginfod.ubuntu.com LD_LIBRARY_PATH=/home/strain-drone/Documents/drone_position_hold/ros2_ws/src/install/mocap4r2_control/lib:/home/strain-drone/Documents/drone_position_hold/ros2_ws/src/install/mocap4r2_msgs/lib:/home/strain-drone/Documents/drone_position_hold/ros2_ws/src/install/mocap4r2_control_msgs/lib:${LD_LIBRARY_PATH} PYTHONPATH=/home/strain-drone/Documents/drone_position_hold/ros2_ws/src/install/mocap4r2_msgs/lib/python3.12/site-packages:/home/strain-drone/Documents/drone_position_hold/ros2_ws/src/install/mocap4r2_control_msgs/lib/python3.12/site-packages:${PYTHONPATH} VIRTUAL_ENV_PROMPT=(venv-ardupilot) /usr/bin/cmake --build /home/strain-drone/Documents/drone_position_hold/ros2_ws/src/build/mocap4r2_dummy_driver -- -j4 -l4
[8.320s] Invoking command in '/home/strain-drone/Documents/drone_position_hold/ros2_ws/src/build/mocap4r2_dummy_driver': AMENT_PREFIX_PATH=/home/strain-drone/Documents/drone_position_hold/ros2_ws/src/install/mocap4r2_control:/home/strain-drone/Documents/drone_position_hold/ros2_ws/src/install/mocap4r2_msgs:/home/strain-drone/Documents/drone_position_hold/ros2_ws/src/install/mocap4r2_control_msgs:${AMENT_PREFIX_PATH} CMAKE_PREFIX_PATH=/home/strain-drone/Documents/drone_position_hold/ros2_ws/src/install/mocap4r2_control:/home/strain-drone/Documents/drone_position_hold/ros2_ws/src/install/mocap4r2_msgs:/home/strain-drone/Documents/drone_position_hold/ros2_ws/src/install/mocap4r2_control_msgs:/opt/ros/jazzy/opt/gz_math_vendor:/opt/ros/jazzy/opt/gz_utils_vendor:/opt/ros/jazzy/opt/gz_cmake_vendor:/opt/ros/jazzy DEBUGINFOD_URLS=https://debuginfod.ubuntu.com LD_LIBRARY_PATH=/home/strain-drone/Documents/drone_position_hold/ros2_ws/src/install/mocap4r2_control/lib:/home/strain-drone/Documents/drone_position_hold/ros2_ws/src/install/mocap4r2_msgs/lib:/home/strain-drone/Documents/drone_position_hold/ros2_ws/src/install/mocap4r2_control_msgs/lib:${LD_LIBRARY_PATH} PYTHONPATH=/home/strain-drone/Documents/drone_position_hold/ros2_ws/src/install/mocap4r2_msgs/lib/python3.12/site-packages:/home/strain-drone/Documents/drone_position_hold/ros2_ws/src/install/mocap4r2_control_msgs/lib/python3.12/site-packages:${PYTHONPATH} VIRTUAL_ENV_PROMPT=(venv-ardupilot) /usr/bin/cmake --install /home/strain-drone/Documents/drone_position_hold/ros2_ws/src/build/mocap4r2_dummy_driver
[8.341s] -- Install configuration: ""
[8.342s] -- Installing: /home/strain-drone/Documents/drone_position_hold/ros2_ws/src/install/mocap4r2_dummy_driver/share/mocap4r2_dummy_driver/launch
[8.348s] -- Installing: /home/strain-drone/Documents/drone_position_hold/ros2_ws/src/install/mocap4r2_dummy_driver/share/mocap4r2_dummy_driver/launch/dummy.launch.py
[8.348s] -- Installing: /home/strain-drone/Documents/drone_position_hold/ros2_ws/src/install/mocap4r2_dummy_driver/lib/libmocap4r2_dummy_driver.a
[8.355s] -- Installing: /home/strain-drone/Documents/drone_position_hold/ros2_ws/src/install/mocap4r2_dummy_driver/lib/mocap4r2_dummy_driver/mocap4r2_dummy_driver_main
[8.359s] -- Set non-toolchain portion of runtime path of "/home/strain-drone/Documents/drone_position_hold/ros2_ws/src/install/mocap4r2_dummy_driver/lib/mocap4r2_dummy_driver/mocap4r2_dummy_driver_main" to ""
[8.359s] -- Installing: /home/strain-drone/Documents/drone_position_hold/ros2_ws/src/install/mocap4r2_dummy_driver/share/ament_index/resource_index/package_run_dependencies/mocap4r2_dummy_driver
[8.364s] -- Installing: /home/strain-drone/Documents/drone_position_hold/ros2_ws/src/install/mocap4r2_dummy_driver/share/ament_index/resource_index/parent_prefix_path/mocap4r2_dummy_driver
[8.364s] -- Installing: /home/strain-drone/Documents/drone_position_hold/ros2_ws/src/install/mocap4r2_dummy_driver/share/mocap4r2_dummy_driver/environment/ament_prefix_path.sh
[8.365s] -- Installing: /home/strain-drone/Documents/drone_position_hold/ros2_ws/src/install/mocap4r2_dummy_driver/share/mocap4r2_dummy_driver/environment/ament_prefix_path.dsv
[8.366s] -- Installing: /home/strain-drone/Documents/drone_position_hold/ros2_ws/src/install/mocap4r2_dummy_driver/share/mocap4r2_dummy_driver/environment/path.sh
[8.368s] -- Installing: /home/strain-drone/Documents/drone_position_hold/ros2_ws/src/install/mocap4r2_dummy_driver/share/mocap4r2_dummy_driver/environment/path.dsv
[8.369s] -- Installing: /home/strain-drone/Documents/drone_position_hold/ros2_ws/src/install/mocap4r2_dummy_driver/share/mocap4r2_dummy_driver/local_setup.bash
[8.370s] -- Installing: /home/strain-drone/Documents/drone_position_hold/ros2_ws/src/install/mocap4r2_dummy_driver/share/mocap4r2_dummy_driver/local_setup.sh
[8.370s] -- Installing: /home/strain-drone/Documents/drone_position_hold/ros2_ws/src/install/mocap4r2_dummy_driver/share/mocap4r2_dummy_driver/local_setup.zsh
[8.370s] -- Installing: /home/strain-drone/Documents/drone_position_hold/ros2_ws/src/install/mocap4r2_dummy_driver/share/mocap4r2_dummy_driver/local_setup.dsv
[8.370s] -- Installing: /home/strain-drone/Documents/drone_position_hold/ros2_ws/src/install/mocap4r2_dummy_driver/share/mocap4r2_dummy_driver/package.dsv
[8.370s] -- Installing: /home/strain-drone/Documents/drone_position_hold/ros2_ws/src/install/mocap4r2_dummy_driver/share/ament_index/resource_index/packages/mocap4r2_dummy_driver
[8.370s] -- Installing: /home/strain-drone/Documents/drone_position_hold/ros2_ws/src/install/mocap4r2_dummy_driver/share/mocap4r2_dummy_driver/cmake/ament_cmake_export_dependencies-extras.cmake
[8.370s] -- Installing: /home/strain-drone/Documents/drone_position_hold/ros2_ws/src/install/mocap4r2_dummy_driver/share/mocap4r2_dummy_driver/cmake/mocap4r2_dummy_driverConfig.cmake
[8.371s] -- Installing: /home/strain-drone/Documents/drone_position_hold/ros2_ws/src/install/mocap4r2_dummy_driver/share/mocap4r2_dummy_driver/cmake/mocap4r2_dummy_driverConfig-version.cmake
[8.372s] -- Installing: /home/strain-drone/Documents/drone_position_hold/ros2_ws/src/install/mocap4r2_dummy_driver/share/mocap4r2_dummy_driver/package.xml
[8.378s] Invoked command in '/home/strain-drone/Documents/drone_position_hold/ros2_ws/src/build/mocap4r2_dummy_driver' returned '0': AMENT_PREFIX_PATH=/home/strain-drone/Documents/drone_position_hold/ros2_ws/src/install/mocap4r2_control:/home/strain-drone/Documents/drone_position_hold/ros2_ws/src/install/mocap4r2_msgs:/home/strain-drone/Documents/drone_position_hold/ros2_ws/src/install/mocap4r2_control_msgs:${AMENT_PREFIX_PATH} CMAKE_PREFIX_PATH=/home/strain-drone/Documents/drone_position_hold/ros2_ws/src/install/mocap4r2_control:/home/strain-drone/Documents/drone_position_hold/ros2_ws/src/install/mocap4r2_msgs:/home/strain-drone/Documents/drone_position_hold/ros2_ws/src/install/mocap4r2_control_msgs:/opt/ros/jazzy/opt/gz_math_vendor:/opt/ros/jazzy/opt/gz_utils_vendor:/opt/ros/jazzy/opt/gz_cmake_vendor:/opt/ros/jazzy DEBUGINFOD_URLS=https://debuginfod.ubuntu.com LD_LIBRARY_PATH=/home/strain-drone/Documents/drone_position_hold/ros2_ws/src/install/mocap4r2_control/lib:/home/strain-drone/Documents/drone_position_hold/ros2_ws/src/install/mocap4r2_msgs/lib:/home/strain-drone/Documents/drone_position_hold/ros2_ws/src/install/mocap4r2_control_msgs/lib:${LD_LIBRARY_PATH} PYTHONPATH=/home/strain-drone/Documents/drone_position_hold/ros2_ws/src/install/mocap4r2_msgs/lib/python3.12/site-packages:/home/strain-drone/Documents/drone_position_hold/ros2_ws/src/install/mocap4r2_control_msgs/lib/python3.12/site-packages:${PYTHONPATH} VIRTUAL_ENV_PROMPT=(venv-ardupilot) /usr/bin/cmake --install /home/strain-drone/Documents/drone_position_hold/ros2_ws/src/build/mocap4r2_dummy_driver
