[0.392s] Invoking command in '/home/strain-drone/Documents/drone_position_hold/ros2_ws/src/build/mocap4r2_control': AMENT_PREFIX_PATH=/home/strain-drone/Documents/drone_position_hold/ros2_ws/src/install/mocap4r2_control_msgs:${AMENT_PREFIX_PATH} CMAKE_PREFIX_PATH=/home/strain-drone/Documents/drone_position_hold/ros2_ws/src/install/mocap4r2_control_msgs:/opt/ros/jazzy/opt/gz_math_vendor:/opt/ros/jazzy/opt/gz_utils_vendor:/opt/ros/jazzy/opt/gz_cmake_vendor:/opt/ros/jazzy DEBUGINFOD_URLS=https://debuginfod.ubuntu.com LD_LIBRARY_PATH=/home/strain-drone/Documents/drone_position_hold/ros2_ws/src/install/mocap4r2_control_msgs/lib:${LD_LIBRARY_PATH} PYTHONPATH=/home/strain-drone/Documents/drone_position_hold/ros2_ws/src/install/mocap4r2_control_msgs/lib/python3.12/site-packages:${PYTHONPATH} VIRTUAL_ENV_PROMPT=(venv-ardupilot) /usr/bin/cmake /home/strain-drone/Documents/drone_position_hold/ros2_ws/src/mocap4r2/mocap4r2_control/mocap4r2_control -DCMAKE_INSTALL_PREFIX=/home/strain-drone/Documents/drone_position_hold/ros2_ws/src/install/mocap4r2_control
[0.546s] -- The C compiler identification is GNU 13.3.0
[0.797s] -- The CXX compiler identification is GNU 13.3.0
[1.038s] -- Detecting C compiler ABI info
[1.337s] -- Detecting C compiler ABI info - done
[1.364s] -- Check for working C compiler: /usr/lib/ccache/cc - skipped
[1.366s] -- Detecting C compile features
[1.367s] -- Detecting C compile features - done
[1.410s] -- Detecting CXX compiler ABI info
[1.747s] -- Detecting CXX compiler ABI info - done
[1.747s] -- Check for working CXX compiler: /usr/lib/ccache/c++ - skipped
[1.747s] -- Detecting CXX compile features
[1.747s] -- Detecting CXX compile features - done
[1.750s] -- Found ament_cmake: 2.5.4 (/opt/ros/jazzy/share/ament_cmake/cmake)
[2.141s] -- Found Python3: /home/strain-drone/venv-ardupilot/bin/python3 (found version "3.12.3") found components: Interpreter 
[2.399s] -- Found rclcpp: 28.1.9 (/opt/ros/jazzy/share/rclcpp/cmake)
[2.477s] -- Found rosidl_generator_c: 4.6.5 (/opt/ros/jazzy/share/rosidl_generator_c/cmake)
[2.502s] -- Found rosidl_generator_cpp: 4.6.5 (/opt/ros/jazzy/share/rosidl_generator_cpp/cmake)
[2.533s] -- Using all available rosidl_typesupport_c: rosidl_typesupport_fastrtps_c;rosidl_typesupport_introspection_c
[2.568s] -- Using all available rosidl_typesupport_cpp: rosidl_typesupport_fastrtps_cpp;rosidl_typesupport_introspection_cpp
[2.704s] -- Found rmw_implementation_cmake: 7.3.2 (/opt/ros/jazzy/share/rmw_implementation_cmake/cmake)
[2.708s] -- Found rmw_fastrtps_cpp: 8.4.2 (/opt/ros/jazzy/share/rmw_fastrtps_cpp/cmake)
[2.865s] -- Found OpenSSL: /usr/lib/aarch64-linux-gnu/libcrypto.so (found version "3.0.13")  
[2.901s] -- Found FastRTPS: /opt/ros/jazzy/include (Required is at least version "2.13") 
[2.947s] -- Using RMW implementation 'rmw_fastrtps_cpp' as default
[3.077s] -- Found rclcpp_lifecycle: 28.1.9 (/opt/ros/jazzy/share/rclcpp_lifecycle/cmake)
[3.131s] -- Found mocap4r2_control_msgs: 0.0.7 (/home/strain-drone/Documents/drone_position_hold/ros2_ws/src/install/mocap4r2_control_msgs/share/mocap4r2_control_msgs/cmake)
[3.231s] -- Found ament_lint_auto: 0.17.2 (/opt/ros/jazzy/share/ament_lint_auto/cmake)
[3.478s] -- Found gtest sources under '/opt/ros/jazzy/src/gtest_vendor': C++ tests using 'Google Test' will be built
[3.484s] -- Performing Test CMAKE_HAVE_LIBC_PTHREAD
[3.790s] -- Performing Test CMAKE_HAVE_LIBC_PTHREAD - Success
[3.796s] -- Found Threads: TRUE  
[3.823s] -- Added test 'copyright' to check source files copyright and LICENSE
[3.829s] -- Added test 'cppcheck' to perform static code analysis on C / C++ code
[3.829s] -- Configured cppcheck include dirs: /home/strain-drone/Documents/drone_position_hold/ros2_ws/src/mocap4r2/mocap4r2_control/mocap4r2_control/include
[3.830s] -- Configured cppcheck exclude dirs and/or files: 
[3.832s] -- Added test 'cpplint' to check C / C++ code against the Google style
[3.832s] -- Configured cpplint exclude dirs and/or files: 
[3.834s] -- Added test 'flake8' to check Python code syntax and style conventions
[3.834s] -- Configured 'flake8' exclude dirs and/or files: 
[3.836s] -- Added test 'lint_cmake' to check CMake code style
[3.841s] -- Added test 'pep257' to check Python code against some of the docstring style conventions in PEP 257
[3.842s] -- Added test 'uncrustify' to check C / C++ code style
[3.842s] -- Configured uncrustify additional arguments: 
[3.844s] -- Added test 'xmllint' to check XML markup files
[3.855s] -- Configuring done (3.5s)
[3.944s] -- Generating done (0.1s)
[3.973s] -- Build files have been written to: /home/strain-drone/Documents/drone_position_hold/ros2_ws/src/build/mocap4r2_control
[4.013s] Invoked command in '/home/strain-drone/Documents/drone_position_hold/ros2_ws/src/build/mocap4r2_control' returned '0': AMENT_PREFIX_PATH=/home/strain-drone/Documents/drone_position_hold/ros2_ws/src/install/mocap4r2_control_msgs:${AMENT_PREFIX_PATH} CMAKE_PREFIX_PATH=/home/strain-drone/Documents/drone_position_hold/ros2_ws/src/install/mocap4r2_control_msgs:/opt/ros/jazzy/opt/gz_math_vendor:/opt/ros/jazzy/opt/gz_utils_vendor:/opt/ros/jazzy/opt/gz_cmake_vendor:/opt/ros/jazzy DEBUGINFOD_URLS=https://debuginfod.ubuntu.com LD_LIBRARY_PATH=/home/strain-drone/Documents/drone_position_hold/ros2_ws/src/install/mocap4r2_control_msgs/lib:${LD_LIBRARY_PATH} PYTHONPATH=/home/strain-drone/Documents/drone_position_hold/ros2_ws/src/install/mocap4r2_control_msgs/lib/python3.12/site-packages:${PYTHONPATH} VIRTUAL_ENV_PROMPT=(venv-ardupilot) /usr/bin/cmake /home/strain-drone/Documents/drone_position_hold/ros2_ws/src/mocap4r2/mocap4r2_control/mocap4r2_control -DCMAKE_INSTALL_PREFIX=/home/strain-drone/Documents/drone_position_hold/ros2_ws/src/install/mocap4r2_control
[4.014s] Invoking command in '/home/strain-drone/Documents/drone_position_hold/ros2_ws/src/build/mocap4r2_control': AMENT_PREFIX_PATH=/home/strain-drone/Documents/drone_position_hold/ros2_ws/src/install/mocap4r2_control_msgs:${AMENT_PREFIX_PATH} CMAKE_PREFIX_PATH=/home/strain-drone/Documents/drone_position_hold/ros2_ws/src/install/mocap4r2_control_msgs:/opt/ros/jazzy/opt/gz_math_vendor:/opt/ros/jazzy/opt/gz_utils_vendor:/opt/ros/jazzy/opt/gz_cmake_vendor:/opt/ros/jazzy DEBUGINFOD_URLS=https://debuginfod.ubuntu.com LD_LIBRARY_PATH=/home/strain-drone/Documents/drone_position_hold/ros2_ws/src/install/mocap4r2_control_msgs/lib:${LD_LIBRARY_PATH} PYTHONPATH=/home/strain-drone/Documents/drone_position_hold/ros2_ws/src/install/mocap4r2_control_msgs/lib/python3.12/site-packages:${PYTHONPATH} VIRTUAL_ENV_PROMPT=(venv-ardupilot) /usr/bin/cmake --build /home/strain-drone/Documents/drone_position_hold/ros2_ws/src/build/mocap4r2_control -- -j4 -l4
[4.181s] [  7%] [32mBuilding CXX object CMakeFiles/mocap4r2_control.dir/src/mocap4r2_control/ControlledLifecycleNode.cpp.o[0m
[4.186s] [ 14%] [32mBuilding CXX object gtest/CMakeFiles/gtest_main.dir/src/gtest_main.cc.o[0m
[4.191s] [ 21%] [32mBuilding CXX object gtest/CMakeFiles/gtest.dir/src/gtest-all.cc.o[0m
[4.194s] [ 28%] [32mBuilding CXX object CMakeFiles/mocap4r2_control.dir/src/mocap4r2_control/ControllerNode.cpp.o[0m
[4.252s] [ 35%] [32m[1mLinking CXX static library libgtest_main.a[0m
[4.292s] [ 42%] [32m[1mLinking CXX static library libgtest.a[0m
[4.332s] [ 50%] [32mBuilding CXX object CMakeFiles/mocap4r2_control.dir/src/mocap4r2_control/AuxiliarNode.cpp.o[0m
[4.424s] [ 57%] [32m[1mLinking CXX shared library libmocap4r2_control.so[0m
[4.427s] [ 57%] Built target gtest_main
[4.692s] [ 57%] Built target gtest
[5.957s] [ 57%] Built target mocap4r2_control
[6.017s] [ 64%] [32mBuilding CXX object CMakeFiles/auxiliar_main.dir/src/auxiliar_main.cpp.o[0m
[6.072s] [ 71%] [32mBuilding CXX object test/CMakeFiles/test_auxiliar.dir/test_auxiliar.cpp.o[0m
[6.076s] [ 78%] [32mBuilding CXX object test/CMakeFiles/test_control.dir/test_control.cpp.o[0m
[6.081s] [ 85%] [32m[1mLinking CXX executable auxiliar_main[0m
[6.243s] [ 92%] [32m[1mLinking CXX executable test_control[0m
[6.256s] [100%] [32m[1mLinking CXX executable test_auxiliar[0m
[8.729s] [100%] Built target auxiliar_main
[9.763s] [100%] Built target test_auxiliar
[10.267s] [100%] Built target test_control
[10.324s] Invoked command in '/home/strain-drone/Documents/drone_position_hold/ros2_ws/src/build/mocap4r2_control' returned '0': AMENT_PREFIX_PATH=/home/strain-drone/Documents/drone_position_hold/ros2_ws/src/install/mocap4r2_control_msgs:${AMENT_PREFIX_PATH} CMAKE_PREFIX_PATH=/home/strain-drone/Documents/drone_position_hold/ros2_ws/src/install/mocap4r2_control_msgs:/opt/ros/jazzy/opt/gz_math_vendor:/opt/ros/jazzy/opt/gz_utils_vendor:/opt/ros/jazzy/opt/gz_cmake_vendor:/opt/ros/jazzy DEBUGINFOD_URLS=https://debuginfod.ubuntu.com LD_LIBRARY_PATH=/home/strain-drone/Documents/drone_position_hold/ros2_ws/src/install/mocap4r2_control_msgs/lib:${LD_LIBRARY_PATH} PYTHONPATH=/home/strain-drone/Documents/drone_position_hold/ros2_ws/src/install/mocap4r2_control_msgs/lib/python3.12/site-packages:${PYTHONPATH} VIRTUAL_ENV_PROMPT=(venv-ardupilot) /usr/bin/cmake --build /home/strain-drone/Documents/drone_position_hold/ros2_ws/src/build/mocap4r2_control -- -j4 -l4
[10.324s] Invoking command in '/home/strain-drone/Documents/drone_position_hold/ros2_ws/src/build/mocap4r2_control': AMENT_PREFIX_PATH=/home/strain-drone/Documents/drone_position_hold/ros2_ws/src/install/mocap4r2_control_msgs:${AMENT_PREFIX_PATH} CMAKE_PREFIX_PATH=/home/strain-drone/Documents/drone_position_hold/ros2_ws/src/install/mocap4r2_control_msgs:/opt/ros/jazzy/opt/gz_math_vendor:/opt/ros/jazzy/opt/gz_utils_vendor:/opt/ros/jazzy/opt/gz_cmake_vendor:/opt/ros/jazzy DEBUGINFOD_URLS=https://debuginfod.ubuntu.com LD_LIBRARY_PATH=/home/strain-drone/Documents/drone_position_hold/ros2_ws/src/install/mocap4r2_control_msgs/lib:${LD_LIBRARY_PATH} PYTHONPATH=/home/strain-drone/Documents/drone_position_hold/ros2_ws/src/install/mocap4r2_control_msgs/lib/python3.12/site-packages:${PYTHONPATH} VIRTUAL_ENV_PROMPT=(venv-ardupilot) /usr/bin/cmake --install /home/strain-drone/Documents/drone_position_hold/ros2_ws/src/build/mocap4r2_control
[10.352s] -- Install configuration: ""
[10.352s] -- Installing: /home/strain-drone/Documents/drone_position_hold/ros2_ws/src/install/mocap4r2_control/include/
[10.352s] -- Installing: /home/strain-drone/Documents/drone_position_hold/ros2_ws/src/install/mocap4r2_control/include//mocap4r2_control
[10.352s] -- Installing: /home/strain-drone/Documents/drone_position_hold/ros2_ws/src/install/mocap4r2_control/include//mocap4r2_control/AuxiliarNode.hpp
[10.353s] -- Installing: /home/strain-drone/Documents/drone_position_hold/ros2_ws/src/install/mocap4r2_control/include//mocap4r2_control/ControlledLifecycleNode.hpp
[10.353s] -- Installing: /home/strain-drone/Documents/drone_position_hold/ros2_ws/src/install/mocap4r2_control/include//mocap4r2_control/ControllerNode.hpp
[10.353s] -- Installing: /home/strain-drone/Documents/drone_position_hold/ros2_ws/src/install/mocap4r2_control/share/mocap4r2_control/config
[10.353s] -- Installing: /home/strain-drone/Documents/drone_position_hold/ros2_ws/src/install/mocap4r2_control/share/mocap4r2_control/config/config_example.yaml
[10.353s] -- Installing: /home/strain-drone/Documents/drone_position_hold/ros2_ws/src/install/mocap4r2_control/share/mocap4r2_control/launch
[10.353s] -- Installing: /home/strain-drone/Documents/drone_position_hold/ros2_ws/src/install/mocap4r2_control/share/mocap4r2_control/launch/auxiliar.launch.py
[10.354s] -- Installing: /home/strain-drone/Documents/drone_position_hold/ros2_ws/src/install/mocap4r2_control/lib/libmocap4r2_control.so
[10.372s] -- Set non-toolchain portion of runtime path of "/home/strain-drone/Documents/drone_position_hold/ros2_ws/src/install/mocap4r2_control/lib/libmocap4r2_control.so" to ""
[10.372s] -- Installing: /home/strain-drone/Documents/drone_position_hold/ros2_ws/src/install/mocap4r2_control/lib/mocap4r2_control/auxiliar_main
[10.373s] -- Set non-toolchain portion of runtime path of "/home/strain-drone/Documents/drone_position_hold/ros2_ws/src/install/mocap4r2_control/lib/mocap4r2_control/auxiliar_main" to ""
[10.373s] -- Installing: /home/strain-drone/Documents/drone_position_hold/ros2_ws/src/install/mocap4r2_control/share/mocap4r2_control/environment/library_path.sh
[10.374s] -- Installing: /home/strain-drone/Documents/drone_position_hold/ros2_ws/src/install/mocap4r2_control/share/mocap4r2_control/environment/library_path.dsv
[10.374s] -- Installing: /home/strain-drone/Documents/drone_position_hold/ros2_ws/src/install/mocap4r2_control/share/ament_index/resource_index/package_run_dependencies/mocap4r2_control
[10.375s] -- Installing: /home/strain-drone/Documents/drone_position_hold/ros2_ws/src/install/mocap4r2_control/share/ament_index/resource_index/parent_prefix_path/mocap4r2_control
[10.376s] -- Installing: /home/strain-drone/Documents/drone_position_hold/ros2_ws/src/install/mocap4r2_control/share/mocap4r2_control/environment/ament_prefix_path.sh
[10.376s] -- Installing: /home/strain-drone/Documents/drone_position_hold/ros2_ws/src/install/mocap4r2_control/share/mocap4r2_control/environment/ament_prefix_path.dsv
[10.377s] -- Installing: /home/strain-drone/Documents/drone_position_hold/ros2_ws/src/install/mocap4r2_control/share/mocap4r2_control/environment/path.sh
[10.377s] -- Installing: /home/strain-drone/Documents/drone_position_hold/ros2_ws/src/install/mocap4r2_control/share/mocap4r2_control/environment/path.dsv
[10.377s] -- Installing: /home/strain-drone/Documents/drone_position_hold/ros2_ws/src/install/mocap4r2_control/share/mocap4r2_control/local_setup.bash
[10.377s] -- Installing: /home/strain-drone/Documents/drone_position_hold/ros2_ws/src/install/mocap4r2_control/share/mocap4r2_control/local_setup.sh
[10.377s] -- Installing: /home/strain-drone/Documents/drone_position_hold/ros2_ws/src/install/mocap4r2_control/share/mocap4r2_control/local_setup.zsh
[10.378s] -- Installing: /home/strain-drone/Documents/drone_position_hold/ros2_ws/src/install/mocap4r2_control/share/mocap4r2_control/local_setup.dsv
[10.378s] -- Installing: /home/strain-drone/Documents/drone_position_hold/ros2_ws/src/install/mocap4r2_control/share/mocap4r2_control/package.dsv
[10.378s] -- Installing: /home/strain-drone/Documents/drone_position_hold/ros2_ws/src/install/mocap4r2_control/share/ament_index/resource_index/packages/mocap4r2_control
[10.378s] -- Installing: /home/strain-drone/Documents/drone_position_hold/ros2_ws/src/install/mocap4r2_control/share/mocap4r2_control/cmake/ament_cmake_export_include_directories-extras.cmake
[10.378s] -- Installing: /home/strain-drone/Documents/drone_position_hold/ros2_ws/src/install/mocap4r2_control/share/mocap4r2_control/cmake/ament_cmake_export_libraries-extras.cmake
[10.378s] -- Installing: /home/strain-drone/Documents/drone_position_hold/ros2_ws/src/install/mocap4r2_control/share/mocap4r2_control/cmake/ament_cmake_export_dependencies-extras.cmake
[10.380s] -- Installing: /home/strain-drone/Documents/drone_position_hold/ros2_ws/src/install/mocap4r2_control/share/mocap4r2_control/cmake/mocap4r2_controlConfig.cmake
[10.380s] -- Installing: /home/strain-drone/Documents/drone_position_hold/ros2_ws/src/install/mocap4r2_control/share/mocap4r2_control/cmake/mocap4r2_controlConfig-version.cmake
[10.380s] -- Installing: /home/strain-drone/Documents/drone_position_hold/ros2_ws/src/install/mocap4r2_control/share/mocap4r2_control/package.xml
[10.383s] Invoked command in '/home/strain-drone/Documents/drone_position_hold/ros2_ws/src/build/mocap4r2_control' returned '0': AMENT_PREFIX_PATH=/home/strain-drone/Documents/drone_position_hold/ros2_ws/src/install/mocap4r2_control_msgs:${AMENT_PREFIX_PATH} CMAKE_PREFIX_PATH=/home/strain-drone/Documents/drone_position_hold/ros2_ws/src/install/mocap4r2_control_msgs:/opt/ros/jazzy/opt/gz_math_vendor:/opt/ros/jazzy/opt/gz_utils_vendor:/opt/ros/jazzy/opt/gz_cmake_vendor:/opt/ros/jazzy DEBUGINFOD_URLS=https://debuginfod.ubuntu.com LD_LIBRARY_PATH=/home/strain-drone/Documents/drone_position_hold/ros2_ws/src/install/mocap4r2_control_msgs/lib:${LD_LIBRARY_PATH} PYTHONPATH=/home/strain-drone/Documents/drone_position_hold/ros2_ws/src/install/mocap4r2_control_msgs/lib/python3.12/site-packages:${PYTHONPATH} VIRTUAL_ENV_PROMPT=(venv-ardupilot) /usr/bin/cmake --install /home/strain-drone/Documents/drone_position_hold/ros2_ws/src/build/mocap4r2_control
